ARM GAS  /tmp/ccpzRHtB.s 			page 1


   1              		.cpu cortex-m4
   2              		.arch armv7e-m
   3              		.fpu fpv4-sp-d16
   4              		.eabi_attribute 27, 1
   5              		.eabi_attribute 28, 1
   6              		.eabi_attribute 20, 1
   7              		.eabi_attribute 21, 1
   8              		.eabi_attribute 23, 3
   9              		.eabi_attribute 24, 1
  10              		.eabi_attribute 25, 1
  11              		.eabi_attribute 26, 1
  12              		.eabi_attribute 30, 6
  13              		.eabi_attribute 34, 1
  14              		.eabi_attribute 18, 4
  15              		.file	"stm32f4xx_hal_timebase_tim.c"
  16              		.text
  17              	.Ltext0:
  18              		.cfi_sections	.debug_frame
  19              		.file 1 "Core/Src/stm32f4xx_hal_timebase_tim.c"
  20              		.global	htim11
  21              		.section	.bss.htim11,"aw",%nobits
  22              		.align	2
  25              	htim11:
  26 0000 00000000 		.space	180
  26      00000000 
  26      00000000 
  26      00000000 
  26      00000000 
  27              		.section	.text.HAL_InitTick,"ax",%progbits
  28              		.align	1
  29              		.global	HAL_InitTick
  30              		.syntax unified
  31              		.thumb
  32              		.thumb_func
  34              	HAL_InitTick:
  35              	.LFB220:
   1:Core/Src/stm32f4xx_hal_timebase_tim.c **** /* USER CODE BEGIN Header */
   2:Core/Src/stm32f4xx_hal_timebase_tim.c **** /**
   3:Core/Src/stm32f4xx_hal_timebase_tim.c ****   ******************************************************************************
   4:Core/Src/stm32f4xx_hal_timebase_tim.c ****   * @file    stm32f4xx_hal_timebase_TIM.c
   5:Core/Src/stm32f4xx_hal_timebase_tim.c ****   * @brief   HAL time base based on the hardware TIM.
   6:Core/Src/stm32f4xx_hal_timebase_tim.c ****   ******************************************************************************
   7:Core/Src/stm32f4xx_hal_timebase_tim.c ****   * @attention
   8:Core/Src/stm32f4xx_hal_timebase_tim.c ****   *
   9:Core/Src/stm32f4xx_hal_timebase_tim.c ****   * Copyright (c) 2022 STMicroelectronics.
  10:Core/Src/stm32f4xx_hal_timebase_tim.c ****   * All rights reserved.
  11:Core/Src/stm32f4xx_hal_timebase_tim.c ****   *
  12:Core/Src/stm32f4xx_hal_timebase_tim.c ****   * This software is licensed under terms that can be found in the LICENSE file
  13:Core/Src/stm32f4xx_hal_timebase_tim.c ****   * in the root directory of this software component.
  14:Core/Src/stm32f4xx_hal_timebase_tim.c ****   * If no LICENSE file comes with this software, it is provided AS-IS.
  15:Core/Src/stm32f4xx_hal_timebase_tim.c ****   *
  16:Core/Src/stm32f4xx_hal_timebase_tim.c ****   ******************************************************************************
  17:Core/Src/stm32f4xx_hal_timebase_tim.c ****   */
  18:Core/Src/stm32f4xx_hal_timebase_tim.c **** /* USER CODE END Header */
  19:Core/Src/stm32f4xx_hal_timebase_tim.c **** 
  20:Core/Src/stm32f4xx_hal_timebase_tim.c **** /* Includes ------------------------------------------------------------------*/
  21:Core/Src/stm32f4xx_hal_timebase_tim.c **** #include "stm32f4xx_hal.h"
ARM GAS  /tmp/ccpzRHtB.s 			page 2


  22:Core/Src/stm32f4xx_hal_timebase_tim.c **** #include "stm32f4xx_hal_tim.h"
  23:Core/Src/stm32f4xx_hal_timebase_tim.c **** 
  24:Core/Src/stm32f4xx_hal_timebase_tim.c **** /* Private typedef -----------------------------------------------------------*/
  25:Core/Src/stm32f4xx_hal_timebase_tim.c **** /* Private define ------------------------------------------------------------*/
  26:Core/Src/stm32f4xx_hal_timebase_tim.c **** /* Private macro -------------------------------------------------------------*/
  27:Core/Src/stm32f4xx_hal_timebase_tim.c **** /* Private variables ---------------------------------------------------------*/
  28:Core/Src/stm32f4xx_hal_timebase_tim.c **** TIM_HandleTypeDef        htim11;
  29:Core/Src/stm32f4xx_hal_timebase_tim.c **** /* Private function prototypes -----------------------------------------------*/
  30:Core/Src/stm32f4xx_hal_timebase_tim.c ****  void TimeBase_TIM_PeriodElapsedCallback(TIM_HandleTypeDef *htim);
  31:Core/Src/stm32f4xx_hal_timebase_tim.c **** /* Private functions ---------------------------------------------------------*/
  32:Core/Src/stm32f4xx_hal_timebase_tim.c **** 
  33:Core/Src/stm32f4xx_hal_timebase_tim.c **** /**
  34:Core/Src/stm32f4xx_hal_timebase_tim.c ****   * @brief  This function configures the TIM11 as a time base source.
  35:Core/Src/stm32f4xx_hal_timebase_tim.c ****   *         The time source is configured  to have 1ms time base with a dedicated
  36:Core/Src/stm32f4xx_hal_timebase_tim.c ****   *         Tick interrupt priority.
  37:Core/Src/stm32f4xx_hal_timebase_tim.c ****   * @note   This function is called  automatically at the beginning of program after
  38:Core/Src/stm32f4xx_hal_timebase_tim.c ****   *         reset by HAL_Init() or at any time when clock is configured, by HAL_RCC_ClockConfig().
  39:Core/Src/stm32f4xx_hal_timebase_tim.c ****   * @param  TickPriority: Tick interrupt priority.
  40:Core/Src/stm32f4xx_hal_timebase_tim.c ****   * @retval HAL status
  41:Core/Src/stm32f4xx_hal_timebase_tim.c ****   */
  42:Core/Src/stm32f4xx_hal_timebase_tim.c **** HAL_StatusTypeDef HAL_InitTick(uint32_t TickPriority)
  43:Core/Src/stm32f4xx_hal_timebase_tim.c **** {
  36              		.loc 1 43 1
  37              		.cfi_startproc
  38              		@ args = 0, pretend = 0, frame = 48
  39              		@ frame_needed = 1, uses_anonymous_args = 0
  40 0000 80B5     		push	{r7, lr}
  41              	.LCFI0:
  42              		.cfi_def_cfa_offset 8
  43              		.cfi_offset 7, -8
  44              		.cfi_offset 14, -4
  45 0002 8CB0     		sub	sp, sp, #48
  46              	.LCFI1:
  47              		.cfi_def_cfa_offset 56
  48 0004 00AF     		add	r7, sp, #0
  49              	.LCFI2:
  50              		.cfi_def_cfa_register 7
  51 0006 7860     		str	r0, [r7, #4]
  44:Core/Src/stm32f4xx_hal_timebase_tim.c ****   RCC_ClkInitTypeDef    clkconfig;
  45:Core/Src/stm32f4xx_hal_timebase_tim.c ****   uint32_t              uwTimclock = 0U;
  52              		.loc 1 45 25
  53 0008 0023     		movs	r3, #0
  54 000a BB62     		str	r3, [r7, #40]
  46:Core/Src/stm32f4xx_hal_timebase_tim.c **** 
  47:Core/Src/stm32f4xx_hal_timebase_tim.c ****   uint32_t              uwPrescalerValue = 0U;
  55              		.loc 1 47 25
  56 000c 0023     		movs	r3, #0
  57 000e 7B62     		str	r3, [r7, #36]
  58              	.LBB2:
  48:Core/Src/stm32f4xx_hal_timebase_tim.c ****   uint32_t              pFLatency;
  49:Core/Src/stm32f4xx_hal_timebase_tim.c **** 
  50:Core/Src/stm32f4xx_hal_timebase_tim.c ****   HAL_StatusTypeDef     status;
  51:Core/Src/stm32f4xx_hal_timebase_tim.c **** 
  52:Core/Src/stm32f4xx_hal_timebase_tim.c ****   /* Enable TIM11 clock */
  53:Core/Src/stm32f4xx_hal_timebase_tim.c ****   __HAL_RCC_TIM11_CLK_ENABLE();
  59              		.loc 1 53 3
  60 0010 0023     		movs	r3, #0
ARM GAS  /tmp/ccpzRHtB.s 			page 3


  61 0012 BB60     		str	r3, [r7, #8]
  62 0014 304B     		ldr	r3, .L5
  63 0016 5B6C     		ldr	r3, [r3, #68]
  64 0018 2F4A     		ldr	r2, .L5
  65 001a 43F48023 		orr	r3, r3, #262144
  66 001e 5364     		str	r3, [r2, #68]
  67 0020 2D4B     		ldr	r3, .L5
  68 0022 5B6C     		ldr	r3, [r3, #68]
  69 0024 03F48023 		and	r3, r3, #262144
  70 0028 BB60     		str	r3, [r7, #8]
  71 002a BB68     		ldr	r3, [r7, #8]
  72              	.LBE2:
  54:Core/Src/stm32f4xx_hal_timebase_tim.c **** 
  55:Core/Src/stm32f4xx_hal_timebase_tim.c ****   /* Get clock configuration */
  56:Core/Src/stm32f4xx_hal_timebase_tim.c ****   HAL_RCC_GetClockConfig(&clkconfig, &pFLatency);
  73              		.loc 1 56 3
  74 002c 07F10C02 		add	r2, r7, #12
  75 0030 07F11003 		add	r3, r7, #16
  76 0034 1146     		mov	r1, r2
  77 0036 1846     		mov	r0, r3
  78 0038 FFF7FEFF 		bl	HAL_RCC_GetClockConfig
  57:Core/Src/stm32f4xx_hal_timebase_tim.c **** 
  58:Core/Src/stm32f4xx_hal_timebase_tim.c ****   /* Compute TIM11 clock */
  59:Core/Src/stm32f4xx_hal_timebase_tim.c ****       uwTimclock = HAL_RCC_GetPCLK2Freq();
  79              		.loc 1 59 20
  80 003c FFF7FEFF 		bl	HAL_RCC_GetPCLK2Freq
  81 0040 B862     		str	r0, [r7, #40]
  60:Core/Src/stm32f4xx_hal_timebase_tim.c **** 
  61:Core/Src/stm32f4xx_hal_timebase_tim.c ****   /* Compute the prescaler value to have TIM11 counter clock equal to 1MHz */
  62:Core/Src/stm32f4xx_hal_timebase_tim.c ****   uwPrescalerValue = (uint32_t) ((uwTimclock / 1000000U) - 1U);
  82              		.loc 1 62 46
  83 0042 BB6A     		ldr	r3, [r7, #40]
  84 0044 254A     		ldr	r2, .L5+4
  85 0046 A2FB0323 		umull	r2, r3, r2, r3
  86 004a 9B0C     		lsrs	r3, r3, #18
  87              		.loc 1 62 20
  88 004c 013B     		subs	r3, r3, #1
  89 004e 7B62     		str	r3, [r7, #36]
  63:Core/Src/stm32f4xx_hal_timebase_tim.c **** 
  64:Core/Src/stm32f4xx_hal_timebase_tim.c ****   /* Initialize TIM11 */
  65:Core/Src/stm32f4xx_hal_timebase_tim.c ****   htim11.Instance = TIM11;
  90              		.loc 1 65 19
  91 0050 234B     		ldr	r3, .L5+8
  92 0052 244A     		ldr	r2, .L5+12
  93 0054 1A60     		str	r2, [r3]
  66:Core/Src/stm32f4xx_hal_timebase_tim.c **** 
  67:Core/Src/stm32f4xx_hal_timebase_tim.c ****   /* Initialize TIMx peripheral as follow:
  68:Core/Src/stm32f4xx_hal_timebase_tim.c ****    * Period = [(TIM11CLK/1000) - 1]. to have a (1/1000) s time base.
  69:Core/Src/stm32f4xx_hal_timebase_tim.c ****    * Prescaler = (uwTimclock/1000000 - 1) to have a 1MHz counter clock.
  70:Core/Src/stm32f4xx_hal_timebase_tim.c ****    * ClockDivision = 0
  71:Core/Src/stm32f4xx_hal_timebase_tim.c ****    * Counter direction = Up
  72:Core/Src/stm32f4xx_hal_timebase_tim.c ****    */
  73:Core/Src/stm32f4xx_hal_timebase_tim.c ****   htim11.Init.Period = (1000000U / 1000U) - 1U;
  94              		.loc 1 73 22
  95 0056 224B     		ldr	r3, .L5+8
  96 0058 40F2E732 		movw	r2, #999
  97 005c DA60     		str	r2, [r3, #12]
ARM GAS  /tmp/ccpzRHtB.s 			page 4


  74:Core/Src/stm32f4xx_hal_timebase_tim.c ****   htim11.Init.Prescaler = uwPrescalerValue;
  98              		.loc 1 74 25
  99 005e 204A     		ldr	r2, .L5+8
 100 0060 7B6A     		ldr	r3, [r7, #36]
 101 0062 5360     		str	r3, [r2, #4]
  75:Core/Src/stm32f4xx_hal_timebase_tim.c ****   htim11.Init.ClockDivision = 0;
 102              		.loc 1 75 29
 103 0064 1E4B     		ldr	r3, .L5+8
 104 0066 0022     		movs	r2, #0
 105 0068 1A61     		str	r2, [r3, #16]
  76:Core/Src/stm32f4xx_hal_timebase_tim.c ****   htim11.Init.CounterMode = TIM_COUNTERMODE_UP;
 106              		.loc 1 76 27
 107 006a 1D4B     		ldr	r3, .L5+8
 108 006c 0022     		movs	r2, #0
 109 006e 9A60     		str	r2, [r3, #8]
  77:Core/Src/stm32f4xx_hal_timebase_tim.c ****   htim11.Init.AutoReloadPreload = TIM_AUTORELOAD_PRELOAD_DISABLE;
 110              		.loc 1 77 33
 111 0070 1B4B     		ldr	r3, .L5+8
 112 0072 0022     		movs	r2, #0
 113 0074 9A61     		str	r2, [r3, #24]
  78:Core/Src/stm32f4xx_hal_timebase_tim.c **** 
  79:Core/Src/stm32f4xx_hal_timebase_tim.c ****   status = HAL_TIM_Base_Init(&htim11);
 114              		.loc 1 79 12
 115 0076 1A48     		ldr	r0, .L5+8
 116 0078 FFF7FEFF 		bl	HAL_TIM_Base_Init
 117 007c 0346     		mov	r3, r0
 118 007e 87F82F30 		strb	r3, [r7, #47]
  80:Core/Src/stm32f4xx_hal_timebase_tim.c ****   if (status == HAL_OK)
 119              		.loc 1 80 6
 120 0082 97F82F30 		ldrb	r3, [r7, #47]	@ zero_extendqisi2
 121 0086 002B     		cmp	r3, #0
 122 0088 1BD1     		bne	.L2
  81:Core/Src/stm32f4xx_hal_timebase_tim.c ****   {
  82:Core/Src/stm32f4xx_hal_timebase_tim.c ****     /* Start the TIM time Base generation in interrupt mode */
  83:Core/Src/stm32f4xx_hal_timebase_tim.c ****     status = HAL_TIM_Base_Start_IT(&htim11);
 123              		.loc 1 83 14
 124 008a 1548     		ldr	r0, .L5+8
 125 008c FFF7FEFF 		bl	HAL_TIM_Base_Start_IT
 126 0090 0346     		mov	r3, r0
 127 0092 87F82F30 		strb	r3, [r7, #47]
  84:Core/Src/stm32f4xx_hal_timebase_tim.c ****     if (status == HAL_OK)
 128              		.loc 1 84 8
 129 0096 97F82F30 		ldrb	r3, [r7, #47]	@ zero_extendqisi2
 130 009a 002B     		cmp	r3, #0
 131 009c 11D1     		bne	.L2
  85:Core/Src/stm32f4xx_hal_timebase_tim.c ****     {
  86:Core/Src/stm32f4xx_hal_timebase_tim.c ****     /* Enable the TIM11 global Interrupt */
  87:Core/Src/stm32f4xx_hal_timebase_tim.c ****         HAL_NVIC_EnableIRQ(TIM1_TRG_COM_TIM11_IRQn);
 132              		.loc 1 87 9
 133 009e 1A20     		movs	r0, #26
 134 00a0 FFF7FEFF 		bl	HAL_NVIC_EnableIRQ
  88:Core/Src/stm32f4xx_hal_timebase_tim.c ****       /* Configure the SysTick IRQ priority */
  89:Core/Src/stm32f4xx_hal_timebase_tim.c ****       if (TickPriority < (1UL << __NVIC_PRIO_BITS))
 135              		.loc 1 89 10
 136 00a4 7B68     		ldr	r3, [r7, #4]
 137 00a6 0F2B     		cmp	r3, #15
 138 00a8 08D8     		bhi	.L3
ARM GAS  /tmp/ccpzRHtB.s 			page 5


  90:Core/Src/stm32f4xx_hal_timebase_tim.c ****       {
  91:Core/Src/stm32f4xx_hal_timebase_tim.c ****         /* Configure the TIM IRQ priority */
  92:Core/Src/stm32f4xx_hal_timebase_tim.c ****         HAL_NVIC_SetPriority(TIM1_TRG_COM_TIM11_IRQn, TickPriority, 0U);
 139              		.loc 1 92 9
 140 00aa 0022     		movs	r2, #0
 141 00ac 7968     		ldr	r1, [r7, #4]
 142 00ae 1A20     		movs	r0, #26
 143 00b0 FFF7FEFF 		bl	HAL_NVIC_SetPriority
  93:Core/Src/stm32f4xx_hal_timebase_tim.c ****         uwTickPrio = TickPriority;
 144              		.loc 1 93 20
 145 00b4 0C4A     		ldr	r2, .L5+16
 146 00b6 7B68     		ldr	r3, [r7, #4]
 147 00b8 1360     		str	r3, [r2]
 148 00ba 02E0     		b	.L2
 149              	.L3:
  94:Core/Src/stm32f4xx_hal_timebase_tim.c ****       }
  95:Core/Src/stm32f4xx_hal_timebase_tim.c ****       else
  96:Core/Src/stm32f4xx_hal_timebase_tim.c ****       {
  97:Core/Src/stm32f4xx_hal_timebase_tim.c ****         status = HAL_ERROR;
 150              		.loc 1 97 16
 151 00bc 0123     		movs	r3, #1
 152 00be 87F82F30 		strb	r3, [r7, #47]
 153              	.L2:
  98:Core/Src/stm32f4xx_hal_timebase_tim.c ****       }
  99:Core/Src/stm32f4xx_hal_timebase_tim.c ****     }
 100:Core/Src/stm32f4xx_hal_timebase_tim.c ****   }
 101:Core/Src/stm32f4xx_hal_timebase_tim.c **** 
 102:Core/Src/stm32f4xx_hal_timebase_tim.c ****   HAL_TIM_RegisterCallback(&htim11, HAL_TIM_PERIOD_ELAPSED_CB_ID, TimeBase_TIM_PeriodElapsedCallbac
 154              		.loc 1 102 3
 155 00c2 0A4A     		ldr	r2, .L5+20
 156 00c4 0E21     		movs	r1, #14
 157 00c6 0648     		ldr	r0, .L5+8
 158 00c8 FFF7FEFF 		bl	HAL_TIM_RegisterCallback
 103:Core/Src/stm32f4xx_hal_timebase_tim.c **** 
 104:Core/Src/stm32f4xx_hal_timebase_tim.c ****  /* Return function status */
 105:Core/Src/stm32f4xx_hal_timebase_tim.c ****   return status;
 159              		.loc 1 105 10
 160 00cc 97F82F30 		ldrb	r3, [r7, #47]	@ zero_extendqisi2
 106:Core/Src/stm32f4xx_hal_timebase_tim.c **** }
 161              		.loc 1 106 1
 162 00d0 1846     		mov	r0, r3
 163 00d2 3037     		adds	r7, r7, #48
 164              	.LCFI3:
 165              		.cfi_def_cfa_offset 8
 166 00d4 BD46     		mov	sp, r7
 167              	.LCFI4:
 168              		.cfi_def_cfa_register 13
 169              		@ sp needed
 170 00d6 80BD     		pop	{r7, pc}
 171              	.L6:
 172              		.align	2
 173              	.L5:
 174 00d8 00380240 		.word	1073887232
 175 00dc 83DE1B43 		.word	1125899907
 176 00e0 00000000 		.word	htim11
 177 00e4 00480140 		.word	1073825792
 178 00e8 00000000 		.word	uwTickPrio
ARM GAS  /tmp/ccpzRHtB.s 			page 6


 179 00ec 00000000 		.word	TimeBase_TIM_PeriodElapsedCallback
 180              		.cfi_endproc
 181              	.LFE220:
 183              		.section	.text.HAL_SuspendTick,"ax",%progbits
 184              		.align	1
 185              		.global	HAL_SuspendTick
 186              		.syntax unified
 187              		.thumb
 188              		.thumb_func
 190              	HAL_SuspendTick:
 191              	.LFB221:
 107:Core/Src/stm32f4xx_hal_timebase_tim.c **** 
 108:Core/Src/stm32f4xx_hal_timebase_tim.c **** /**
 109:Core/Src/stm32f4xx_hal_timebase_tim.c ****   * @brief  Suspend Tick increment.
 110:Core/Src/stm32f4xx_hal_timebase_tim.c ****   * @note   Disable the tick increment by disabling TIM11 update interrupt.
 111:Core/Src/stm32f4xx_hal_timebase_tim.c ****   * @param  None
 112:Core/Src/stm32f4xx_hal_timebase_tim.c ****   * @retval None
 113:Core/Src/stm32f4xx_hal_timebase_tim.c ****   */
 114:Core/Src/stm32f4xx_hal_timebase_tim.c **** void HAL_SuspendTick(void)
 115:Core/Src/stm32f4xx_hal_timebase_tim.c **** {
 192              		.loc 1 115 1
 193              		.cfi_startproc
 194              		@ args = 0, pretend = 0, frame = 0
 195              		@ frame_needed = 1, uses_anonymous_args = 0
 196              		@ link register save eliminated.
 197 0000 80B4     		push	{r7}
 198              	.LCFI5:
 199              		.cfi_def_cfa_offset 4
 200              		.cfi_offset 7, -4
 201 0002 00AF     		add	r7, sp, #0
 202              	.LCFI6:
 203              		.cfi_def_cfa_register 7
 116:Core/Src/stm32f4xx_hal_timebase_tim.c ****   /* Disable TIM11 update Interrupt */
 117:Core/Src/stm32f4xx_hal_timebase_tim.c ****   __HAL_TIM_DISABLE_IT(&htim11, TIM_IT_UPDATE);
 204              		.loc 1 117 3
 205 0004 054B     		ldr	r3, .L8
 206 0006 1B68     		ldr	r3, [r3]
 207 0008 DA68     		ldr	r2, [r3, #12]
 208 000a 044B     		ldr	r3, .L8
 209 000c 1B68     		ldr	r3, [r3]
 210 000e 22F00102 		bic	r2, r2, #1
 211 0012 DA60     		str	r2, [r3, #12]
 118:Core/Src/stm32f4xx_hal_timebase_tim.c **** }
 212              		.loc 1 118 1
 213 0014 00BF     		nop
 214 0016 BD46     		mov	sp, r7
 215              	.LCFI7:
 216              		.cfi_def_cfa_register 13
 217              		@ sp needed
 218 0018 80BC     		pop	{r7}
 219              	.LCFI8:
 220              		.cfi_restore 7
 221              		.cfi_def_cfa_offset 0
 222 001a 7047     		bx	lr
 223              	.L9:
 224              		.align	2
 225              	.L8:
ARM GAS  /tmp/ccpzRHtB.s 			page 7


 226 001c 00000000 		.word	htim11
 227              		.cfi_endproc
 228              	.LFE221:
 230              		.section	.text.HAL_ResumeTick,"ax",%progbits
 231              		.align	1
 232              		.global	HAL_ResumeTick
 233              		.syntax unified
 234              		.thumb
 235              		.thumb_func
 237              	HAL_ResumeTick:
 238              	.LFB222:
 119:Core/Src/stm32f4xx_hal_timebase_tim.c **** 
 120:Core/Src/stm32f4xx_hal_timebase_tim.c **** /**
 121:Core/Src/stm32f4xx_hal_timebase_tim.c ****   * @brief  Resume Tick increment.
 122:Core/Src/stm32f4xx_hal_timebase_tim.c ****   * @note   Enable the tick increment by Enabling TIM11 update interrupt.
 123:Core/Src/stm32f4xx_hal_timebase_tim.c ****   * @param  None
 124:Core/Src/stm32f4xx_hal_timebase_tim.c ****   * @retval None
 125:Core/Src/stm32f4xx_hal_timebase_tim.c ****   */
 126:Core/Src/stm32f4xx_hal_timebase_tim.c **** void HAL_ResumeTick(void)
 127:Core/Src/stm32f4xx_hal_timebase_tim.c **** {
 239              		.loc 1 127 1
 240              		.cfi_startproc
 241              		@ args = 0, pretend = 0, frame = 0
 242              		@ frame_needed = 1, uses_anonymous_args = 0
 243              		@ link register save eliminated.
 244 0000 80B4     		push	{r7}
 245              	.LCFI9:
 246              		.cfi_def_cfa_offset 4
 247              		.cfi_offset 7, -4
 248 0002 00AF     		add	r7, sp, #0
 249              	.LCFI10:
 250              		.cfi_def_cfa_register 7
 128:Core/Src/stm32f4xx_hal_timebase_tim.c ****   /* Enable TIM11 Update interrupt */
 129:Core/Src/stm32f4xx_hal_timebase_tim.c ****   __HAL_TIM_ENABLE_IT(&htim11, TIM_IT_UPDATE);
 251              		.loc 1 129 3
 252 0004 054B     		ldr	r3, .L11
 253 0006 1B68     		ldr	r3, [r3]
 254 0008 DA68     		ldr	r2, [r3, #12]
 255 000a 044B     		ldr	r3, .L11
 256 000c 1B68     		ldr	r3, [r3]
 257 000e 42F00102 		orr	r2, r2, #1
 258 0012 DA60     		str	r2, [r3, #12]
 130:Core/Src/stm32f4xx_hal_timebase_tim.c **** }
 259              		.loc 1 130 1
 260 0014 00BF     		nop
 261 0016 BD46     		mov	sp, r7
 262              	.LCFI11:
 263              		.cfi_def_cfa_register 13
 264              		@ sp needed
 265 0018 80BC     		pop	{r7}
 266              	.LCFI12:
 267              		.cfi_restore 7
 268              		.cfi_def_cfa_offset 0
 269 001a 7047     		bx	lr
 270              	.L12:
 271              		.align	2
 272              	.L11:
ARM GAS  /tmp/ccpzRHtB.s 			page 8


 273 001c 00000000 		.word	htim11
 274              		.cfi_endproc
 275              	.LFE222:
 277              		.section	.text.TimeBase_TIM_PeriodElapsedCallback,"ax",%progbits
 278              		.align	1
 279              		.global	TimeBase_TIM_PeriodElapsedCallback
 280              		.syntax unified
 281              		.thumb
 282              		.thumb_func
 284              	TimeBase_TIM_PeriodElapsedCallback:
 285              	.LFB223:
 131:Core/Src/stm32f4xx_hal_timebase_tim.c **** 
 132:Core/Src/stm32f4xx_hal_timebase_tim.c ****  /**
 133:Core/Src/stm32f4xx_hal_timebase_tim.c ****   * @brief  Period elapsed callback in non blocking mode
 134:Core/Src/stm32f4xx_hal_timebase_tim.c ****   * @note   This function is called  when TIM6 interrupt took place, inside
 135:Core/Src/stm32f4xx_hal_timebase_tim.c ****   * HAL_TIM_IRQHandler(). It makes a direct call to HAL_IncTick() to increment
 136:Core/Src/stm32f4xx_hal_timebase_tim.c ****   * a global variable "uwTick" used as application time base.
 137:Core/Src/stm32f4xx_hal_timebase_tim.c ****   * @param  htim TIM handle
 138:Core/Src/stm32f4xx_hal_timebase_tim.c ****   * @retval None
 139:Core/Src/stm32f4xx_hal_timebase_tim.c ****   */
 140:Core/Src/stm32f4xx_hal_timebase_tim.c **** 
 141:Core/Src/stm32f4xx_hal_timebase_tim.c **** void TimeBase_TIM_PeriodElapsedCallback(TIM_HandleTypeDef *htim)
 142:Core/Src/stm32f4xx_hal_timebase_tim.c **** {
 286              		.loc 1 142 1
 287              		.cfi_startproc
 288              		@ args = 0, pretend = 0, frame = 8
 289              		@ frame_needed = 1, uses_anonymous_args = 0
 290 0000 80B5     		push	{r7, lr}
 291              	.LCFI13:
 292              		.cfi_def_cfa_offset 8
 293              		.cfi_offset 7, -8
 294              		.cfi_offset 14, -4
 295 0002 82B0     		sub	sp, sp, #8
 296              	.LCFI14:
 297              		.cfi_def_cfa_offset 16
 298 0004 00AF     		add	r7, sp, #0
 299              	.LCFI15:
 300              		.cfi_def_cfa_register 7
 301 0006 7860     		str	r0, [r7, #4]
 143:Core/Src/stm32f4xx_hal_timebase_tim.c ****   /* Prevent unused argument(s) compilation warning */
 144:Core/Src/stm32f4xx_hal_timebase_tim.c ****   UNUSED(htim);
 145:Core/Src/stm32f4xx_hal_timebase_tim.c **** 
 146:Core/Src/stm32f4xx_hal_timebase_tim.c ****   HAL_IncTick();
 302              		.loc 1 146 3
 303 0008 FFF7FEFF 		bl	HAL_IncTick
 147:Core/Src/stm32f4xx_hal_timebase_tim.c **** }
 304              		.loc 1 147 1
 305 000c 00BF     		nop
 306 000e 0837     		adds	r7, r7, #8
 307              	.LCFI16:
 308              		.cfi_def_cfa_offset 8
 309 0010 BD46     		mov	sp, r7
 310              	.LCFI17:
 311              		.cfi_def_cfa_register 13
 312              		@ sp needed
 313 0012 80BD     		pop	{r7, pc}
 314              		.cfi_endproc
ARM GAS  /tmp/ccpzRHtB.s 			page 9


 315              	.LFE223:
 317              		.text
 318              	.Letext0:
 319              		.file 2 "Drivers/CMSIS/Device/ST/STM32F4xx/Include/stm32f411xe.h"
 320              		.file 3 "/home/fabio/arm-gnu-toolchain-15.2.rel1-x86_64-arm-none-eabi/arm-none-eabi/include/machin
 321              		.file 4 "/home/fabio/arm-gnu-toolchain-15.2.rel1-x86_64-arm-none-eabi/arm-none-eabi/include/sys/_s
 322              		.file 5 "Drivers/STM32F4xx_HAL_Driver/Inc/stm32f4xx_hal_def.h"
 323              		.file 6 "Drivers/STM32F4xx_HAL_Driver/Inc/stm32f4xx_hal_rcc.h"
 324              		.file 7 "Drivers/STM32F4xx_HAL_Driver/Inc/stm32f4xx_hal_dma.h"
 325              		.file 8 "Drivers/STM32F4xx_HAL_Driver/Inc/stm32f4xx_hal_tim.h"
 326              		.file 9 "Drivers/STM32F4xx_HAL_Driver/Inc/stm32f4xx_hal.h"
 327              		.file 10 "Drivers/STM32F4xx_HAL_Driver/Inc/stm32f4xx_hal_cortex.h"
ARM GAS  /tmp/ccpzRHtB.s 			page 10


DEFINED SYMBOLS
                            *ABS*:00000000 stm32f4xx_hal_timebase_tim.c
     /tmp/ccpzRHtB.s:25     .bss.htim11:00000000 htim11
     /tmp/ccpzRHtB.s:22     .bss.htim11:00000000 $d
     /tmp/ccpzRHtB.s:28     .text.HAL_InitTick:00000000 $t
     /tmp/ccpzRHtB.s:34     .text.HAL_InitTick:00000000 HAL_InitTick
     /tmp/ccpzRHtB.s:174    .text.HAL_InitTick:000000d8 $d
     /tmp/ccpzRHtB.s:284    .text.TimeBase_TIM_PeriodElapsedCallback:00000000 TimeBase_TIM_PeriodElapsedCallback
     /tmp/ccpzRHtB.s:184    .text.HAL_SuspendTick:00000000 $t
     /tmp/ccpzRHtB.s:190    .text.HAL_SuspendTick:00000000 HAL_SuspendTick
     /tmp/ccpzRHtB.s:226    .text.HAL_SuspendTick:0000001c $d
     /tmp/ccpzRHtB.s:231    .text.HAL_ResumeTick:00000000 $t
     /tmp/ccpzRHtB.s:237    .text.HAL_ResumeTick:00000000 HAL_ResumeTick
     /tmp/ccpzRHtB.s:273    .text.HAL_ResumeTick:0000001c $d
     /tmp/ccpzRHtB.s:278    .text.TimeBase_TIM_PeriodElapsedCallback:00000000 $t

UNDEFINED SYMBOLS
HAL_RCC_GetClockConfig
HAL_RCC_GetPCLK2Freq
HAL_TIM_Base_Init
HAL_TIM_Base_Start_IT
HAL_NVIC_EnableIRQ
HAL_NVIC_SetPriority
HAL_TIM_RegisterCallback
uwTickPrio
HAL_IncTick
