ARM GAS  /tmp/ccJHveBQ.s 			page 1


   1              		.cpu cortex-m4
   2              		.arch armv7e-m
   3              		.fpu fpv4-sp-d16
   4              		.eabi_attribute 27, 1
   5              		.eabi_attribute 28, 1
   6              		.eabi_attribute 20, 1
   7              		.eabi_attribute 21, 1
   8              		.eabi_attribute 23, 3
   9              		.eabi_attribute 24, 1
  10              		.eabi_attribute 25, 1
  11              		.eabi_attribute 26, 1
  12              		.eabi_attribute 30, 6
  13              		.eabi_attribute 34, 1
  14              		.eabi_attribute 18, 4
  15              		.file	"uartRingBufDMA.c"
  16              		.text
  17              	.Ltext0:
  18              		.cfi_sections	.debug_frame
  19              		.file 1 "Core/Src/uartRingBufDMA.c"
  20              		.global	gPendingTXThreadID
  21              		.section	.bss.gPendingTXThreadID,"aw",%nobits
  22              		.align	2
  25              	gPendingTXThreadID:
  26 0000 00000000 		.space	4
  27              		.global	buf
  28              		.section	.bss.buf,"aw",%nobits
  29              		.align	2
  32              	buf:
  33 0000 00000000 		.space	20
  33      00000000 
  33      00000000 
  33      00000000 
  33      00000000 
  34              		.global	RxBuf
  35              		.section	.bss.RxBuf,"aw",%nobits
  36              		.align	2
  39              	RxBuf:
  40 0000 00000000 		.space	64
  40      00000000 
  40      00000000 
  40      00000000 
  40      00000000 
  41              		.global	MainBuf
  42              		.section	.bss.MainBuf,"aw",%nobits
  43              		.align	2
  46              	MainBuf:
  47 0000 00000000 		.space	256
  47      00000000 
  47      00000000 
  47      00000000 
  47      00000000 
  48              		.global	QueueMemory
  49              		.section	.bss.QueueMemory,"aw",%nobits
  50              		.align	2
  53              	QueueMemory:
  54 0000 00000000 		.space	256
  54      00000000 
ARM GAS  /tmp/ccJHveBQ.s 			page 2


  54      00000000 
  54      00000000 
  54      00000000 
  55              		.global	QueueMemoryPtr
  56              		.section	.bss.QueueMemoryPtr,"aw",%nobits
  59              	QueueMemoryPtr:
  60 0000 00       		.space	1
  61              		.global	TxBuf
  62              		.section	.bss.TxBuf,"aw",%nobits
  63              		.align	2
  66              	TxBuf:
  67 0000 00000000 		.space	64
  67      00000000 
  67      00000000 
  67      00000000 
  67      00000000 
  68              		.global	count
  69              		.section	.bss.count,"aw",%nobits
  72              	count:
  73 0000 00       		.space	1
  74              		.global	mpid_UART_MemPool
  75              		.section	.bss.mpid_UART_MemPool,"aw",%nobits
  76              		.align	2
  79              	mpid_UART_MemPool:
  80 0000 00000000 		.space	4
  81              		.section	.text.Ringbuf_Init,"ax",%progbits
  82              		.align	1
  83              		.global	Ringbuf_Init
  84              		.syntax unified
  85              		.thumb
  86              		.thumb_func
  88              	Ringbuf_Init:
  89              	.LFB224:
   1:Core/Src/uartRingBufDMA.c **** /*
   2:Core/Src/uartRingBufDMA.c ****  * uartRingBufDMA.c
   3:Core/Src/uartRingBufDMA.c ****  *
   4:Core/Src/uartRingBufDMA.c ****  *  Created on: Aug 12, 2021
   5:Core/Src/uartRingBufDMA.c ****  *      Author: controllerstech.com
   6:Core/Src/uartRingBufDMA.c ****  */
   7:Core/Src/uartRingBufDMA.c **** 
   8:Core/Src/uartRingBufDMA.c **** #include "cmsis_os.h"
   9:Core/Src/uartRingBufDMA.c **** #include "stm32f4xx_hal.h"
  10:Core/Src/uartRingBufDMA.c **** #include "uartRingBufDMA.h"
  11:Core/Src/uartRingBufDMA.c **** #include "string.h"
  12:Core/Src/uartRingBufDMA.c **** 
  13:Core/Src/uartRingBufDMA.c **** 
  14:Core/Src/uartRingBufDMA.c **** extern UART_HandleTypeDef huart1;
  15:Core/Src/uartRingBufDMA.c **** extern DMA_HandleTypeDef hdma_usart1_rx;
  16:Core/Src/uartRingBufDMA.c **** extern osThreadId_t UARTProcTaskHandle;
  17:Core/Src/uartRingBufDMA.c **** extern osMessageQueueId_t uartQueueHandle;
  18:Core/Src/uartRingBufDMA.c **** 
  19:Core/Src/uartRingBufDMA.c **** osThreadId gPendingTXThreadID;
  20:Core/Src/uartRingBufDMA.c **** 
  21:Core/Src/uartRingBufDMA.c **** #define UART huart1
  22:Core/Src/uartRingBufDMA.c **** #define DMA hdma_usart1_rx
  23:Core/Src/uartRingBufDMA.c **** 
  24:Core/Src/uartRingBufDMA.c **** /* Define the Size Here */
ARM GAS  /tmp/ccJHveBQ.s 			page 3


  25:Core/Src/uartRingBufDMA.c **** #define RxBuf_SIZE 64
  26:Core/Src/uartRingBufDMA.c **** #define TxBuf_SIZE 64
  27:Core/Src/uartRingBufDMA.c **** #define MainBuf_SIZE 256
  28:Core/Src/uartRingBufDMA.c **** #define UartQueue_SIZE 4
  29:Core/Src/uartRingBufDMA.c **** 
  30:Core/Src/uartRingBufDMA.c **** buffer_circ_t buf;
  31:Core/Src/uartRingBufDMA.c **** uint8_t RxBuf[RxBuf_SIZE];
  32:Core/Src/uartRingBufDMA.c **** 
  33:Core/Src/uartRingBufDMA.c **** uint8_t MainBuf[MainBuf_SIZE];
  34:Core/Src/uartRingBufDMA.c **** uint8_t QueueMemory[UartQueue_SIZE][RxBuf_SIZE];
  35:Core/Src/uartRingBufDMA.c **** uint8_t QueueMemoryPtr = 0;
  36:Core/Src/uartRingBufDMA.c **** 
  37:Core/Src/uartRingBufDMA.c **** uint8_t TxBuf[TxBuf_SIZE]; 
  38:Core/Src/uartRingBufDMA.c **** uint8_t count =0;
  39:Core/Src/uartRingBufDMA.c **** 
  40:Core/Src/uartRingBufDMA.c **** osMemoryPoolId_t mpid_UART_MemPool; // memory pool id
  41:Core/Src/uartRingBufDMA.c **** 
  42:Core/Src/uartRingBufDMA.c **** /* Initialize the Ring Buffer */
  43:Core/Src/uartRingBufDMA.c **** void Ringbuf_Init ()
  44:Core/Src/uartRingBufDMA.c **** {
  90              		.loc 1 44 1
  91              		.cfi_startproc
  92              		@ args = 0, pretend = 0, frame = 0
  93              		@ frame_needed = 1, uses_anonymous_args = 0
  94 0000 80B5     		push	{r7, lr}
  95              	.LCFI0:
  96              		.cfi_def_cfa_offset 8
  97              		.cfi_offset 7, -8
  98              		.cfi_offset 14, -4
  99 0002 00AF     		add	r7, sp, #0
 100              	.LCFI1:
 101              		.cfi_def_cfa_register 7
  45:Core/Src/uartRingBufDMA.c **** 	mpid_UART_MemPool = osMemoryPoolNew(UART_MEMPOOL_OBJECTS, sizeof(UART_MEM_BLOCK_t), NULL);
 102              		.loc 1 45 22
 103 0004 0022     		movs	r2, #0
 104 0006 4021     		movs	r1, #64
 105 0008 0820     		movs	r0, #8
 106 000a FFF7FEFF 		bl	osMemoryPoolNew
 107 000e 0346     		mov	r3, r0
 108              		.loc 1 45 20 discriminator 1
 109 0010 0C4A     		ldr	r2, .L4
 110 0012 1360     		str	r3, [r2]
  46:Core/Src/uartRingBufDMA.c ****   	if (mpid_UART_MemPool == NULL) {
 111              		.loc 1 46 26
 112 0014 0B4B     		ldr	r3, .L4
 113 0016 1B68     		ldr	r3, [r3]
 114              		.loc 1 46 7
 115 0018 002B     		cmp	r3, #0
 116 001a 01D1     		bne	.L2
 117              	.L3:
  47:Core/Src/uartRingBufDMA.c **** 		 // MemPool object not created, handle failure
  48:Core/Src/uartRingBufDMA.c **** 		while(1);    	
 118              		.loc 1 48 8
 119 001c 00BF     		nop
 120 001e FDE7     		b	.L3
 121              	.L2:
  49:Core/Src/uartRingBufDMA.c ****   	}
ARM GAS  /tmp/ccJHveBQ.s 			page 4


  50:Core/Src/uartRingBufDMA.c **** 	Ringbuf_Reset ();	
 122              		.loc 1 50 2
 123 0020 FFF7FEFF 		bl	Ringbuf_Reset
  51:Core/Src/uartRingBufDMA.c ****   	HAL_UARTEx_ReceiveToIdle_DMA(&UART, RxBuf, RxBuf_SIZE);
 124              		.loc 1 51 4
 125 0024 4022     		movs	r2, #64
 126 0026 0849     		ldr	r1, .L4+4
 127 0028 0848     		ldr	r0, .L4+8
 128 002a FFF7FEFF 		bl	HAL_UARTEx_ReceiveToIdle_DMA
  52:Core/Src/uartRingBufDMA.c ****   __HAL_DMA_DISABLE_IT(&DMA, DMA_IT_HT);
 129              		.loc 1 52 3
 130 002e 084B     		ldr	r3, .L4+12
 131 0030 1B68     		ldr	r3, [r3]
 132 0032 1A68     		ldr	r2, [r3]
 133 0034 064B     		ldr	r3, .L4+12
 134 0036 1B68     		ldr	r3, [r3]
 135 0038 22F00802 		bic	r2, r2, #8
 136 003c 1A60     		str	r2, [r3]
  53:Core/Src/uartRingBufDMA.c **** }
 137              		.loc 1 53 1
 138 003e 00BF     		nop
 139 0040 80BD     		pop	{r7, pc}
 140              	.L5:
 141 0042 00BF     		.align	2
 142              	.L4:
 143 0044 00000000 		.word	mpid_UART_MemPool
 144 0048 00000000 		.word	RxBuf
 145 004c 00000000 		.word	huart1
 146 0050 00000000 		.word	hdma_usart1_rx
 147              		.cfi_endproc
 148              	.LFE224:
 150              		.section	.text.Ringbuf_Reset,"ax",%progbits
 151              		.align	1
 152              		.global	Ringbuf_Reset
 153              		.syntax unified
 154              		.thumb
 155              		.thumb_func
 157              	Ringbuf_Reset:
 158              	.LFB225:
  54:Core/Src/uartRingBufDMA.c **** 
  55:Core/Src/uartRingBufDMA.c **** /* Resets the Ring buffer */
  56:Core/Src/uartRingBufDMA.c **** void Ringbuf_Reset ()
  57:Core/Src/uartRingBufDMA.c **** {
 159              		.loc 1 57 1
 160              		.cfi_startproc
 161              		@ args = 0, pretend = 0, frame = 0
 162              		@ frame_needed = 1, uses_anonymous_args = 0
 163 0000 80B5     		push	{r7, lr}
 164              	.LCFI2:
 165              		.cfi_def_cfa_offset 8
 166              		.cfi_offset 7, -8
 167              		.cfi_offset 14, -4
 168 0002 00AF     		add	r7, sp, #0
 169              	.LCFI3:
 170              		.cfi_def_cfa_register 7
  58:Core/Src/uartRingBufDMA.c **** 	memset(RxBuf, '\0', RxBuf_SIZE);
 171              		.loc 1 58 2
ARM GAS  /tmp/ccJHveBQ.s 			page 5


 172 0004 4022     		movs	r2, #64
 173 0006 0021     		movs	r1, #0
 174 0008 0D48     		ldr	r0, .L7
 175 000a FFF7FEFF 		bl	memset
  59:Core/Src/uartRingBufDMA.c **** 	memset(MainBuf, '\0', MainBuf_SIZE);
 176              		.loc 1 59 2
 177 000e 4FF48072 		mov	r2, #256
 178 0012 0021     		movs	r1, #0
 179 0014 0B48     		ldr	r0, .L7+4
 180 0016 FFF7FEFF 		bl	memset
  60:Core/Src/uartRingBufDMA.c **** 	buf.size = MainBuf_SIZE;
 181              		.loc 1 60 11
 182 001a 0B4B     		ldr	r3, .L7+8
 183 001c 4FF48072 		mov	r2, #256
 184 0020 DA60     		str	r2, [r3, #12]
  61:Core/Src/uartRingBufDMA.c **** 	buf.wr_offset = 0;
 185              		.loc 1 61 16
 186 0022 094B     		ldr	r3, .L7+8
 187 0024 0022     		movs	r2, #0
 188 0026 1A60     		str	r2, [r3]
  62:Core/Src/uartRingBufDMA.c **** 	buf.rd_offset = 0;
 189              		.loc 1 62 16
 190 0028 074B     		ldr	r3, .L7+8
 191 002a 0022     		movs	r2, #0
 192 002c 5A60     		str	r2, [r3, #4]
  63:Core/Src/uartRingBufDMA.c **** 	buf.level = 0;
 193              		.loc 1 63 12
 194 002e 064B     		ldr	r3, .L7+8
 195 0030 0022     		movs	r2, #0
 196 0032 9A60     		str	r2, [r3, #8]
  64:Core/Src/uartRingBufDMA.c **** 	buf.data = MainBuf;
 197              		.loc 1 64 11
 198 0034 044B     		ldr	r3, .L7+8
 199 0036 034A     		ldr	r2, .L7+4
 200 0038 1A61     		str	r2, [r3, #16]
  65:Core/Src/uartRingBufDMA.c **** }
 201              		.loc 1 65 1
 202 003a 00BF     		nop
 203 003c 80BD     		pop	{r7, pc}
 204              	.L8:
 205 003e 00BF     		.align	2
 206              	.L7:
 207 0040 00000000 		.word	RxBuf
 208 0044 00000000 		.word	MainBuf
 209 0048 00000000 		.word	buf
 210              		.cfi_endproc
 211              	.LFE225:
 213              		.section	.text.labscim_buffer_direct_input,"ax",%progbits
 214              		.align	1
 215              		.global	labscim_buffer_direct_input
 216              		.syntax unified
 217              		.thumb
 218              		.thumb_func
 220              	labscim_buffer_direct_input:
 221              	.LFB226:
  66:Core/Src/uartRingBufDMA.c **** 
  67:Core/Src/uartRingBufDMA.c **** size_t labscim_buffer_direct_input(void *data, size_t size)
ARM GAS  /tmp/ccJHveBQ.s 			page 6


  68:Core/Src/uartRingBufDMA.c **** {
 222              		.loc 1 68 1
 223              		.cfi_startproc
 224              		@ args = 0, pretend = 0, frame = 16
 225              		@ frame_needed = 1, uses_anonymous_args = 0
 226 0000 80B5     		push	{r7, lr}
 227              	.LCFI4:
 228              		.cfi_def_cfa_offset 8
 229              		.cfi_offset 7, -8
 230              		.cfi_offset 14, -4
 231 0002 84B0     		sub	sp, sp, #16
 232              	.LCFI5:
 233              		.cfi_def_cfa_offset 24
 234 0004 00AF     		add	r7, sp, #0
 235              	.LCFI6:
 236              		.cfi_def_cfa_register 7
 237 0006 7860     		str	r0, [r7, #4]
 238 0008 3960     		str	r1, [r7]
  69:Core/Src/uartRingBufDMA.c **** 	size_t max_writesize;
  70:Core/Src/uartRingBufDMA.c **** 	size_t write_size;
  71:Core/Src/uartRingBufDMA.c **** 	if (buf.data == NULL)
 239              		.loc 1 71 9
 240 000a 2C4B     		ldr	r3, .L16
 241 000c 1B69     		ldr	r3, [r3, #16]
 242              		.loc 1 71 5
 243 000e 002B     		cmp	r3, #0
 244 0010 01D1     		bne	.L10
  72:Core/Src/uartRingBufDMA.c **** 	{
  73:Core/Src/uartRingBufDMA.c **** 		/* check your buffer parameter */
  74:Core/Src/uartRingBufDMA.c **** 		return 0;
 245              		.loc 1 74 10
 246 0012 0023     		movs	r3, #0
 247 0014 4DE0     		b	.L11
 248              	.L10:
  75:Core/Src/uartRingBufDMA.c **** 	}
  76:Core/Src/uartRingBufDMA.c **** 	if (buf.wr_offset >= buf.rd_offset)
 249              		.loc 1 76 9
 250 0016 294B     		ldr	r3, .L16
 251 0018 1A68     		ldr	r2, [r3]
 252              		.loc 1 76 26
 253 001a 284B     		ldr	r3, .L16
 254 001c 5B68     		ldr	r3, [r3, #4]
 255              		.loc 1 76 5
 256 001e 9A42     		cmp	r2, r3
 257 0020 06D3     		bcc	.L12
  77:Core/Src/uartRingBufDMA.c **** 	{
  78:Core/Src/uartRingBufDMA.c **** 		max_writesize = buf.size - buf.wr_offset;
 258              		.loc 1 78 22
 259 0022 264B     		ldr	r3, .L16
 260 0024 DA68     		ldr	r2, [r3, #12]
 261              		.loc 1 78 33
 262 0026 254B     		ldr	r3, .L16
 263 0028 1B68     		ldr	r3, [r3]
 264              		.loc 1 78 17
 265 002a D31A     		subs	r3, r2, r3
 266 002c FB60     		str	r3, [r7, #12]
 267 002e 05E0     		b	.L13
ARM GAS  /tmp/ccJHveBQ.s 			page 7


 268              	.L12:
  79:Core/Src/uartRingBufDMA.c **** 	}
  80:Core/Src/uartRingBufDMA.c **** 	else
  81:Core/Src/uartRingBufDMA.c **** 	{
  82:Core/Src/uartRingBufDMA.c **** 		max_writesize = buf.rd_offset - buf.wr_offset;
 269              		.loc 1 82 22
 270 0030 224B     		ldr	r3, .L16
 271 0032 5A68     		ldr	r2, [r3, #4]
 272              		.loc 1 82 38
 273 0034 214B     		ldr	r3, .L16
 274 0036 1B68     		ldr	r3, [r3]
 275              		.loc 1 82 17
 276 0038 D31A     		subs	r3, r2, r3
 277 003a FB60     		str	r3, [r7, #12]
 278              	.L13:
  83:Core/Src/uartRingBufDMA.c **** 	}
  84:Core/Src/uartRingBufDMA.c **** 	if (buf.level == buf.size)
 279              		.loc 1 84 9
 280 003c 1F4B     		ldr	r3, .L16
 281 003e 9A68     		ldr	r2, [r3, #8]
 282              		.loc 1 84 22
 283 0040 1E4B     		ldr	r3, .L16
 284 0042 DB68     		ldr	r3, [r3, #12]
 285              		.loc 1 84 5
 286 0044 9A42     		cmp	r2, r3
 287 0046 01D1     		bne	.L14
  85:Core/Src/uartRingBufDMA.c **** 	{
  86:Core/Src/uartRingBufDMA.c **** 		max_writesize = 0;
 288              		.loc 1 86 17
 289 0048 0023     		movs	r3, #0
 290 004a FB60     		str	r3, [r7, #12]
 291              	.L14:
  87:Core/Src/uartRingBufDMA.c **** 	}
  88:Core/Src/uartRingBufDMA.c **** 	write_size = LABSCIM_MIN(max_writesize, size);
 292              		.loc 1 88 13
 293 004c FA68     		ldr	r2, [r7, #12]
 294 004e 3B68     		ldr	r3, [r7]
 295 0050 9342     		cmp	r3, r2
 296 0052 28BF     		it	cs
 297 0054 1346     		movcs	r3, r2
 298 0056 BB60     		str	r3, [r7, #8]
  89:Core/Src/uartRingBufDMA.c **** 	memcpy(buf.data + buf.wr_offset, data, write_size);
 299              		.loc 1 89 12
 300 0058 184B     		ldr	r3, .L16
 301 005a 1A69     		ldr	r2, [r3, #16]
 302              		.loc 1 89 23
 303 005c 174B     		ldr	r3, .L16
 304 005e 1B68     		ldr	r3, [r3]
 305              		.loc 1 89 18
 306 0060 1344     		add	r3, r3, r2
 307              		.loc 1 89 2
 308 0062 BA68     		ldr	r2, [r7, #8]
 309 0064 7968     		ldr	r1, [r7, #4]
 310 0066 1846     		mov	r0, r3
 311 0068 FFF7FEFF 		bl	memcpy
  90:Core/Src/uartRingBufDMA.c **** 	buf.wr_offset += write_size;
 312              		.loc 1 90 5
ARM GAS  /tmp/ccJHveBQ.s 			page 8


 313 006c 134B     		ldr	r3, .L16
 314 006e 1A68     		ldr	r2, [r3]
 315              		.loc 1 90 16
 316 0070 BB68     		ldr	r3, [r7, #8]
 317 0072 1344     		add	r3, r3, r2
 318 0074 114A     		ldr	r2, .L16
 319 0076 1360     		str	r3, [r2]
  91:Core/Src/uartRingBufDMA.c **** 	buf.level += write_size;
 320              		.loc 1 91 5
 321 0078 104B     		ldr	r3, .L16
 322 007a 9A68     		ldr	r2, [r3, #8]
 323              		.loc 1 91 12
 324 007c BB68     		ldr	r3, [r7, #8]
 325 007e 1344     		add	r3, r3, r2
 326 0080 0E4A     		ldr	r2, .L16
 327 0082 9360     		str	r3, [r2, #8]
  92:Core/Src/uartRingBufDMA.c **** 	if (buf.wr_offset == buf.size) // warp
 328              		.loc 1 92 9
 329 0084 0D4B     		ldr	r3, .L16
 330 0086 1A68     		ldr	r2, [r3]
 331              		.loc 1 92 26
 332 0088 0C4B     		ldr	r3, .L16
 333 008a DB68     		ldr	r3, [r3, #12]
 334              		.loc 1 92 5
 335 008c 9A42     		cmp	r2, r3
 336 008e 0FD1     		bne	.L15
  93:Core/Src/uartRingBufDMA.c **** 	{
  94:Core/Src/uartRingBufDMA.c **** 		buf.wr_offset = 0;
 337              		.loc 1 94 17
 338 0090 0A4B     		ldr	r3, .L16
 339 0092 0022     		movs	r2, #0
 340 0094 1A60     		str	r2, [r3]
  95:Core/Src/uartRingBufDMA.c **** 		return write_size + labscim_buffer_direct_input(data + write_size, size - write_size);
 341              		.loc 1 95 23
 342 0096 7A68     		ldr	r2, [r7, #4]
 343 0098 BB68     		ldr	r3, [r7, #8]
 344 009a D018     		adds	r0, r2, r3
 345 009c 3A68     		ldr	r2, [r7]
 346 009e BB68     		ldr	r3, [r7, #8]
 347 00a0 D31A     		subs	r3, r2, r3
 348 00a2 1946     		mov	r1, r3
 349 00a4 FFF7FEFF 		bl	labscim_buffer_direct_input
 350 00a8 0246     		mov	r2, r0
 351              		.loc 1 95 21 discriminator 1
 352 00aa BB68     		ldr	r3, [r7, #8]
 353 00ac 1344     		add	r3, r3, r2
 354              		.loc 1 95 21 is_stmt 0
 355 00ae 00E0     		b	.L11
 356              	.L15:
  96:Core/Src/uartRingBufDMA.c **** 	}
  97:Core/Src/uartRingBufDMA.c **** 	return write_size;
 357              		.loc 1 97 9 is_stmt 1
 358 00b0 BB68     		ldr	r3, [r7, #8]
 359              	.L11:
  98:Core/Src/uartRingBufDMA.c **** }
 360              		.loc 1 98 1
 361 00b2 1846     		mov	r0, r3
ARM GAS  /tmp/ccJHveBQ.s 			page 9


 362 00b4 1037     		adds	r7, r7, #16
 363              	.LCFI7:
 364              		.cfi_def_cfa_offset 8
 365 00b6 BD46     		mov	sp, r7
 366              	.LCFI8:
 367              		.cfi_def_cfa_register 13
 368              		@ sp needed
 369 00b8 80BD     		pop	{r7, pc}
 370              	.L17:
 371 00ba 00BF     		.align	2
 372              	.L16:
 373 00bc 00000000 		.word	buf
 374              		.cfi_endproc
 375              	.LFE226:
 377              		.section	.text.labscim_buffer_peek,"ax",%progbits
 378              		.align	1
 379              		.syntax unified
 380              		.thumb
 381              		.thumb_func
 383              	labscim_buffer_peek:
 384              	.LFB227:
  99:Core/Src/uartRingBufDMA.c **** 
 100:Core/Src/uartRingBufDMA.c **** static size_t labscim_buffer_peek(void *data, size_t size)
 101:Core/Src/uartRingBufDMA.c **** {
 385              		.loc 1 101 1
 386              		.cfi_startproc
 387              		@ args = 0, pretend = 0, frame = 16
 388              		@ frame_needed = 1, uses_anonymous_args = 0
 389 0000 80B5     		push	{r7, lr}
 390              	.LCFI9:
 391              		.cfi_def_cfa_offset 8
 392              		.cfi_offset 7, -8
 393              		.cfi_offset 14, -4
 394 0002 84B0     		sub	sp, sp, #16
 395              	.LCFI10:
 396              		.cfi_def_cfa_offset 24
 397 0004 00AF     		add	r7, sp, #0
 398              	.LCFI11:
 399              		.cfi_def_cfa_register 7
 400 0006 7860     		str	r0, [r7, #4]
 401 0008 3960     		str	r1, [r7]
 102:Core/Src/uartRingBufDMA.c **** 	if(buf.data == NULL) {
 402              		.loc 1 102 8
 403 000a 214B     		ldr	r3, .L25
 404 000c 1B69     		ldr	r3, [r3, #16]
 405              		.loc 1 102 4
 406 000e 002B     		cmp	r3, #0
 407 0010 01D1     		bne	.L19
 103:Core/Src/uartRingBufDMA.c **** 		/* check your buffer parameter */
 104:Core/Src/uartRingBufDMA.c **** 		return(0);
 408              		.loc 1 104 9
 409 0012 0023     		movs	r3, #0
 410 0014 37E0     		b	.L20
 411              	.L19:
 105:Core/Src/uartRingBufDMA.c **** 	}
 106:Core/Src/uartRingBufDMA.c **** 	size = LABSCIM_MIN(size,labscim_buffer_used());
 412              		.loc 1 106 9
ARM GAS  /tmp/ccJHveBQ.s 			page 10


 413 0016 FFF7FEFF 		bl	labscim_buffer_used
 414 001a 0246     		mov	r2, r0
 415              		.loc 1 106 9 is_stmt 0 discriminator 1
 416 001c 3B68     		ldr	r3, [r7]
 417 001e 9342     		cmp	r3, r2
 418 0020 02D9     		bls	.L22
 419              		.loc 1 106 9 discriminator 2
 420 0022 FFF7FEFF 		bl	labscim_buffer_used
 421 0026 3860     		str	r0, [r7]
 422              	.L22:
 107:Core/Src/uartRingBufDMA.c **** 	if(buf.rd_offset + size < buf.size)
 423              		.loc 1 107 8 is_stmt 1
 424 0028 194B     		ldr	r3, .L25
 425 002a 5A68     		ldr	r2, [r3, #4]
 426              		.loc 1 107 19
 427 002c 3B68     		ldr	r3, [r7]
 428 002e 1A44     		add	r2, r2, r3
 429              		.loc 1 107 31
 430 0030 174B     		ldr	r3, .L25
 431 0032 DB68     		ldr	r3, [r3, #12]
 432              		.loc 1 107 4
 433 0034 9A42     		cmp	r2, r3
 434 0036 0AD2     		bcs	.L23
 108:Core/Src/uartRingBufDMA.c **** 	{
 109:Core/Src/uartRingBufDMA.c **** 		//no warp
 110:Core/Src/uartRingBufDMA.c **** 		memcpy(data, buf.data + buf.rd_offset, size);
 435              		.loc 1 110 19
 436 0038 154B     		ldr	r3, .L25
 437 003a 1A69     		ldr	r2, [r3, #16]
 438              		.loc 1 110 30
 439 003c 144B     		ldr	r3, .L25
 440 003e 5B68     		ldr	r3, [r3, #4]
 441              		.loc 1 110 25
 442 0040 1344     		add	r3, r3, r2
 443              		.loc 1 110 3
 444 0042 3A68     		ldr	r2, [r7]
 445 0044 1946     		mov	r1, r3
 446 0046 7868     		ldr	r0, [r7, #4]
 447 0048 FFF7FEFF 		bl	memcpy
 448 004c 1AE0     		b	.L24
 449              	.L23:
 450              	.LBB2:
 111:Core/Src/uartRingBufDMA.c **** 	}
 112:Core/Src/uartRingBufDMA.c **** 	else
 113:Core/Src/uartRingBufDMA.c **** 	{
 114:Core/Src/uartRingBufDMA.c **** 		//warp
 115:Core/Src/uartRingBufDMA.c **** 		size_t sz1 = buf.size - buf.rd_offset;
 451              		.loc 1 115 19
 452 004e 104B     		ldr	r3, .L25
 453 0050 DA68     		ldr	r2, [r3, #12]
 454              		.loc 1 115 30
 455 0052 0F4B     		ldr	r3, .L25
 456 0054 5B68     		ldr	r3, [r3, #4]
 457              		.loc 1 115 10
 458 0056 D31A     		subs	r3, r2, r3
 459 0058 FB60     		str	r3, [r7, #12]
 116:Core/Src/uartRingBufDMA.c **** 		memcpy(data, buf.data + buf.rd_offset, sz1);
ARM GAS  /tmp/ccJHveBQ.s 			page 11


 460              		.loc 1 116 19
 461 005a 0D4B     		ldr	r3, .L25
 462 005c 1A69     		ldr	r2, [r3, #16]
 463              		.loc 1 116 30
 464 005e 0C4B     		ldr	r3, .L25
 465 0060 5B68     		ldr	r3, [r3, #4]
 466              		.loc 1 116 25
 467 0062 1344     		add	r3, r3, r2
 468              		.loc 1 116 3
 469 0064 FA68     		ldr	r2, [r7, #12]
 470 0066 1946     		mov	r1, r3
 471 0068 7868     		ldr	r0, [r7, #4]
 472 006a FFF7FEFF 		bl	memcpy
 117:Core/Src/uartRingBufDMA.c **** 		memcpy(data+sz1,buf.data,size-sz1);
 473              		.loc 1 117 14
 474 006e 7A68     		ldr	r2, [r7, #4]
 475 0070 FB68     		ldr	r3, [r7, #12]
 476 0072 D018     		adds	r0, r2, r3
 477              		.loc 1 117 22
 478 0074 064B     		ldr	r3, .L25
 479 0076 1969     		ldr	r1, [r3, #16]
 480              		.loc 1 117 3
 481 0078 3A68     		ldr	r2, [r7]
 482 007a FB68     		ldr	r3, [r7, #12]
 483 007c D31A     		subs	r3, r2, r3
 484 007e 1A46     		mov	r2, r3
 485 0080 FFF7FEFF 		bl	memcpy
 486              	.L24:
 487              	.LBE2:
 118:Core/Src/uartRingBufDMA.c **** 	}
 119:Core/Src/uartRingBufDMA.c **** 	return size;
 488              		.loc 1 119 9
 489 0084 3B68     		ldr	r3, [r7]
 490              	.L20:
 120:Core/Src/uartRingBufDMA.c **** }
 491              		.loc 1 120 1
 492 0086 1846     		mov	r0, r3
 493 0088 1037     		adds	r7, r7, #16
 494              	.LCFI12:
 495              		.cfi_def_cfa_offset 8
 496 008a BD46     		mov	sp, r7
 497              	.LCFI13:
 498              		.cfi_def_cfa_register 13
 499              		@ sp needed
 500 008c 80BD     		pop	{r7, pc}
 501              	.L26:
 502 008e 00BF     		.align	2
 503              	.L25:
 504 0090 00000000 		.word	buf
 505              		.cfi_endproc
 506              	.LFE227:
 508              		.section	.text.labscim_find_char_on_buffer,"ax",%progbits
 509              		.align	1
 510              		.global	labscim_find_char_on_buffer
 511              		.syntax unified
 512              		.thumb
 513              		.thumb_func
ARM GAS  /tmp/ccJHveBQ.s 			page 12


 515              	labscim_find_char_on_buffer:
 516              	.LFB228:
 121:Core/Src/uartRingBufDMA.c **** 
 122:Core/Src/uartRingBufDMA.c **** int32_t labscim_find_char_on_buffer(uint8_t c)
 123:Core/Src/uartRingBufDMA.c **** {
 517              		.loc 1 123 1
 518              		.cfi_startproc
 519              		@ args = 0, pretend = 0, frame = 24
 520              		@ frame_needed = 1, uses_anonymous_args = 0
 521              		@ link register save eliminated.
 522 0000 80B4     		push	{r7}
 523              	.LCFI14:
 524              		.cfi_def_cfa_offset 4
 525              		.cfi_offset 7, -4
 526 0002 87B0     		sub	sp, sp, #28
 527              	.LCFI15:
 528              		.cfi_def_cfa_offset 32
 529 0004 00AF     		add	r7, sp, #0
 530              	.LCFI16:
 531              		.cfi_def_cfa_register 7
 532 0006 0346     		mov	r3, r0
 533 0008 FB71     		strb	r3, [r7, #7]
 124:Core/Src/uartRingBufDMA.c **** 	if(buf.data == NULL) {
 534              		.loc 1 124 8
 535 000a 364B     		ldr	r3, .L42
 536 000c 1B69     		ldr	r3, [r3, #16]
 537              		.loc 1 124 4
 538 000e 002B     		cmp	r3, #0
 539 0010 02D1     		bne	.L28
 125:Core/Src/uartRingBufDMA.c **** 		/* check your buffer parameter */
 126:Core/Src/uartRingBufDMA.c **** 		return(-1);
 540              		.loc 1 126 9
 541 0012 4FF0FF33 		mov	r3, #-1
 542 0016 5FE0     		b	.L29
 543              	.L28:
 127:Core/Src/uartRingBufDMA.c **** 	}
 128:Core/Src/uartRingBufDMA.c **** 	if(buf.level == 0)
 544              		.loc 1 128 8
 545 0018 324B     		ldr	r3, .L42
 546 001a 9B68     		ldr	r3, [r3, #8]
 547              		.loc 1 128 4
 548 001c 002B     		cmp	r3, #0
 549 001e 02D1     		bne	.L30
 129:Core/Src/uartRingBufDMA.c **** 	{
 130:Core/Src/uartRingBufDMA.c **** 		return -1;
 550              		.loc 1 130 10
 551 0020 4FF0FF33 		mov	r3, #-1
 552 0024 58E0     		b	.L29
 553              	.L30:
 131:Core/Src/uartRingBufDMA.c **** 	}
 132:Core/Src/uartRingBufDMA.c **** 	if (buf.rd_offset < buf.wr_offset)
 554              		.loc 1 132 9
 555 0026 2F4B     		ldr	r3, .L42
 556 0028 5A68     		ldr	r2, [r3, #4]
 557              		.loc 1 132 25
 558 002a 2E4B     		ldr	r3, .L42
 559 002c 1B68     		ldr	r3, [r3]
ARM GAS  /tmp/ccJHveBQ.s 			page 13


 560              		.loc 1 132 5
 561 002e 9A42     		cmp	r2, r3
 562 0030 1AD2     		bcs	.L31
 563              	.LBB3:
 133:Core/Src/uartRingBufDMA.c **** 	{
 134:Core/Src/uartRingBufDMA.c **** 		//no warp
 135:Core/Src/uartRingBufDMA.c **** 		for (uint32_t i = buf.rd_offset; i < buf.wr_offset; i++)
 564              		.loc 1 135 17
 565 0032 2C4B     		ldr	r3, .L42
 566 0034 5B68     		ldr	r3, [r3, #4]
 567 0036 7B61     		str	r3, [r7, #20]
 568              		.loc 1 135 3
 569 0038 10E0     		b	.L32
 570              	.L34:
 136:Core/Src/uartRingBufDMA.c **** 		{
 137:Core/Src/uartRingBufDMA.c **** 			if(buf.data[i]==c)
 571              		.loc 1 137 10
 572 003a 2A4B     		ldr	r3, .L42
 573 003c 1A69     		ldr	r2, [r3, #16]
 574              		.loc 1 137 15
 575 003e 7B69     		ldr	r3, [r7, #20]
 576 0040 1344     		add	r3, r3, r2
 577 0042 1B78     		ldrb	r3, [r3]	@ zero_extendqisi2
 578              		.loc 1 137 6
 579 0044 FA79     		ldrb	r2, [r7, #7]	@ zero_extendqisi2
 580 0046 9A42     		cmp	r2, r3
 581 0048 05D1     		bne	.L33
 138:Core/Src/uartRingBufDMA.c **** 			{
 139:Core/Src/uartRingBufDMA.c **** 				return i-buf.rd_offset+1;
 582              		.loc 1 139 17
 583 004a 264B     		ldr	r3, .L42
 584 004c 5B68     		ldr	r3, [r3, #4]
 585              		.loc 1 139 13
 586 004e 7A69     		ldr	r2, [r7, #20]
 587 0050 D31A     		subs	r3, r2, r3
 588              		.loc 1 139 27
 589 0052 0133     		adds	r3, r3, #1
 590 0054 40E0     		b	.L29
 591              	.L33:
 135:Core/Src/uartRingBufDMA.c **** 		{
 592              		.loc 1 135 56 discriminator 2
 593 0056 7B69     		ldr	r3, [r7, #20]
 594 0058 0133     		adds	r3, r3, #1
 595 005a 7B61     		str	r3, [r7, #20]
 596              	.L32:
 135:Core/Src/uartRingBufDMA.c **** 		{
 597              		.loc 1 135 43 discriminator 1
 598 005c 214B     		ldr	r3, .L42
 599 005e 1B68     		ldr	r3, [r3]
 135:Core/Src/uartRingBufDMA.c **** 		{
 600              		.loc 1 135 38 discriminator 1
 601 0060 7A69     		ldr	r2, [r7, #20]
 602 0062 9A42     		cmp	r2, r3
 603 0064 E9D3     		bcc	.L34
 604 0066 35E0     		b	.L35
 605              	.L31:
 606              	.LBE3:
ARM GAS  /tmp/ccJHveBQ.s 			page 14


 607              	.LBB4:
 140:Core/Src/uartRingBufDMA.c **** 			}
 141:Core/Src/uartRingBufDMA.c **** 		}
 142:Core/Src/uartRingBufDMA.c **** 	}
 143:Core/Src/uartRingBufDMA.c **** 	else
 144:Core/Src/uartRingBufDMA.c **** 	{
 145:Core/Src/uartRingBufDMA.c **** 		//warp
 146:Core/Src/uartRingBufDMA.c **** 		for (uint32_t i = buf.rd_offset; i < buf.size; i++)
 608              		.loc 1 146 17
 609 0068 1E4B     		ldr	r3, .L42
 610 006a 5B68     		ldr	r3, [r3, #4]
 611 006c 3B61     		str	r3, [r7, #16]
 612              		.loc 1 146 3
 613 006e 10E0     		b	.L36
 614              	.L38:
 147:Core/Src/uartRingBufDMA.c **** 		{
 148:Core/Src/uartRingBufDMA.c **** 			if(buf.data[i]==c)
 615              		.loc 1 148 10
 616 0070 1C4B     		ldr	r3, .L42
 617 0072 1A69     		ldr	r2, [r3, #16]
 618              		.loc 1 148 15
 619 0074 3B69     		ldr	r3, [r7, #16]
 620 0076 1344     		add	r3, r3, r2
 621 0078 1B78     		ldrb	r3, [r3]	@ zero_extendqisi2
 622              		.loc 1 148 6
 623 007a FA79     		ldrb	r2, [r7, #7]	@ zero_extendqisi2
 624 007c 9A42     		cmp	r2, r3
 625 007e 05D1     		bne	.L37
 149:Core/Src/uartRingBufDMA.c **** 			{
 150:Core/Src/uartRingBufDMA.c **** 				return i-buf.rd_offset+1;
 626              		.loc 1 150 17
 627 0080 184B     		ldr	r3, .L42
 628 0082 5B68     		ldr	r3, [r3, #4]
 629              		.loc 1 150 13
 630 0084 3A69     		ldr	r2, [r7, #16]
 631 0086 D31A     		subs	r3, r2, r3
 632              		.loc 1 150 27
 633 0088 0133     		adds	r3, r3, #1
 634 008a 25E0     		b	.L29
 635              	.L37:
 146:Core/Src/uartRingBufDMA.c **** 		{
 636              		.loc 1 146 51 discriminator 2
 637 008c 3B69     		ldr	r3, [r7, #16]
 638 008e 0133     		adds	r3, r3, #1
 639 0090 3B61     		str	r3, [r7, #16]
 640              	.L36:
 146:Core/Src/uartRingBufDMA.c **** 		{
 641              		.loc 1 146 43 discriminator 1
 642 0092 144B     		ldr	r3, .L42
 643 0094 DB68     		ldr	r3, [r3, #12]
 146:Core/Src/uartRingBufDMA.c **** 		{
 644              		.loc 1 146 38 discriminator 1
 645 0096 3A69     		ldr	r2, [r7, #16]
 646 0098 9A42     		cmp	r2, r3
 647 009a E9D3     		bcc	.L38
 648              	.LBE4:
 649              	.LBB5:
ARM GAS  /tmp/ccJHveBQ.s 			page 15


 151:Core/Src/uartRingBufDMA.c **** 			}
 152:Core/Src/uartRingBufDMA.c **** 		}
 153:Core/Src/uartRingBufDMA.c **** 		for (uint32_t i = 0; i < buf.wr_offset; i++)
 650              		.loc 1 153 17
 651 009c 0023     		movs	r3, #0
 652 009e FB60     		str	r3, [r7, #12]
 653              		.loc 1 153 3
 654 00a0 13E0     		b	.L39
 655              	.L41:
 154:Core/Src/uartRingBufDMA.c **** 		{
 155:Core/Src/uartRingBufDMA.c **** 			if(buf.data[i]==c)
 656              		.loc 1 155 10
 657 00a2 104B     		ldr	r3, .L42
 658 00a4 1A69     		ldr	r2, [r3, #16]
 659              		.loc 1 155 15
 660 00a6 FB68     		ldr	r3, [r7, #12]
 661 00a8 1344     		add	r3, r3, r2
 662 00aa 1B78     		ldrb	r3, [r3]	@ zero_extendqisi2
 663              		.loc 1 155 6
 664 00ac FA79     		ldrb	r2, [r7, #7]	@ zero_extendqisi2
 665 00ae 9A42     		cmp	r2, r3
 666 00b0 08D1     		bne	.L40
 156:Core/Src/uartRingBufDMA.c **** 			{
 157:Core/Src/uartRingBufDMA.c **** 				return buf.size-buf.rd_offset+i+1;
 667              		.loc 1 157 15
 668 00b2 0C4B     		ldr	r3, .L42
 669 00b4 DA68     		ldr	r2, [r3, #12]
 670              		.loc 1 157 24
 671 00b6 0B4B     		ldr	r3, .L42
 672 00b8 5B68     		ldr	r3, [r3, #4]
 673              		.loc 1 157 20
 674 00ba D21A     		subs	r2, r2, r3
 675              		.loc 1 157 34
 676 00bc FB68     		ldr	r3, [r7, #12]
 677 00be 1344     		add	r3, r3, r2
 678              		.loc 1 157 36
 679 00c0 0133     		adds	r3, r3, #1
 680 00c2 09E0     		b	.L29
 681              	.L40:
 153:Core/Src/uartRingBufDMA.c **** 		{
 682              		.loc 1 153 44 discriminator 2
 683 00c4 FB68     		ldr	r3, [r7, #12]
 684 00c6 0133     		adds	r3, r3, #1
 685 00c8 FB60     		str	r3, [r7, #12]
 686              	.L39:
 153:Core/Src/uartRingBufDMA.c **** 		{
 687              		.loc 1 153 31 discriminator 1
 688 00ca 064B     		ldr	r3, .L42
 689 00cc 1B68     		ldr	r3, [r3]
 153:Core/Src/uartRingBufDMA.c **** 		{
 690              		.loc 1 153 26 discriminator 1
 691 00ce FA68     		ldr	r2, [r7, #12]
 692 00d0 9A42     		cmp	r2, r3
 693 00d2 E6D3     		bcc	.L41
 694              	.L35:
 695              	.LBE5:
 158:Core/Src/uartRingBufDMA.c **** 			}
ARM GAS  /tmp/ccJHveBQ.s 			page 16


 159:Core/Src/uartRingBufDMA.c **** 		}
 160:Core/Src/uartRingBufDMA.c **** 	}	
 161:Core/Src/uartRingBufDMA.c **** 	return -1;
 696              		.loc 1 161 9
 697 00d4 4FF0FF33 		mov	r3, #-1
 698              	.L29:
 162:Core/Src/uartRingBufDMA.c **** }
 699              		.loc 1 162 1
 700 00d8 1846     		mov	r0, r3
 701 00da 1C37     		adds	r7, r7, #28
 702              	.LCFI17:
 703              		.cfi_def_cfa_offset 4
 704 00dc BD46     		mov	sp, r7
 705              	.LCFI18:
 706              		.cfi_def_cfa_register 13
 707              		@ sp needed
 708 00de 80BC     		pop	{r7}
 709              	.LCFI19:
 710              		.cfi_restore 7
 711              		.cfi_def_cfa_offset 0
 712 00e0 7047     		bx	lr
 713              	.L43:
 714 00e2 00BF     		.align	2
 715              	.L42:
 716 00e4 00000000 		.word	buf
 717              		.cfi_endproc
 718              	.LFE228:
 720              		.section	.text.labscim_buffer_retrieve,"ax",%progbits
 721              		.align	1
 722              		.global	labscim_buffer_retrieve
 723              		.syntax unified
 724              		.thumb
 725              		.thumb_func
 727              	labscim_buffer_retrieve:
 728              	.LFB229:
 163:Core/Src/uartRingBufDMA.c **** 
 164:Core/Src/uartRingBufDMA.c **** 
 165:Core/Src/uartRingBufDMA.c **** int32_t labscim_buffer_retrieve(void *data, uint32_t size)
 166:Core/Src/uartRingBufDMA.c **** {
 729              		.loc 1 166 1
 730              		.cfi_startproc
 731              		@ args = 0, pretend = 0, frame = 16
 732              		@ frame_needed = 1, uses_anonymous_args = 0
 733 0000 80B5     		push	{r7, lr}
 734              	.LCFI20:
 735              		.cfi_def_cfa_offset 8
 736              		.cfi_offset 7, -8
 737              		.cfi_offset 14, -4
 738 0002 84B0     		sub	sp, sp, #16
 739              	.LCFI21:
 740              		.cfi_def_cfa_offset 24
 741 0004 00AF     		add	r7, sp, #0
 742              	.LCFI22:
 743              		.cfi_def_cfa_register 7
 744 0006 7860     		str	r0, [r7, #4]
 745 0008 3960     		str	r1, [r7]
 167:Core/Src/uartRingBufDMA.c **** 	size_t rd = labscim_buffer_peek(data,size);
ARM GAS  /tmp/ccJHveBQ.s 			page 17


 746              		.loc 1 167 14
 747 000a 3968     		ldr	r1, [r7]
 748 000c 7868     		ldr	r0, [r7, #4]
 749 000e FFF7FEFF 		bl	labscim_buffer_peek
 750 0012 F860     		str	r0, [r7, #12]
 168:Core/Src/uartRingBufDMA.c **** 	buf.level -= rd;
 751              		.loc 1 168 5
 752 0014 0B4B     		ldr	r3, .L46
 753 0016 9A68     		ldr	r2, [r3, #8]
 754              		.loc 1 168 12
 755 0018 FB68     		ldr	r3, [r7, #12]
 756 001a D31A     		subs	r3, r2, r3
 757 001c 094A     		ldr	r2, .L46
 758 001e 9360     		str	r3, [r2, #8]
 169:Core/Src/uartRingBufDMA.c **** 	buf.rd_offset= (buf.rd_offset + rd) % buf.size;
 759              		.loc 1 169 21
 760 0020 084B     		ldr	r3, .L46
 761 0022 5A68     		ldr	r2, [r3, #4]
 762              		.loc 1 169 32
 763 0024 FB68     		ldr	r3, [r7, #12]
 764 0026 1344     		add	r3, r3, r2
 765              		.loc 1 169 43
 766 0028 064A     		ldr	r2, .L46
 767 002a D268     		ldr	r2, [r2, #12]
 768              		.loc 1 169 38
 769 002c B3FBF2F1 		udiv	r1, r3, r2
 770 0030 01FB02F2 		mul	r2, r1, r2
 771 0034 9B1A     		subs	r3, r3, r2
 772              		.loc 1 169 15
 773 0036 034A     		ldr	r2, .L46
 774 0038 5360     		str	r3, [r2, #4]
 170:Core/Src/uartRingBufDMA.c **** 	return rd;
 775              		.loc 1 170 9
 776 003a FB68     		ldr	r3, [r7, #12]
 171:Core/Src/uartRingBufDMA.c **** }
 777              		.loc 1 171 1
 778 003c 1846     		mov	r0, r3
 779 003e 1037     		adds	r7, r7, #16
 780              	.LCFI23:
 781              		.cfi_def_cfa_offset 8
 782 0040 BD46     		mov	sp, r7
 783              	.LCFI24:
 784              		.cfi_def_cfa_register 13
 785              		@ sp needed
 786 0042 80BD     		pop	{r7, pc}
 787              	.L47:
 788              		.align	2
 789              	.L46:
 790 0044 00000000 		.word	buf
 791              		.cfi_endproc
 792              	.LFE229:
 794              		.section	.text.labscim_buffer_available,"ax",%progbits
 795              		.align	1
 796              		.global	labscim_buffer_available
 797              		.syntax unified
 798              		.thumb
 799              		.thumb_func
ARM GAS  /tmp/ccJHveBQ.s 			page 18


 801              	labscim_buffer_available:
 802              	.LFB230:
 172:Core/Src/uartRingBufDMA.c **** 
 173:Core/Src/uartRingBufDMA.c **** size_t labscim_buffer_available()
 174:Core/Src/uartRingBufDMA.c **** {
 803              		.loc 1 174 1
 804              		.cfi_startproc
 805              		@ args = 0, pretend = 0, frame = 0
 806              		@ frame_needed = 1, uses_anonymous_args = 0
 807              		@ link register save eliminated.
 808 0000 80B4     		push	{r7}
 809              	.LCFI25:
 810              		.cfi_def_cfa_offset 4
 811              		.cfi_offset 7, -4
 812 0002 00AF     		add	r7, sp, #0
 813              	.LCFI26:
 814              		.cfi_def_cfa_register 7
 175:Core/Src/uartRingBufDMA.c **** 	return buf.size - buf.level;
 815              		.loc 1 175 12
 816 0004 044B     		ldr	r3, .L50
 817 0006 DA68     		ldr	r2, [r3, #12]
 818              		.loc 1 175 23
 819 0008 034B     		ldr	r3, .L50
 820 000a 9B68     		ldr	r3, [r3, #8]
 821              		.loc 1 175 18
 822 000c D31A     		subs	r3, r2, r3
 176:Core/Src/uartRingBufDMA.c **** }
 823              		.loc 1 176 1
 824 000e 1846     		mov	r0, r3
 825 0010 BD46     		mov	sp, r7
 826              	.LCFI27:
 827              		.cfi_def_cfa_register 13
 828              		@ sp needed
 829 0012 80BC     		pop	{r7}
 830              	.LCFI28:
 831              		.cfi_restore 7
 832              		.cfi_def_cfa_offset 0
 833 0014 7047     		bx	lr
 834              	.L51:
 835 0016 00BF     		.align	2
 836              	.L50:
 837 0018 00000000 		.word	buf
 838              		.cfi_endproc
 839              	.LFE230:
 841              		.section	.text.labscim_buffer_used,"ax",%progbits
 842              		.align	1
 843              		.global	labscim_buffer_used
 844              		.syntax unified
 845              		.thumb
 846              		.thumb_func
 848              	labscim_buffer_used:
 849              	.LFB231:
 177:Core/Src/uartRingBufDMA.c **** 
 178:Core/Src/uartRingBufDMA.c **** size_t labscim_buffer_used()
 179:Core/Src/uartRingBufDMA.c **** {
 850              		.loc 1 179 1
 851              		.cfi_startproc
ARM GAS  /tmp/ccJHveBQ.s 			page 19


 852              		@ args = 0, pretend = 0, frame = 0
 853              		@ frame_needed = 1, uses_anonymous_args = 0
 854              		@ link register save eliminated.
 855 0000 80B4     		push	{r7}
 856              	.LCFI29:
 857              		.cfi_def_cfa_offset 4
 858              		.cfi_offset 7, -4
 859 0002 00AF     		add	r7, sp, #0
 860              	.LCFI30:
 861              		.cfi_def_cfa_register 7
 180:Core/Src/uartRingBufDMA.c **** 	return buf.level;    
 862              		.loc 1 180 12
 863 0004 024B     		ldr	r3, .L54
 864 0006 9B68     		ldr	r3, [r3, #8]
 181:Core/Src/uartRingBufDMA.c **** }
 865              		.loc 1 181 1
 866 0008 1846     		mov	r0, r3
 867 000a BD46     		mov	sp, r7
 868              	.LCFI31:
 869              		.cfi_def_cfa_register 13
 870              		@ sp needed
 871 000c 80BC     		pop	{r7}
 872              	.LCFI32:
 873              		.cfi_restore 7
 874              		.cfi_def_cfa_offset 0
 875 000e 7047     		bx	lr
 876              	.L55:
 877              		.align	2
 878              	.L54:
 879 0010 00000000 		.word	buf
 880              		.cfi_endproc
 881              	.LFE231:
 883              		.section	.text.HAL_UARTEx_RxEventCallback,"ax",%progbits
 884              		.align	1
 885              		.global	HAL_UARTEx_RxEventCallback
 886              		.syntax unified
 887              		.thumb
 888              		.thumb_func
 890              	HAL_UARTEx_RxEventCallback:
 891              	.LFB232:
 182:Core/Src/uartRingBufDMA.c **** 
 183:Core/Src/uartRingBufDMA.c **** void HAL_UARTEx_RxEventCallback(UART_HandleTypeDef *huart, uint16_t Size)
 184:Core/Src/uartRingBufDMA.c **** {
 892              		.loc 1 184 1
 893              		.cfi_startproc
 894              		@ args = 0, pretend = 0, frame = 8
 895              		@ frame_needed = 1, uses_anonymous_args = 0
 896 0000 80B5     		push	{r7, lr}
 897              	.LCFI33:
 898              		.cfi_def_cfa_offset 8
 899              		.cfi_offset 7, -8
 900              		.cfi_offset 14, -4
 901 0002 82B0     		sub	sp, sp, #8
 902              	.LCFI34:
 903              		.cfi_def_cfa_offset 16
 904 0004 00AF     		add	r7, sp, #0
 905              	.LCFI35:
ARM GAS  /tmp/ccJHveBQ.s 			page 20


 906              		.cfi_def_cfa_register 7
 907 0006 7860     		str	r0, [r7, #4]
 908 0008 0B46     		mov	r3, r1
 909 000a 7B80     		strh	r3, [r7, #2]	@ movhi
 185:Core/Src/uartRingBufDMA.c **** 	labscim_buffer_direct_input(RxBuf, (size_t)Size);
 910              		.loc 1 185 2
 911 000c 7B88     		ldrh	r3, [r7, #2]
 912 000e 1946     		mov	r1, r3
 913 0010 0C48     		ldr	r0, .L57
 914 0012 FFF7FEFF 		bl	labscim_buffer_direct_input
 186:Core/Src/uartRingBufDMA.c **** 	/* start the DMA again */
 187:Core/Src/uartRingBufDMA.c **** 	HAL_UARTEx_ReceiveToIdle_DMA(&UART, (uint8_t *)RxBuf, RxBuf_SIZE);
 915              		.loc 1 187 2
 916 0016 4022     		movs	r2, #64
 917 0018 0A49     		ldr	r1, .L57
 918 001a 0B48     		ldr	r0, .L57+4
 919 001c FFF7FEFF 		bl	HAL_UARTEx_ReceiveToIdle_DMA
 188:Core/Src/uartRingBufDMA.c **** 	__HAL_DMA_DISABLE_IT(&DMA, DMA_IT_HT);
 920              		.loc 1 188 2
 921 0020 0A4B     		ldr	r3, .L57+8
 922 0022 1B68     		ldr	r3, [r3]
 923 0024 1A68     		ldr	r2, [r3]
 924 0026 094B     		ldr	r3, .L57+8
 925 0028 1B68     		ldr	r3, [r3]
 926 002a 22F00802 		bic	r2, r2, #8
 927 002e 1A60     		str	r2, [r3]
 189:Core/Src/uartRingBufDMA.c **** 	osThreadFlagsSet(UARTProcTaskHandle, 0x0001U);
 928              		.loc 1 189 2
 929 0030 074B     		ldr	r3, .L57+12
 930 0032 1B68     		ldr	r3, [r3]
 931 0034 0121     		movs	r1, #1
 932 0036 1846     		mov	r0, r3
 933 0038 FFF7FEFF 		bl	osThreadFlagsSet
 190:Core/Src/uartRingBufDMA.c **** }
 934              		.loc 1 190 1
 935 003c 00BF     		nop
 936 003e 0837     		adds	r7, r7, #8
 937              	.LCFI36:
 938              		.cfi_def_cfa_offset 8
 939 0040 BD46     		mov	sp, r7
 940              	.LCFI37:
 941              		.cfi_def_cfa_register 13
 942              		@ sp needed
 943 0042 80BD     		pop	{r7, pc}
 944              	.L58:
 945              		.align	2
 946              	.L57:
 947 0044 00000000 		.word	RxBuf
 948 0048 00000000 		.word	huart1
 949 004c 00000000 		.word	hdma_usart1_rx
 950 0050 00000000 		.word	UARTProcTaskHandle
 951              		.cfi_endproc
 952              	.LFE232:
 954              		.section	.text.SendToUART,"ax",%progbits
 955              		.align	1
 956              		.global	SendToUART
 957              		.syntax unified
ARM GAS  /tmp/ccJHveBQ.s 			page 21


 958              		.thumb
 959              		.thumb_func
 961              	SendToUART:
 962              	.LFB233:
 191:Core/Src/uartRingBufDMA.c **** 
 192:Core/Src/uartRingBufDMA.c **** size_t SendToUART(uint8_t *msg, size_t size)
 193:Core/Src/uartRingBufDMA.c **** {
 963              		.loc 1 193 1
 964              		.cfi_startproc
 965              		@ args = 0, pretend = 0, frame = 16
 966              		@ frame_needed = 1, uses_anonymous_args = 0
 967 0000 80B5     		push	{r7, lr}
 968              	.LCFI38:
 969              		.cfi_def_cfa_offset 8
 970              		.cfi_offset 7, -8
 971              		.cfi_offset 14, -4
 972 0002 84B0     		sub	sp, sp, #16
 973              	.LCFI39:
 974              		.cfi_def_cfa_offset 24
 975 0004 00AF     		add	r7, sp, #0
 976              	.LCFI40:
 977              		.cfi_def_cfa_register 7
 978 0006 7860     		str	r0, [r7, #4]
 979 0008 3960     		str	r1, [r7]
 194:Core/Src/uartRingBufDMA.c **** 	osSemaphoreAcquire(UARTTXSemaphoreHandle,osWaitForever);		
 980              		.loc 1 194 2
 981 000a 124B     		ldr	r3, .L61
 982 000c 1B68     		ldr	r3, [r3]
 983 000e 4FF0FF31 		mov	r1, #-1
 984 0012 1846     		mov	r0, r3
 985 0014 FFF7FEFF 		bl	osSemaphoreAcquire
 195:Core/Src/uartRingBufDMA.c **** 	uint32_t flagsX;
 196:Core/Src/uartRingBufDMA.c **** 	gPendingTXThreadID = osThreadGetId();
 986              		.loc 1 196 23
 987 0018 FFF7FEFF 		bl	osThreadGetId
 988 001c 0346     		mov	r3, r0
 989              		.loc 1 196 21 discriminator 1
 990 001e 0E4A     		ldr	r2, .L61+4
 991 0020 1360     		str	r3, [r2]
 197:Core/Src/uartRingBufDMA.c **** 	HAL_UART_Transmit_DMA(&UART, msg, size);
 992              		.loc 1 197 2
 993 0022 3B68     		ldr	r3, [r7]
 994 0024 9BB2     		uxth	r3, r3
 995 0026 1A46     		mov	r2, r3
 996 0028 7968     		ldr	r1, [r7, #4]
 997 002a 0C48     		ldr	r0, .L61+8
 998 002c FFF7FEFF 		bl	HAL_UART_Transmit_DMA
 198:Core/Src/uartRingBufDMA.c **** 	flagsX = osThreadFlagsWait(0x0001U, osFlagsWaitAny, osWaitForever); 
 999              		.loc 1 198 11
 1000 0030 4FF0FF32 		mov	r2, #-1
 1001 0034 0021     		movs	r1, #0
 1002 0036 0120     		movs	r0, #1
 1003 0038 FFF7FEFF 		bl	osThreadFlagsWait
 1004 003c F860     		str	r0, [r7, #12]
 199:Core/Src/uartRingBufDMA.c **** 	osSemaphoreRelease(UARTTXSemaphoreHandle);		
 1005              		.loc 1 199 2
 1006 003e 054B     		ldr	r3, .L61
ARM GAS  /tmp/ccJHveBQ.s 			page 22


 1007 0040 1B68     		ldr	r3, [r3]
 1008 0042 1846     		mov	r0, r3
 1009 0044 FFF7FEFF 		bl	osSemaphoreRelease
 200:Core/Src/uartRingBufDMA.c **** 	return size;
 1010              		.loc 1 200 9
 1011 0048 3B68     		ldr	r3, [r7]
 201:Core/Src/uartRingBufDMA.c **** }
 1012              		.loc 1 201 1
 1013 004a 1846     		mov	r0, r3
 1014 004c 1037     		adds	r7, r7, #16
 1015              	.LCFI41:
 1016              		.cfi_def_cfa_offset 8
 1017 004e BD46     		mov	sp, r7
 1018              	.LCFI42:
 1019              		.cfi_def_cfa_register 13
 1020              		@ sp needed
 1021 0050 80BD     		pop	{r7, pc}
 1022              	.L62:
 1023 0052 00BF     		.align	2
 1024              	.L61:
 1025 0054 00000000 		.word	UARTTXSemaphoreHandle
 1026 0058 00000000 		.word	gPendingTXThreadID
 1027 005c 00000000 		.word	huart1
 1028              		.cfi_endproc
 1029              	.LFE233:
 1031              		.section	.text.HAL_UART_TxHalfCpltCallback,"ax",%progbits
 1032              		.align	1
 1033              		.global	HAL_UART_TxHalfCpltCallback
 1034              		.syntax unified
 1035              		.thumb
 1036              		.thumb_func
 1038              	HAL_UART_TxHalfCpltCallback:
 1039              	.LFB234:
 202:Core/Src/uartRingBufDMA.c **** 
 203:Core/Src/uartRingBufDMA.c **** void HAL_UART_TxHalfCpltCallback(UART_HandleTypeDef *huart)
 204:Core/Src/uartRingBufDMA.c **** {
 1040              		.loc 1 204 1
 1041              		.cfi_startproc
 1042              		@ args = 0, pretend = 0, frame = 8
 1043              		@ frame_needed = 1, uses_anonymous_args = 0
 1044              		@ link register save eliminated.
 1045 0000 80B4     		push	{r7}
 1046              	.LCFI43:
 1047              		.cfi_def_cfa_offset 4
 1048              		.cfi_offset 7, -4
 1049 0002 83B0     		sub	sp, sp, #12
 1050              	.LCFI44:
 1051              		.cfi_def_cfa_offset 16
 1052 0004 00AF     		add	r7, sp, #0
 1053              	.LCFI45:
 1054              		.cfi_def_cfa_register 7
 1055 0006 7860     		str	r0, [r7, #4]
 205:Core/Src/uartRingBufDMA.c ****   	//do nothing for now
 206:Core/Src/uartRingBufDMA.c **** }
 1056              		.loc 1 206 1
 1057 0008 00BF     		nop
 1058 000a 0C37     		adds	r7, r7, #12
ARM GAS  /tmp/ccJHveBQ.s 			page 23


 1059              	.LCFI46:
 1060              		.cfi_def_cfa_offset 4
 1061 000c BD46     		mov	sp, r7
 1062              	.LCFI47:
 1063              		.cfi_def_cfa_register 13
 1064              		@ sp needed
 1065 000e 80BC     		pop	{r7}
 1066              	.LCFI48:
 1067              		.cfi_restore 7
 1068              		.cfi_def_cfa_offset 0
 1069 0010 7047     		bx	lr
 1070              		.cfi_endproc
 1071              	.LFE234:
 1073              		.section	.text.HAL_UART_TxCpltCallback,"ax",%progbits
 1074              		.align	1
 1075              		.global	HAL_UART_TxCpltCallback
 1076              		.syntax unified
 1077              		.thumb
 1078              		.thumb_func
 1080              	HAL_UART_TxCpltCallback:
 1081              	.LFB235:
 207:Core/Src/uartRingBufDMA.c **** 
 208:Core/Src/uartRingBufDMA.c **** void HAL_UART_TxCpltCallback(UART_HandleTypeDef *huart)
 209:Core/Src/uartRingBufDMA.c **** {
 1082              		.loc 1 209 1
 1083              		.cfi_startproc
 1084              		@ args = 0, pretend = 0, frame = 8
 1085              		@ frame_needed = 1, uses_anonymous_args = 0
 1086 0000 80B5     		push	{r7, lr}
 1087              	.LCFI49:
 1088              		.cfi_def_cfa_offset 8
 1089              		.cfi_offset 7, -8
 1090              		.cfi_offset 14, -4
 1091 0002 82B0     		sub	sp, sp, #8
 1092              	.LCFI50:
 1093              		.cfi_def_cfa_offset 16
 1094 0004 00AF     		add	r7, sp, #0
 1095              	.LCFI51:
 1096              		.cfi_def_cfa_register 7
 1097 0006 7860     		str	r0, [r7, #4]
 210:Core/Src/uartRingBufDMA.c **** 	//notify the pending thread that the transfer has completed
 211:Core/Src/uartRingBufDMA.c ****   	osThreadFlagsSet(gPendingTXThreadID, 0x0001U); 
 1098              		.loc 1 211 4
 1099 0008 044B     		ldr	r3, .L65
 1100 000a 1B68     		ldr	r3, [r3]
 1101 000c 0121     		movs	r1, #1
 1102 000e 1846     		mov	r0, r3
 1103 0010 FFF7FEFF 		bl	osThreadFlagsSet
 212:Core/Src/uartRingBufDMA.c **** }
 1104              		.loc 1 212 1
 1105 0014 00BF     		nop
 1106 0016 0837     		adds	r7, r7, #8
 1107              	.LCFI52:
 1108              		.cfi_def_cfa_offset 8
 1109 0018 BD46     		mov	sp, r7
 1110              	.LCFI53:
 1111              		.cfi_def_cfa_register 13
ARM GAS  /tmp/ccJHveBQ.s 			page 24


 1112              		@ sp needed
 1113 001a 80BD     		pop	{r7, pc}
 1114              	.L66:
 1115              		.align	2
 1116              	.L65:
 1117 001c 00000000 		.word	gPendingTXThreadID
 1118              		.cfi_endproc
 1119              	.LFE235:
 1121              		.section	.text.UARTProcTaskCode,"ax",%progbits
 1122              		.align	1
 1123              		.global	UARTProcTaskCode
 1124              		.syntax unified
 1125              		.thumb
 1126              		.thumb_func
 1128              	UARTProcTaskCode:
 1129              	.LFB236:
 213:Core/Src/uartRingBufDMA.c **** 
 214:Core/Src/uartRingBufDMA.c **** void UARTProcTaskCode(void const *argument)
 215:Core/Src/uartRingBufDMA.c **** {
 1130              		.loc 1 215 1
 1131              		.cfi_startproc
 1132              		@ args = 0, pretend = 0, frame = 24
 1133              		@ frame_needed = 1, uses_anonymous_args = 0
 1134 0000 80B5     		push	{r7, lr}
 1135              	.LCFI54:
 1136              		.cfi_def_cfa_offset 8
 1137              		.cfi_offset 7, -8
 1138              		.cfi_offset 14, -4
 1139 0002 86B0     		sub	sp, sp, #24
 1140              	.LCFI55:
 1141              		.cfi_def_cfa_offset 32
 1142 0004 00AF     		add	r7, sp, #0
 1143              	.LCFI56:
 1144              		.cfi_def_cfa_register 7
 1145 0006 7860     		str	r0, [r7, #4]
 1146              	.L70:
 216:Core/Src/uartRingBufDMA.c **** 	uint32_t flagsX;
 217:Core/Src/uartRingBufDMA.c **** 	int32_t size;
 218:Core/Src/uartRingBufDMA.c **** 	UART_MEM_BLOCK_t *pMem;
 219:Core/Src/uartRingBufDMA.c **** 	osStatus_t status;
 220:Core/Src/uartRingBufDMA.c **** 	for (;;)
 221:Core/Src/uartRingBufDMA.c **** 	{
 222:Core/Src/uartRingBufDMA.c **** 		// Wait for someone to notify
 223:Core/Src/uartRingBufDMA.c **** 		//xTaskNotifyWait(0, 0, NULL, portMAX_DELAY);
 224:Core/Src/uartRingBufDMA.c **** 		flagsX = osThreadFlagsWait(0x0001U, osFlagsWaitAny, osWaitForever); /* B */
 1147              		.loc 1 224 12
 1148 0008 4FF0FF32 		mov	r2, #-1
 1149 000c 0021     		movs	r1, #0
 1150 000e 0120     		movs	r0, #1
 1151 0010 FFF7FEFF 		bl	osThreadFlagsWait
 1152 0014 7861     		str	r0, [r7, #20]
 225:Core/Src/uartRingBufDMA.c **** 		size = labscim_find_char_on_buffer('\n');
 1153              		.loc 1 225 10
 1154 0016 0A20     		movs	r0, #10
 1155 0018 FFF7FEFF 		bl	labscim_find_char_on_buffer
 1156 001c 3861     		str	r0, [r7, #16]
 226:Core/Src/uartRingBufDMA.c **** 		if(size > 0)
ARM GAS  /tmp/ccJHveBQ.s 			page 25


 1157              		.loc 1 226 5
 1158 001e 3B69     		ldr	r3, [r7, #16]
 1159 0020 002B     		cmp	r3, #0
 1160 0022 F1DD     		ble	.L70
 227:Core/Src/uartRingBufDMA.c **** 		{
 228:Core/Src/uartRingBufDMA.c **** 			pMem = (UART_MEM_BLOCK_t *)osMemoryPoolAlloc(mpid_UART_MemPool, 0U);  // get Mem Block
 1161              		.loc 1 228 31
 1162 0024 164B     		ldr	r3, .L71
 1163 0026 1B68     		ldr	r3, [r3]
 1164 0028 0021     		movs	r1, #0
 1165 002a 1846     		mov	r0, r3
 1166 002c FFF7FEFF 		bl	osMemoryPoolAlloc
 1167 0030 0346     		mov	r3, r0
 1168              		.loc 1 228 9 discriminator 1
 1169 0032 FB60     		str	r3, [r7, #12]
 229:Core/Src/uartRingBufDMA.c **** 			if (pMem != NULL)
 1170              		.loc 1 229 13
 1171 0034 FB68     		ldr	r3, [r7, #12]
 1172              		.loc 1 229 7
 1173 0036 002B     		cmp	r3, #0
 1174 0038 E6D0     		beq	.L70
 1175              	.LBB6:
 230:Core/Src/uartRingBufDMA.c **** 			{ // Mem Block was available
 231:Core/Src/uartRingBufDMA.c **** 				taskENTER_CRITICAL();
 1176              		.loc 1 231 5
 1177 003a FFF7FEFF 		bl	vPortEnterCritical
 232:Core/Src/uartRingBufDMA.c **** 				labscim_buffer_retrieve(pMem->Buf, size);
 1178              		.loc 1 232 33
 1179 003e FB68     		ldr	r3, [r7, #12]
 1180 0040 1A46     		mov	r2, r3
 1181              		.loc 1 232 5
 1182 0042 3B69     		ldr	r3, [r7, #16]
 1183 0044 1946     		mov	r1, r3
 1184 0046 1046     		mov	r0, r2
 1185 0048 FFF7FEFF 		bl	labscim_buffer_retrieve
 233:Core/Src/uartRingBufDMA.c **** 				//Radioenge	modem sometimes sends \n\r instead \r\n -> filters this crap
 234:Core/Src/uartRingBufDMA.c **** 				uint8_t b;
 235:Core/Src/uartRingBufDMA.c **** 				labscim_buffer_peek(&b,sizeof(uint8_t));
 1186              		.loc 1 235 5
 1187 004c 07F10B03 		add	r3, r7, #11
 1188 0050 0121     		movs	r1, #1
 1189 0052 1846     		mov	r0, r3
 1190 0054 FFF7FEFF 		bl	labscim_buffer_peek
 236:Core/Src/uartRingBufDMA.c **** 				if(b=='\r')
 1191              		.loc 1 236 9
 1192 0058 FB7A     		ldrb	r3, [r7, #11]	@ zero_extendqisi2
 1193              		.loc 1 236 7
 1194 005a 0D2B     		cmp	r3, #13
 1195 005c 05D1     		bne	.L69
 237:Core/Src/uartRingBufDMA.c **** 				{
 238:Core/Src/uartRingBufDMA.c **** 					labscim_buffer_retrieve(&b, sizeof(uint8_t));
 1196              		.loc 1 238 6
 1197 005e 07F10B03 		add	r3, r7, #11
 1198 0062 0121     		movs	r1, #1
 1199 0064 1846     		mov	r0, r3
 1200 0066 FFF7FEFF 		bl	labscim_buffer_retrieve
 1201              	.L69:
ARM GAS  /tmp/ccJHveBQ.s 			page 26


 239:Core/Src/uartRingBufDMA.c **** 				}
 240:Core/Src/uartRingBufDMA.c **** 				taskEXIT_CRITICAL();
 1202              		.loc 1 240 5
 1203 006a FFF7FEFF 		bl	vPortExitCritical
 241:Core/Src/uartRingBufDMA.c **** 				osMessageQueuePut(uartQueueHandle, &pMem,0U,0U);
 1204              		.loc 1 241 5
 1205 006e 054B     		ldr	r3, .L71+4
 1206 0070 1868     		ldr	r0, [r3]
 1207 0072 07F10C01 		add	r1, r7, #12
 1208 0076 0023     		movs	r3, #0
 1209 0078 0022     		movs	r2, #0
 1210 007a FFF7FEFF 		bl	osMessageQueuePut
 1211              	.LBE6:
 224:Core/Src/uartRingBufDMA.c **** 		size = labscim_find_char_on_buffer('\n');
 1212              		.loc 1 224 10
 1213 007e C3E7     		b	.L70
 1214              	.L72:
 1215              		.align	2
 1216              	.L71:
 1217 0080 00000000 		.word	mpid_UART_MemPool
 1218 0084 00000000 		.word	uartQueueHandle
 1219              		.cfi_endproc
 1220              	.LFE236:
 1222              		.text
 1223              	.Letext0:
 1224              		.file 2 "/home/fabio/arm-gnu-toolchain-15.2.rel1-x86_64-arm-none-eabi/lib/gcc/arm-none-eabi/15.2.1
 1225              		.file 3 "/home/fabio/arm-gnu-toolchain-15.2.rel1-x86_64-arm-none-eabi/arm-none-eabi/include/machin
 1226              		.file 4 "/home/fabio/arm-gnu-toolchain-15.2.rel1-x86_64-arm-none-eabi/arm-none-eabi/include/sys/_s
 1227              		.file 5 "Middlewares/Third_Party/FreeRTOS/Source/CMSIS_RTOS_V2/cmsis_os2.h"
 1228              		.file 6 "Drivers/CMSIS/Device/ST/STM32F4xx/Include/stm32f411xe.h"
 1229              		.file 7 "Drivers/STM32F4xx_HAL_Driver/Inc/stm32f4xx_hal_def.h"
 1230              		.file 8 "Drivers/STM32F4xx_HAL_Driver/Inc/stm32f4xx_hal_dma.h"
 1231              		.file 9 "Drivers/STM32F4xx_HAL_Driver/Inc/stm32f4xx_hal_uart.h"
 1232              		.file 10 "Core/Inc/uartRingBufDMA.h"
 1233              		.file 11 "Middlewares/Third_Party/FreeRTOS/Source/portable/GCC/ARM_CM4F/portmacro.h"
 1234              		.file 12 "/home/fabio/arm-gnu-toolchain-15.2.rel1-x86_64-arm-none-eabi/arm-none-eabi/include/strin
ARM GAS  /tmp/ccJHveBQ.s 			page 27


DEFINED SYMBOLS
                            *ABS*:00000000 uartRingBufDMA.c
     /tmp/ccJHveBQ.s:25     .bss.gPendingTXThreadID:00000000 gPendingTXThreadID
     /tmp/ccJHveBQ.s:22     .bss.gPendingTXThreadID:00000000 $d
     /tmp/ccJHveBQ.s:32     .bss.buf:00000000 buf
     /tmp/ccJHveBQ.s:29     .bss.buf:00000000 $d
     /tmp/ccJHveBQ.s:39     .bss.RxBuf:00000000 RxBuf
     /tmp/ccJHveBQ.s:36     .bss.RxBuf:00000000 $d
     /tmp/ccJHveBQ.s:46     .bss.MainBuf:00000000 MainBuf
     /tmp/ccJHveBQ.s:43     .bss.MainBuf:00000000 $d
     /tmp/ccJHveBQ.s:53     .bss.QueueMemory:00000000 QueueMemory
     /tmp/ccJHveBQ.s:50     .bss.QueueMemory:00000000 $d
     /tmp/ccJHveBQ.s:59     .bss.QueueMemoryPtr:00000000 QueueMemoryPtr
     /tmp/ccJHveBQ.s:60     .bss.QueueMemoryPtr:00000000 $d
     /tmp/ccJHveBQ.s:66     .bss.TxBuf:00000000 TxBuf
     /tmp/ccJHveBQ.s:63     .bss.TxBuf:00000000 $d
     /tmp/ccJHveBQ.s:72     .bss.count:00000000 count
     /tmp/ccJHveBQ.s:73     .bss.count:00000000 $d
     /tmp/ccJHveBQ.s:79     .bss.mpid_UART_MemPool:00000000 mpid_UART_MemPool
     /tmp/ccJHveBQ.s:76     .bss.mpid_UART_MemPool:00000000 $d
     /tmp/ccJHveBQ.s:82     .text.Ringbuf_Init:00000000 $t
     /tmp/ccJHveBQ.s:88     .text.Ringbuf_Init:00000000 Ringbuf_Init
     /tmp/ccJHveBQ.s:157    .text.Ringbuf_Reset:00000000 Ringbuf_Reset
     /tmp/ccJHveBQ.s:143    .text.Ringbuf_Init:00000044 $d
     /tmp/ccJHveBQ.s:151    .text.Ringbuf_Reset:00000000 $t
     /tmp/ccJHveBQ.s:207    .text.Ringbuf_Reset:00000040 $d
     /tmp/ccJHveBQ.s:214    .text.labscim_buffer_direct_input:00000000 $t
     /tmp/ccJHveBQ.s:220    .text.labscim_buffer_direct_input:00000000 labscim_buffer_direct_input
     /tmp/ccJHveBQ.s:373    .text.labscim_buffer_direct_input:000000bc $d
     /tmp/ccJHveBQ.s:378    .text.labscim_buffer_peek:00000000 $t
     /tmp/ccJHveBQ.s:383    .text.labscim_buffer_peek:00000000 labscim_buffer_peek
     /tmp/ccJHveBQ.s:848    .text.labscim_buffer_used:00000000 labscim_buffer_used
     /tmp/ccJHveBQ.s:504    .text.labscim_buffer_peek:00000090 $d
     /tmp/ccJHveBQ.s:509    .text.labscim_find_char_on_buffer:00000000 $t
     /tmp/ccJHveBQ.s:515    .text.labscim_find_char_on_buffer:00000000 labscim_find_char_on_buffer
     /tmp/ccJHveBQ.s:716    .text.labscim_find_char_on_buffer:000000e4 $d
     /tmp/ccJHveBQ.s:721    .text.labscim_buffer_retrieve:00000000 $t
     /tmp/ccJHveBQ.s:727    .text.labscim_buffer_retrieve:00000000 labscim_buffer_retrieve
     /tmp/ccJHveBQ.s:790    .text.labscim_buffer_retrieve:00000044 $d
     /tmp/ccJHveBQ.s:795    .text.labscim_buffer_available:00000000 $t
     /tmp/ccJHveBQ.s:801    .text.labscim_buffer_available:00000000 labscim_buffer_available
     /tmp/ccJHveBQ.s:837    .text.labscim_buffer_available:00000018 $d
     /tmp/ccJHveBQ.s:842    .text.labscim_buffer_used:00000000 $t
     /tmp/ccJHveBQ.s:879    .text.labscim_buffer_used:00000010 $d
     /tmp/ccJHveBQ.s:884    .text.HAL_UARTEx_RxEventCallback:00000000 $t
     /tmp/ccJHveBQ.s:890    .text.HAL_UARTEx_RxEventCallback:00000000 HAL_UARTEx_RxEventCallback
     /tmp/ccJHveBQ.s:947    .text.HAL_UARTEx_RxEventCallback:00000044 $d
     /tmp/ccJHveBQ.s:955    .text.SendToUART:00000000 $t
     /tmp/ccJHveBQ.s:961    .text.SendToUART:00000000 SendToUART
     /tmp/ccJHveBQ.s:1025   .text.SendToUART:00000054 $d
     /tmp/ccJHveBQ.s:1032   .text.HAL_UART_TxHalfCpltCallback:00000000 $t
     /tmp/ccJHveBQ.s:1038   .text.HAL_UART_TxHalfCpltCallback:00000000 HAL_UART_TxHalfCpltCallback
     /tmp/ccJHveBQ.s:1074   .text.HAL_UART_TxCpltCallback:00000000 $t
     /tmp/ccJHveBQ.s:1080   .text.HAL_UART_TxCpltCallback:00000000 HAL_UART_TxCpltCallback
     /tmp/ccJHveBQ.s:1117   .text.HAL_UART_TxCpltCallback:0000001c $d
     /tmp/ccJHveBQ.s:1122   .text.UARTProcTaskCode:00000000 $t
     /tmp/ccJHveBQ.s:1128   .text.UARTProcTaskCode:00000000 UARTProcTaskCode
ARM GAS  /tmp/ccJHveBQ.s 			page 28


     /tmp/ccJHveBQ.s:1217   .text.UARTProcTaskCode:00000080 $d

UNDEFINED SYMBOLS
osMemoryPoolNew
HAL_UARTEx_ReceiveToIdle_DMA
huart1
hdma_usart1_rx
memset
memcpy
osThreadFlagsSet
UARTProcTaskHandle
osSemaphoreAcquire
osThreadGetId
HAL_UART_Transmit_DMA
osThreadFlagsWait
osSemaphoreRelease
UARTTXSemaphoreHandle
osMemoryPoolAlloc
vPortEnterCritical
vPortExitCritical
osMessageQueuePut
uartQueueHandle
