ARM GAS  /tmp/ccyDG36W.s 			page 1


   1              		.cpu cortex-m4
   2              		.arch armv7e-m
   3              		.fpu fpv4-sp-d16
   4              		.eabi_attribute 27, 1
   5              		.eabi_attribute 28, 1
   6              		.eabi_attribute 20, 1
   7              		.eabi_attribute 21, 1
   8              		.eabi_attribute 23, 3
   9              		.eabi_attribute 24, 1
  10              		.eabi_attribute 25, 1
  11              		.eabi_attribute 26, 1
  12              		.eabi_attribute 30, 6
  13              		.eabi_attribute 34, 1
  14              		.eabi_attribute 18, 4
  15              		.file	"usbd_cdc_if.c"
  16              		.text
  17              	.Ltext0:
  18              		.cfi_sections	.debug_frame
  19              		.file 1 "USB_DEVICE/App/usbd_cdc_if.c"
  20              		.global	UserRxBufferFS
  21              		.section	.bss.UserRxBufferFS,"aw",%nobits
  22              		.align	2
  25              	UserRxBufferFS:
  26 0000 00000000 		.space	2048
  26      00000000 
  26      00000000 
  26      00000000 
  26      00000000 
  27              		.global	UserTxBufferFS
  28              		.section	.bss.UserTxBufferFS,"aw",%nobits
  29              		.align	2
  32              	UserTxBufferFS:
  33 0000 00000000 		.space	2048
  33      00000000 
  33      00000000 
  33      00000000 
  33      00000000 
  34              		.global	USBD_Interface_fops_FS
  35              		.section	.data.USBD_Interface_fops_FS,"aw"
  36              		.align	2
  39              	USBD_Interface_fops_FS:
  40 0000 00000000 		.word	CDC_Init_FS
  41 0004 00000000 		.word	CDC_DeInit_FS
  42 0008 00000000 		.word	CDC_Control_FS
  43 000c 00000000 		.word	CDC_Receive_FS
  44 0010 00000000 		.word	CDC_TransmitCplt_FS
  45              		.section	.text.CDC_Init_FS,"ax",%progbits
  46              		.align	1
  47              		.syntax unified
  48              		.thumb
  49              		.thumb_func
  51              	CDC_Init_FS:
  52              	.LFB224:
   1:USB_DEVICE/App/usbd_cdc_if.c **** /* USER CODE BEGIN Header */
   2:USB_DEVICE/App/usbd_cdc_if.c **** /**
   3:USB_DEVICE/App/usbd_cdc_if.c ****   ******************************************************************************
   4:USB_DEVICE/App/usbd_cdc_if.c ****   * @file           : usbd_cdc_if.c
ARM GAS  /tmp/ccyDG36W.s 			page 2


   5:USB_DEVICE/App/usbd_cdc_if.c ****   * @version        : v1.0_Cube
   6:USB_DEVICE/App/usbd_cdc_if.c ****   * @brief          : Usb device for Virtual Com Port.
   7:USB_DEVICE/App/usbd_cdc_if.c ****   ******************************************************************************
   8:USB_DEVICE/App/usbd_cdc_if.c ****   * @attention
   9:USB_DEVICE/App/usbd_cdc_if.c ****   *
  10:USB_DEVICE/App/usbd_cdc_if.c ****   * Copyright (c) 2022 STMicroelectronics.
  11:USB_DEVICE/App/usbd_cdc_if.c ****   * All rights reserved.
  12:USB_DEVICE/App/usbd_cdc_if.c ****   *
  13:USB_DEVICE/App/usbd_cdc_if.c ****   * This software is licensed under terms that can be found in the LICENSE file
  14:USB_DEVICE/App/usbd_cdc_if.c ****   * in the root directory of this software component.
  15:USB_DEVICE/App/usbd_cdc_if.c ****   * If no LICENSE file comes with this software, it is provided AS-IS.
  16:USB_DEVICE/App/usbd_cdc_if.c ****   *
  17:USB_DEVICE/App/usbd_cdc_if.c ****   ******************************************************************************
  18:USB_DEVICE/App/usbd_cdc_if.c ****   */
  19:USB_DEVICE/App/usbd_cdc_if.c **** /* USER CODE END Header */
  20:USB_DEVICE/App/usbd_cdc_if.c **** 
  21:USB_DEVICE/App/usbd_cdc_if.c **** /* Includes ------------------------------------------------------------------*/
  22:USB_DEVICE/App/usbd_cdc_if.c **** #include "usbd_cdc_if.h"
  23:USB_DEVICE/App/usbd_cdc_if.c **** 
  24:USB_DEVICE/App/usbd_cdc_if.c **** /* USER CODE BEGIN INCLUDE */
  25:USB_DEVICE/App/usbd_cdc_if.c **** 
  26:USB_DEVICE/App/usbd_cdc_if.c **** /* USER CODE END INCLUDE */
  27:USB_DEVICE/App/usbd_cdc_if.c **** 
  28:USB_DEVICE/App/usbd_cdc_if.c **** /* Private typedef -----------------------------------------------------------*/
  29:USB_DEVICE/App/usbd_cdc_if.c **** /* Private define ------------------------------------------------------------*/
  30:USB_DEVICE/App/usbd_cdc_if.c **** /* Private macro -------------------------------------------------------------*/
  31:USB_DEVICE/App/usbd_cdc_if.c **** 
  32:USB_DEVICE/App/usbd_cdc_if.c **** /* USER CODE BEGIN PV */
  33:USB_DEVICE/App/usbd_cdc_if.c **** /* Private variables ---------------------------------------------------------*/
  34:USB_DEVICE/App/usbd_cdc_if.c **** 
  35:USB_DEVICE/App/usbd_cdc_if.c **** /* USER CODE END PV */
  36:USB_DEVICE/App/usbd_cdc_if.c **** 
  37:USB_DEVICE/App/usbd_cdc_if.c **** /** @addtogroup STM32_USB_OTG_DEVICE_LIBRARY
  38:USB_DEVICE/App/usbd_cdc_if.c ****   * @brief Usb device library.
  39:USB_DEVICE/App/usbd_cdc_if.c ****   * @{
  40:USB_DEVICE/App/usbd_cdc_if.c ****   */
  41:USB_DEVICE/App/usbd_cdc_if.c **** 
  42:USB_DEVICE/App/usbd_cdc_if.c **** /** @addtogroup USBD_CDC_IF
  43:USB_DEVICE/App/usbd_cdc_if.c ****   * @{
  44:USB_DEVICE/App/usbd_cdc_if.c ****   */
  45:USB_DEVICE/App/usbd_cdc_if.c **** 
  46:USB_DEVICE/App/usbd_cdc_if.c **** /** @defgroup USBD_CDC_IF_Private_TypesDefinitions USBD_CDC_IF_Private_TypesDefinitions
  47:USB_DEVICE/App/usbd_cdc_if.c ****   * @brief Private types.
  48:USB_DEVICE/App/usbd_cdc_if.c ****   * @{
  49:USB_DEVICE/App/usbd_cdc_if.c ****   */
  50:USB_DEVICE/App/usbd_cdc_if.c **** 
  51:USB_DEVICE/App/usbd_cdc_if.c **** /* USER CODE BEGIN PRIVATE_TYPES */
  52:USB_DEVICE/App/usbd_cdc_if.c **** 
  53:USB_DEVICE/App/usbd_cdc_if.c **** /* USER CODE END PRIVATE_TYPES */
  54:USB_DEVICE/App/usbd_cdc_if.c **** 
  55:USB_DEVICE/App/usbd_cdc_if.c **** /**
  56:USB_DEVICE/App/usbd_cdc_if.c ****   * @}
  57:USB_DEVICE/App/usbd_cdc_if.c ****   */
  58:USB_DEVICE/App/usbd_cdc_if.c **** 
  59:USB_DEVICE/App/usbd_cdc_if.c **** /** @defgroup USBD_CDC_IF_Private_Defines USBD_CDC_IF_Private_Defines
  60:USB_DEVICE/App/usbd_cdc_if.c ****   * @brief Private defines.
  61:USB_DEVICE/App/usbd_cdc_if.c ****   * @{
ARM GAS  /tmp/ccyDG36W.s 			page 3


  62:USB_DEVICE/App/usbd_cdc_if.c ****   */
  63:USB_DEVICE/App/usbd_cdc_if.c **** 
  64:USB_DEVICE/App/usbd_cdc_if.c **** /* USER CODE BEGIN PRIVATE_DEFINES */
  65:USB_DEVICE/App/usbd_cdc_if.c **** /* USER CODE END PRIVATE_DEFINES */
  66:USB_DEVICE/App/usbd_cdc_if.c **** 
  67:USB_DEVICE/App/usbd_cdc_if.c **** /**
  68:USB_DEVICE/App/usbd_cdc_if.c ****   * @}
  69:USB_DEVICE/App/usbd_cdc_if.c ****   */
  70:USB_DEVICE/App/usbd_cdc_if.c **** 
  71:USB_DEVICE/App/usbd_cdc_if.c **** /** @defgroup USBD_CDC_IF_Private_Macros USBD_CDC_IF_Private_Macros
  72:USB_DEVICE/App/usbd_cdc_if.c ****   * @brief Private macros.
  73:USB_DEVICE/App/usbd_cdc_if.c ****   * @{
  74:USB_DEVICE/App/usbd_cdc_if.c ****   */
  75:USB_DEVICE/App/usbd_cdc_if.c **** 
  76:USB_DEVICE/App/usbd_cdc_if.c **** /* USER CODE BEGIN PRIVATE_MACRO */
  77:USB_DEVICE/App/usbd_cdc_if.c **** 
  78:USB_DEVICE/App/usbd_cdc_if.c **** /* USER CODE END PRIVATE_MACRO */
  79:USB_DEVICE/App/usbd_cdc_if.c **** 
  80:USB_DEVICE/App/usbd_cdc_if.c **** /**
  81:USB_DEVICE/App/usbd_cdc_if.c ****   * @}
  82:USB_DEVICE/App/usbd_cdc_if.c ****   */
  83:USB_DEVICE/App/usbd_cdc_if.c **** 
  84:USB_DEVICE/App/usbd_cdc_if.c **** /** @defgroup USBD_CDC_IF_Private_Variables USBD_CDC_IF_Private_Variables
  85:USB_DEVICE/App/usbd_cdc_if.c ****   * @brief Private variables.
  86:USB_DEVICE/App/usbd_cdc_if.c ****   * @{
  87:USB_DEVICE/App/usbd_cdc_if.c ****   */
  88:USB_DEVICE/App/usbd_cdc_if.c **** /* Create buffer for reception and transmission           */
  89:USB_DEVICE/App/usbd_cdc_if.c **** /* It's up to user to redefine and/or remove those define */
  90:USB_DEVICE/App/usbd_cdc_if.c **** /** Received data over USB are stored in this buffer      */
  91:USB_DEVICE/App/usbd_cdc_if.c **** uint8_t UserRxBufferFS[APP_RX_DATA_SIZE];
  92:USB_DEVICE/App/usbd_cdc_if.c **** 
  93:USB_DEVICE/App/usbd_cdc_if.c **** /** Data to send over USB CDC are stored in this buffer   */
  94:USB_DEVICE/App/usbd_cdc_if.c **** uint8_t UserTxBufferFS[APP_TX_DATA_SIZE];
  95:USB_DEVICE/App/usbd_cdc_if.c **** 
  96:USB_DEVICE/App/usbd_cdc_if.c **** /* USER CODE BEGIN PRIVATE_VARIABLES */
  97:USB_DEVICE/App/usbd_cdc_if.c **** 
  98:USB_DEVICE/App/usbd_cdc_if.c **** /* USER CODE END PRIVATE_VARIABLES */
  99:USB_DEVICE/App/usbd_cdc_if.c **** 
 100:USB_DEVICE/App/usbd_cdc_if.c **** /**
 101:USB_DEVICE/App/usbd_cdc_if.c ****   * @}
 102:USB_DEVICE/App/usbd_cdc_if.c ****   */
 103:USB_DEVICE/App/usbd_cdc_if.c **** 
 104:USB_DEVICE/App/usbd_cdc_if.c **** /** @defgroup USBD_CDC_IF_Exported_Variables USBD_CDC_IF_Exported_Variables
 105:USB_DEVICE/App/usbd_cdc_if.c ****   * @brief Public variables.
 106:USB_DEVICE/App/usbd_cdc_if.c ****   * @{
 107:USB_DEVICE/App/usbd_cdc_if.c ****   */
 108:USB_DEVICE/App/usbd_cdc_if.c **** 
 109:USB_DEVICE/App/usbd_cdc_if.c **** extern USBD_HandleTypeDef hUsbDeviceFS;
 110:USB_DEVICE/App/usbd_cdc_if.c **** 
 111:USB_DEVICE/App/usbd_cdc_if.c **** /* USER CODE BEGIN EXPORTED_VARIABLES */
 112:USB_DEVICE/App/usbd_cdc_if.c **** 
 113:USB_DEVICE/App/usbd_cdc_if.c **** /* USER CODE END EXPORTED_VARIABLES */
 114:USB_DEVICE/App/usbd_cdc_if.c **** 
 115:USB_DEVICE/App/usbd_cdc_if.c **** /**
 116:USB_DEVICE/App/usbd_cdc_if.c ****   * @}
 117:USB_DEVICE/App/usbd_cdc_if.c ****   */
 118:USB_DEVICE/App/usbd_cdc_if.c **** 
ARM GAS  /tmp/ccyDG36W.s 			page 4


 119:USB_DEVICE/App/usbd_cdc_if.c **** /** @defgroup USBD_CDC_IF_Private_FunctionPrototypes USBD_CDC_IF_Private_FunctionPrototypes
 120:USB_DEVICE/App/usbd_cdc_if.c ****   * @brief Private functions declaration.
 121:USB_DEVICE/App/usbd_cdc_if.c ****   * @{
 122:USB_DEVICE/App/usbd_cdc_if.c ****   */
 123:USB_DEVICE/App/usbd_cdc_if.c **** 
 124:USB_DEVICE/App/usbd_cdc_if.c **** static int8_t CDC_Init_FS(void);
 125:USB_DEVICE/App/usbd_cdc_if.c **** static int8_t CDC_DeInit_FS(void);
 126:USB_DEVICE/App/usbd_cdc_if.c **** static int8_t CDC_Control_FS(uint8_t cmd, uint8_t* pbuf, uint16_t length);
 127:USB_DEVICE/App/usbd_cdc_if.c **** static int8_t CDC_Receive_FS(uint8_t* pbuf, uint32_t *Len);
 128:USB_DEVICE/App/usbd_cdc_if.c **** static int8_t CDC_TransmitCplt_FS(uint8_t *pbuf, uint32_t *Len, uint8_t epnum);
 129:USB_DEVICE/App/usbd_cdc_if.c **** 
 130:USB_DEVICE/App/usbd_cdc_if.c **** /* USER CODE BEGIN PRIVATE_FUNCTIONS_DECLARATION */
 131:USB_DEVICE/App/usbd_cdc_if.c **** 
 132:USB_DEVICE/App/usbd_cdc_if.c **** /* USER CODE END PRIVATE_FUNCTIONS_DECLARATION */
 133:USB_DEVICE/App/usbd_cdc_if.c **** 
 134:USB_DEVICE/App/usbd_cdc_if.c **** /**
 135:USB_DEVICE/App/usbd_cdc_if.c ****   * @}
 136:USB_DEVICE/App/usbd_cdc_if.c ****   */
 137:USB_DEVICE/App/usbd_cdc_if.c **** 
 138:USB_DEVICE/App/usbd_cdc_if.c **** USBD_CDC_ItfTypeDef USBD_Interface_fops_FS =
 139:USB_DEVICE/App/usbd_cdc_if.c **** {
 140:USB_DEVICE/App/usbd_cdc_if.c ****   CDC_Init_FS,
 141:USB_DEVICE/App/usbd_cdc_if.c ****   CDC_DeInit_FS,
 142:USB_DEVICE/App/usbd_cdc_if.c ****   CDC_Control_FS,
 143:USB_DEVICE/App/usbd_cdc_if.c ****   CDC_Receive_FS,
 144:USB_DEVICE/App/usbd_cdc_if.c ****   CDC_TransmitCplt_FS
 145:USB_DEVICE/App/usbd_cdc_if.c **** };
 146:USB_DEVICE/App/usbd_cdc_if.c **** 
 147:USB_DEVICE/App/usbd_cdc_if.c **** /* Private functions ---------------------------------------------------------*/
 148:USB_DEVICE/App/usbd_cdc_if.c **** /**
 149:USB_DEVICE/App/usbd_cdc_if.c ****   * @brief  Initializes the CDC media low layer over the FS USB IP
 150:USB_DEVICE/App/usbd_cdc_if.c ****   * @retval USBD_OK if all operations are OK else USBD_FAIL
 151:USB_DEVICE/App/usbd_cdc_if.c ****   */
 152:USB_DEVICE/App/usbd_cdc_if.c **** static int8_t CDC_Init_FS(void)
 153:USB_DEVICE/App/usbd_cdc_if.c **** {
  53              		.loc 1 153 1
  54              		.cfi_startproc
  55              		@ args = 0, pretend = 0, frame = 0
  56              		@ frame_needed = 1, uses_anonymous_args = 0
  57 0000 80B5     		push	{r7, lr}
  58              	.LCFI0:
  59              		.cfi_def_cfa_offset 8
  60              		.cfi_offset 7, -8
  61              		.cfi_offset 14, -4
  62 0002 00AF     		add	r7, sp, #0
  63              	.LCFI1:
  64              		.cfi_def_cfa_register 7
 154:USB_DEVICE/App/usbd_cdc_if.c ****   /* USER CODE BEGIN 3 */
 155:USB_DEVICE/App/usbd_cdc_if.c ****   /* Set Application Buffers */
 156:USB_DEVICE/App/usbd_cdc_if.c ****   USBD_CDC_SetTxBuffer(&hUsbDeviceFS, UserTxBufferFS, 0);
  65              		.loc 1 156 3
  66 0004 0022     		movs	r2, #0
  67 0006 0549     		ldr	r1, .L3
  68 0008 0548     		ldr	r0, .L3+4
  69 000a FFF7FEFF 		bl	USBD_CDC_SetTxBuffer
 157:USB_DEVICE/App/usbd_cdc_if.c ****   USBD_CDC_SetRxBuffer(&hUsbDeviceFS, UserRxBufferFS);
  70              		.loc 1 157 3
ARM GAS  /tmp/ccyDG36W.s 			page 5


  71 000e 0549     		ldr	r1, .L3+8
  72 0010 0348     		ldr	r0, .L3+4
  73 0012 FFF7FEFF 		bl	USBD_CDC_SetRxBuffer
 158:USB_DEVICE/App/usbd_cdc_if.c ****   return (USBD_OK);
  74              		.loc 1 158 10
  75 0016 0023     		movs	r3, #0
 159:USB_DEVICE/App/usbd_cdc_if.c ****   /* USER CODE END 3 */
 160:USB_DEVICE/App/usbd_cdc_if.c **** }
  76              		.loc 1 160 1
  77 0018 1846     		mov	r0, r3
  78 001a 80BD     		pop	{r7, pc}
  79              	.L4:
  80              		.align	2
  81              	.L3:
  82 001c 00000000 		.word	UserTxBufferFS
  83 0020 00000000 		.word	hUsbDeviceFS
  84 0024 00000000 		.word	UserRxBufferFS
  85              		.cfi_endproc
  86              	.LFE224:
  88              		.section	.text.CDC_DeInit_FS,"ax",%progbits
  89              		.align	1
  90              		.syntax unified
  91              		.thumb
  92              		.thumb_func
  94              	CDC_DeInit_FS:
  95              	.LFB225:
 161:USB_DEVICE/App/usbd_cdc_if.c **** 
 162:USB_DEVICE/App/usbd_cdc_if.c **** /**
 163:USB_DEVICE/App/usbd_cdc_if.c ****   * @brief  DeInitializes the CDC media low layer
 164:USB_DEVICE/App/usbd_cdc_if.c ****   * @retval USBD_OK if all operations are OK else USBD_FAIL
 165:USB_DEVICE/App/usbd_cdc_if.c ****   */
 166:USB_DEVICE/App/usbd_cdc_if.c **** static int8_t CDC_DeInit_FS(void)
 167:USB_DEVICE/App/usbd_cdc_if.c **** {
  96              		.loc 1 167 1
  97              		.cfi_startproc
  98              		@ args = 0, pretend = 0, frame = 0
  99              		@ frame_needed = 1, uses_anonymous_args = 0
 100              		@ link register save eliminated.
 101 0000 80B4     		push	{r7}
 102              	.LCFI2:
 103              		.cfi_def_cfa_offset 4
 104              		.cfi_offset 7, -4
 105 0002 00AF     		add	r7, sp, #0
 106              	.LCFI3:
 107              		.cfi_def_cfa_register 7
 168:USB_DEVICE/App/usbd_cdc_if.c ****   /* USER CODE BEGIN 4 */
 169:USB_DEVICE/App/usbd_cdc_if.c ****   return (USBD_OK);
 108              		.loc 1 169 10
 109 0004 0023     		movs	r3, #0
 170:USB_DEVICE/App/usbd_cdc_if.c ****   /* USER CODE END 4 */
 171:USB_DEVICE/App/usbd_cdc_if.c **** }
 110              		.loc 1 171 1
 111 0006 1846     		mov	r0, r3
 112 0008 BD46     		mov	sp, r7
 113              	.LCFI4:
 114              		.cfi_def_cfa_register 13
 115              		@ sp needed
ARM GAS  /tmp/ccyDG36W.s 			page 6


 116 000a 80BC     		pop	{r7}
 117              	.LCFI5:
 118              		.cfi_restore 7
 119              		.cfi_def_cfa_offset 0
 120 000c 7047     		bx	lr
 121              		.cfi_endproc
 122              	.LFE225:
 124              		.section	.text.CDC_Control_FS,"ax",%progbits
 125              		.align	1
 126              		.syntax unified
 127              		.thumb
 128              		.thumb_func
 130              	CDC_Control_FS:
 131              	.LFB226:
 172:USB_DEVICE/App/usbd_cdc_if.c **** 
 173:USB_DEVICE/App/usbd_cdc_if.c **** /**
 174:USB_DEVICE/App/usbd_cdc_if.c ****   * @brief  Manage the CDC class requests
 175:USB_DEVICE/App/usbd_cdc_if.c ****   * @param  cmd: Command code
 176:USB_DEVICE/App/usbd_cdc_if.c ****   * @param  pbuf: Buffer containing command data (request parameters)
 177:USB_DEVICE/App/usbd_cdc_if.c ****   * @param  length: Number of data to be sent (in bytes)
 178:USB_DEVICE/App/usbd_cdc_if.c ****   * @retval Result of the operation: USBD_OK if all operations are OK else USBD_FAIL
 179:USB_DEVICE/App/usbd_cdc_if.c ****   */
 180:USB_DEVICE/App/usbd_cdc_if.c **** static int8_t CDC_Control_FS(uint8_t cmd, uint8_t* pbuf, uint16_t length)
 181:USB_DEVICE/App/usbd_cdc_if.c **** {
 132              		.loc 1 181 1
 133              		.cfi_startproc
 134              		@ args = 0, pretend = 0, frame = 8
 135              		@ frame_needed = 1, uses_anonymous_args = 0
 136              		@ link register save eliminated.
 137 0000 80B4     		push	{r7}
 138              	.LCFI6:
 139              		.cfi_def_cfa_offset 4
 140              		.cfi_offset 7, -4
 141 0002 83B0     		sub	sp, sp, #12
 142              	.LCFI7:
 143              		.cfi_def_cfa_offset 16
 144 0004 00AF     		add	r7, sp, #0
 145              	.LCFI8:
 146              		.cfi_def_cfa_register 7
 147 0006 0346     		mov	r3, r0
 148 0008 3960     		str	r1, [r7]
 149 000a FB71     		strb	r3, [r7, #7]
 150 000c 1346     		mov	r3, r2	@ movhi
 151 000e BB80     		strh	r3, [r7, #4]	@ movhi
 182:USB_DEVICE/App/usbd_cdc_if.c ****   /* USER CODE BEGIN 5 */
 183:USB_DEVICE/App/usbd_cdc_if.c ****   switch(cmd)
 152              		.loc 1 183 3
 153 0010 FB79     		ldrb	r3, [r7, #7]	@ zero_extendqisi2
 154 0012 232B     		cmp	r3, #35
 155 0014 1ED0     		beq	.L20
 156 0016 232B     		cmp	r3, #35
 157 0018 1EDC     		bgt	.L21
 158 001a 222B     		cmp	r3, #34
 159 001c 1ED0     		beq	.L22
 160 001e 222B     		cmp	r3, #34
 161 0020 1ADC     		bgt	.L21
 162 0022 212B     		cmp	r3, #33
ARM GAS  /tmp/ccyDG36W.s 			page 7


 163 0024 1CD0     		beq	.L23
 164 0026 212B     		cmp	r3, #33
 165 0028 16DC     		bgt	.L21
 166 002a 202B     		cmp	r3, #32
 167 002c 1AD0     		beq	.L24
 168 002e 202B     		cmp	r3, #32
 169 0030 12DC     		bgt	.L21
 170 0032 042B     		cmp	r3, #4
 171 0034 18D0     		beq	.L25
 172 0036 042B     		cmp	r3, #4
 173 0038 0EDC     		bgt	.L21
 174 003a 032B     		cmp	r3, #3
 175 003c 16D0     		beq	.L26
 176 003e 032B     		cmp	r3, #3
 177 0040 0ADC     		bgt	.L21
 178 0042 022B     		cmp	r3, #2
 179 0044 14D0     		beq	.L27
 180 0046 022B     		cmp	r3, #2
 181 0048 06DC     		bgt	.L21
 182 004a 002B     		cmp	r3, #0
 183 004c 12D0     		beq	.L28
 184 004e 012B     		cmp	r3, #1
 185 0050 12D0     		beq	.L29
 184:USB_DEVICE/App/usbd_cdc_if.c ****   {
 185:USB_DEVICE/App/usbd_cdc_if.c ****     case CDC_SEND_ENCAPSULATED_COMMAND:
 186:USB_DEVICE/App/usbd_cdc_if.c **** 
 187:USB_DEVICE/App/usbd_cdc_if.c ****     break;
 188:USB_DEVICE/App/usbd_cdc_if.c **** 
 189:USB_DEVICE/App/usbd_cdc_if.c ****     case CDC_GET_ENCAPSULATED_RESPONSE:
 190:USB_DEVICE/App/usbd_cdc_if.c **** 
 191:USB_DEVICE/App/usbd_cdc_if.c ****     break;
 192:USB_DEVICE/App/usbd_cdc_if.c **** 
 193:USB_DEVICE/App/usbd_cdc_if.c ****     case CDC_SET_COMM_FEATURE:
 194:USB_DEVICE/App/usbd_cdc_if.c **** 
 195:USB_DEVICE/App/usbd_cdc_if.c ****     break;
 196:USB_DEVICE/App/usbd_cdc_if.c **** 
 197:USB_DEVICE/App/usbd_cdc_if.c ****     case CDC_GET_COMM_FEATURE:
 198:USB_DEVICE/App/usbd_cdc_if.c **** 
 199:USB_DEVICE/App/usbd_cdc_if.c ****     break;
 200:USB_DEVICE/App/usbd_cdc_if.c **** 
 201:USB_DEVICE/App/usbd_cdc_if.c ****     case CDC_CLEAR_COMM_FEATURE:
 202:USB_DEVICE/App/usbd_cdc_if.c **** 
 203:USB_DEVICE/App/usbd_cdc_if.c ****     break;
 204:USB_DEVICE/App/usbd_cdc_if.c **** 
 205:USB_DEVICE/App/usbd_cdc_if.c ****   /*******************************************************************************/
 206:USB_DEVICE/App/usbd_cdc_if.c ****   /* Line Coding Structure                                                       */
 207:USB_DEVICE/App/usbd_cdc_if.c ****   /*-----------------------------------------------------------------------------*/
 208:USB_DEVICE/App/usbd_cdc_if.c ****   /* Offset | Field       | Size | Value  | Description                          */
 209:USB_DEVICE/App/usbd_cdc_if.c ****   /* 0      | dwDTERate   |   4  | Number |Data terminal rate, in bits per second*/
 210:USB_DEVICE/App/usbd_cdc_if.c ****   /* 4      | bCharFormat |   1  | Number | Stop bits                            */
 211:USB_DEVICE/App/usbd_cdc_if.c ****   /*                                        0 - 1 Stop bit                       */
 212:USB_DEVICE/App/usbd_cdc_if.c ****   /*                                        1 - 1.5 Stop bits                    */
 213:USB_DEVICE/App/usbd_cdc_if.c ****   /*                                        2 - 2 Stop bits                      */
 214:USB_DEVICE/App/usbd_cdc_if.c ****   /* 5      | bParityType |  1   | Number | Parity                               */
 215:USB_DEVICE/App/usbd_cdc_if.c ****   /*                                        0 - None                             */
 216:USB_DEVICE/App/usbd_cdc_if.c ****   /*                                        1 - Odd                              */
 217:USB_DEVICE/App/usbd_cdc_if.c ****   /*                                        2 - Even                             */
ARM GAS  /tmp/ccyDG36W.s 			page 8


 218:USB_DEVICE/App/usbd_cdc_if.c ****   /*                                        3 - Mark                             */
 219:USB_DEVICE/App/usbd_cdc_if.c ****   /*                                        4 - Space                            */
 220:USB_DEVICE/App/usbd_cdc_if.c ****   /* 6      | bDataBits  |   1   | Number Data bits (5, 6, 7, 8 or 16).          */
 221:USB_DEVICE/App/usbd_cdc_if.c ****   /*******************************************************************************/
 222:USB_DEVICE/App/usbd_cdc_if.c ****     case CDC_SET_LINE_CODING:
 223:USB_DEVICE/App/usbd_cdc_if.c **** 
 224:USB_DEVICE/App/usbd_cdc_if.c ****     break;
 225:USB_DEVICE/App/usbd_cdc_if.c **** 
 226:USB_DEVICE/App/usbd_cdc_if.c ****     case CDC_GET_LINE_CODING:
 227:USB_DEVICE/App/usbd_cdc_if.c **** 
 228:USB_DEVICE/App/usbd_cdc_if.c ****     break;
 229:USB_DEVICE/App/usbd_cdc_if.c **** 
 230:USB_DEVICE/App/usbd_cdc_if.c ****     case CDC_SET_CONTROL_LINE_STATE:
 231:USB_DEVICE/App/usbd_cdc_if.c **** 
 232:USB_DEVICE/App/usbd_cdc_if.c ****     break;
 233:USB_DEVICE/App/usbd_cdc_if.c **** 
 234:USB_DEVICE/App/usbd_cdc_if.c ****     case CDC_SEND_BREAK:
 235:USB_DEVICE/App/usbd_cdc_if.c **** 
 236:USB_DEVICE/App/usbd_cdc_if.c ****     break;
 237:USB_DEVICE/App/usbd_cdc_if.c **** 
 238:USB_DEVICE/App/usbd_cdc_if.c ****   default:
 239:USB_DEVICE/App/usbd_cdc_if.c ****     break;
 186              		.loc 1 239 5
 187 0052 01E0     		b	.L21
 188              	.L20:
 236:USB_DEVICE/App/usbd_cdc_if.c **** 
 189              		.loc 1 236 5
 190 0054 00BF     		nop
 191 0056 10E0     		b	.L18
 192              	.L21:
 193              		.loc 1 239 5
 194 0058 00BF     		nop
 195 005a 0EE0     		b	.L18
 196              	.L22:
 232:USB_DEVICE/App/usbd_cdc_if.c **** 
 197              		.loc 1 232 5
 198 005c 00BF     		nop
 199 005e 0CE0     		b	.L18
 200              	.L23:
 228:USB_DEVICE/App/usbd_cdc_if.c **** 
 201              		.loc 1 228 5
 202 0060 00BF     		nop
 203 0062 0AE0     		b	.L18
 204              	.L24:
 224:USB_DEVICE/App/usbd_cdc_if.c **** 
 205              		.loc 1 224 5
 206 0064 00BF     		nop
 207 0066 08E0     		b	.L18
 208              	.L25:
 203:USB_DEVICE/App/usbd_cdc_if.c **** 
 209              		.loc 1 203 5
 210 0068 00BF     		nop
 211 006a 06E0     		b	.L18
 212              	.L26:
 199:USB_DEVICE/App/usbd_cdc_if.c **** 
 213              		.loc 1 199 5
 214 006c 00BF     		nop
ARM GAS  /tmp/ccyDG36W.s 			page 9


 215 006e 04E0     		b	.L18
 216              	.L27:
 195:USB_DEVICE/App/usbd_cdc_if.c **** 
 217              		.loc 1 195 5
 218 0070 00BF     		nop
 219 0072 02E0     		b	.L18
 220              	.L28:
 187:USB_DEVICE/App/usbd_cdc_if.c **** 
 221              		.loc 1 187 5
 222 0074 00BF     		nop
 223 0076 00E0     		b	.L18
 224              	.L29:
 191:USB_DEVICE/App/usbd_cdc_if.c **** 
 225              		.loc 1 191 5
 226 0078 00BF     		nop
 227              	.L18:
 240:USB_DEVICE/App/usbd_cdc_if.c ****   }
 241:USB_DEVICE/App/usbd_cdc_if.c **** 
 242:USB_DEVICE/App/usbd_cdc_if.c ****   return (USBD_OK);
 228              		.loc 1 242 10
 229 007a 0023     		movs	r3, #0
 243:USB_DEVICE/App/usbd_cdc_if.c ****   /* USER CODE END 5 */
 244:USB_DEVICE/App/usbd_cdc_if.c **** }
 230              		.loc 1 244 1
 231 007c 1846     		mov	r0, r3
 232 007e 0C37     		adds	r7, r7, #12
 233              	.LCFI9:
 234              		.cfi_def_cfa_offset 4
 235 0080 BD46     		mov	sp, r7
 236              	.LCFI10:
 237              		.cfi_def_cfa_register 13
 238              		@ sp needed
 239 0082 80BC     		pop	{r7}
 240              	.LCFI11:
 241              		.cfi_restore 7
 242              		.cfi_def_cfa_offset 0
 243 0084 7047     		bx	lr
 244              		.cfi_endproc
 245              	.LFE226:
 247              		.section	.text.CDC_Receive_FS,"ax",%progbits
 248              		.align	1
 249              		.syntax unified
 250              		.thumb
 251              		.thumb_func
 253              	CDC_Receive_FS:
 254              	.LFB227:
 245:USB_DEVICE/App/usbd_cdc_if.c **** 
 246:USB_DEVICE/App/usbd_cdc_if.c **** /**
 247:USB_DEVICE/App/usbd_cdc_if.c ****   * @brief  Data received over USB OUT endpoint are sent over CDC interface
 248:USB_DEVICE/App/usbd_cdc_if.c ****   *         through this function.
 249:USB_DEVICE/App/usbd_cdc_if.c ****   *
 250:USB_DEVICE/App/usbd_cdc_if.c ****   *         @note
 251:USB_DEVICE/App/usbd_cdc_if.c ****   *         This function will issue a NAK packet on any OUT packet received on
 252:USB_DEVICE/App/usbd_cdc_if.c ****   *         USB endpoint until exiting this function. If you exit this function
 253:USB_DEVICE/App/usbd_cdc_if.c ****   *         before transfer is complete on CDC interface (ie. using DMA controller)
 254:USB_DEVICE/App/usbd_cdc_if.c ****   *         it will result in receiving more data while previous ones are still
 255:USB_DEVICE/App/usbd_cdc_if.c ****   *         not sent.
ARM GAS  /tmp/ccyDG36W.s 			page 10


 256:USB_DEVICE/App/usbd_cdc_if.c ****   *
 257:USB_DEVICE/App/usbd_cdc_if.c ****   * @param  Buf: Buffer of data to be received
 258:USB_DEVICE/App/usbd_cdc_if.c ****   * @param  Len: Number of data received (in bytes)
 259:USB_DEVICE/App/usbd_cdc_if.c ****   * @retval Result of the operation: USBD_OK if all operations are OK else USBD_FAIL
 260:USB_DEVICE/App/usbd_cdc_if.c ****   */
 261:USB_DEVICE/App/usbd_cdc_if.c **** static int8_t CDC_Receive_FS(uint8_t* Buf, uint32_t *Len)
 262:USB_DEVICE/App/usbd_cdc_if.c **** {
 255              		.loc 1 262 1
 256              		.cfi_startproc
 257              		@ args = 0, pretend = 0, frame = 8
 258              		@ frame_needed = 1, uses_anonymous_args = 0
 259 0000 80B5     		push	{r7, lr}
 260              	.LCFI12:
 261              		.cfi_def_cfa_offset 8
 262              		.cfi_offset 7, -8
 263              		.cfi_offset 14, -4
 264 0002 82B0     		sub	sp, sp, #8
 265              	.LCFI13:
 266              		.cfi_def_cfa_offset 16
 267 0004 00AF     		add	r7, sp, #0
 268              	.LCFI14:
 269              		.cfi_def_cfa_register 7
 270 0006 7860     		str	r0, [r7, #4]
 271 0008 3960     		str	r1, [r7]
 263:USB_DEVICE/App/usbd_cdc_if.c ****   /* USER CODE BEGIN 6 */
 264:USB_DEVICE/App/usbd_cdc_if.c ****   USBD_CDC_SetRxBuffer(&hUsbDeviceFS, &Buf[0]);
 272              		.loc 1 264 3
 273 000a 7968     		ldr	r1, [r7, #4]
 274 000c 0548     		ldr	r0, .L32
 275 000e FFF7FEFF 		bl	USBD_CDC_SetRxBuffer
 265:USB_DEVICE/App/usbd_cdc_if.c ****   USBD_CDC_ReceivePacket(&hUsbDeviceFS);
 276              		.loc 1 265 3
 277 0012 0448     		ldr	r0, .L32
 278 0014 FFF7FEFF 		bl	USBD_CDC_ReceivePacket
 266:USB_DEVICE/App/usbd_cdc_if.c ****   return (USBD_OK);
 279              		.loc 1 266 10
 280 0018 0023     		movs	r3, #0
 267:USB_DEVICE/App/usbd_cdc_if.c ****   /* USER CODE END 6 */
 268:USB_DEVICE/App/usbd_cdc_if.c **** }
 281              		.loc 1 268 1
 282 001a 1846     		mov	r0, r3
 283 001c 0837     		adds	r7, r7, #8
 284              	.LCFI15:
 285              		.cfi_def_cfa_offset 8
 286 001e BD46     		mov	sp, r7
 287              	.LCFI16:
 288              		.cfi_def_cfa_register 13
 289              		@ sp needed
 290 0020 80BD     		pop	{r7, pc}
 291              	.L33:
 292 0022 00BF     		.align	2
 293              	.L32:
 294 0024 00000000 		.word	hUsbDeviceFS
 295              		.cfi_endproc
 296              	.LFE227:
 298              		.section	.text.CDC_Transmit_FS,"ax",%progbits
 299              		.align	1
ARM GAS  /tmp/ccyDG36W.s 			page 11


 300              		.global	CDC_Transmit_FS
 301              		.syntax unified
 302              		.thumb
 303              		.thumb_func
 305              	CDC_Transmit_FS:
 306              	.LFB228:
 269:USB_DEVICE/App/usbd_cdc_if.c **** 
 270:USB_DEVICE/App/usbd_cdc_if.c **** /**
 271:USB_DEVICE/App/usbd_cdc_if.c ****   * @brief  CDC_Transmit_FS
 272:USB_DEVICE/App/usbd_cdc_if.c ****   *         Data to send over USB IN endpoint are sent over CDC interface
 273:USB_DEVICE/App/usbd_cdc_if.c ****   *         through this function.
 274:USB_DEVICE/App/usbd_cdc_if.c ****   *         @note
 275:USB_DEVICE/App/usbd_cdc_if.c ****   *
 276:USB_DEVICE/App/usbd_cdc_if.c ****   *
 277:USB_DEVICE/App/usbd_cdc_if.c ****   * @param  Buf: Buffer of data to be sent
 278:USB_DEVICE/App/usbd_cdc_if.c ****   * @param  Len: Number of data to be sent (in bytes)
 279:USB_DEVICE/App/usbd_cdc_if.c ****   * @retval USBD_OK if all operations are OK else USBD_FAIL or USBD_BUSY
 280:USB_DEVICE/App/usbd_cdc_if.c ****   */
 281:USB_DEVICE/App/usbd_cdc_if.c **** uint8_t CDC_Transmit_FS(uint8_t* Buf, uint16_t Len)
 282:USB_DEVICE/App/usbd_cdc_if.c **** {
 307              		.loc 1 282 1
 308              		.cfi_startproc
 309              		@ args = 0, pretend = 0, frame = 16
 310              		@ frame_needed = 1, uses_anonymous_args = 0
 311 0000 80B5     		push	{r7, lr}
 312              	.LCFI17:
 313              		.cfi_def_cfa_offset 8
 314              		.cfi_offset 7, -8
 315              		.cfi_offset 14, -4
 316 0002 84B0     		sub	sp, sp, #16
 317              	.LCFI18:
 318              		.cfi_def_cfa_offset 24
 319 0004 00AF     		add	r7, sp, #0
 320              	.LCFI19:
 321              		.cfi_def_cfa_register 7
 322 0006 7860     		str	r0, [r7, #4]
 323 0008 0B46     		mov	r3, r1
 324 000a 7B80     		strh	r3, [r7, #2]	@ movhi
 283:USB_DEVICE/App/usbd_cdc_if.c ****   uint8_t result = USBD_OK;
 325              		.loc 1 283 11
 326 000c 0023     		movs	r3, #0
 327 000e FB73     		strb	r3, [r7, #15]
 284:USB_DEVICE/App/usbd_cdc_if.c ****   /* USER CODE BEGIN 7 */
 285:USB_DEVICE/App/usbd_cdc_if.c ****   USBD_CDC_HandleTypeDef *hcdc = (USBD_CDC_HandleTypeDef*)hUsbDeviceFS.pClassData;
 328              		.loc 1 285 27
 329 0010 0D4B     		ldr	r3, .L37
 330 0012 D3F8BC32 		ldr	r3, [r3, #700]
 331 0016 BB60     		str	r3, [r7, #8]
 286:USB_DEVICE/App/usbd_cdc_if.c ****   if (hcdc->TxState != 0){
 332              		.loc 1 286 11
 333 0018 BB68     		ldr	r3, [r7, #8]
 334 001a D3F81432 		ldr	r3, [r3, #532]
 335              		.loc 1 286 6
 336 001e 002B     		cmp	r3, #0
 337 0020 01D0     		beq	.L35
 287:USB_DEVICE/App/usbd_cdc_if.c ****     return USBD_BUSY;
 338              		.loc 1 287 12
ARM GAS  /tmp/ccyDG36W.s 			page 12


 339 0022 0123     		movs	r3, #1
 340 0024 0BE0     		b	.L36
 341              	.L35:
 288:USB_DEVICE/App/usbd_cdc_if.c ****   }
 289:USB_DEVICE/App/usbd_cdc_if.c ****   USBD_CDC_SetTxBuffer(&hUsbDeviceFS, Buf, Len);
 342              		.loc 1 289 3
 343 0026 7B88     		ldrh	r3, [r7, #2]
 344 0028 1A46     		mov	r2, r3
 345 002a 7968     		ldr	r1, [r7, #4]
 346 002c 0648     		ldr	r0, .L37
 347 002e FFF7FEFF 		bl	USBD_CDC_SetTxBuffer
 290:USB_DEVICE/App/usbd_cdc_if.c ****   result = USBD_CDC_TransmitPacket(&hUsbDeviceFS);
 348              		.loc 1 290 12
 349 0032 0548     		ldr	r0, .L37
 350 0034 FFF7FEFF 		bl	USBD_CDC_TransmitPacket
 351 0038 0346     		mov	r3, r0
 352 003a FB73     		strb	r3, [r7, #15]
 291:USB_DEVICE/App/usbd_cdc_if.c ****   /* USER CODE END 7 */
 292:USB_DEVICE/App/usbd_cdc_if.c ****   return result;
 353              		.loc 1 292 10
 354 003c FB7B     		ldrb	r3, [r7, #15]	@ zero_extendqisi2
 355              	.L36:
 293:USB_DEVICE/App/usbd_cdc_if.c **** }
 356              		.loc 1 293 1
 357 003e 1846     		mov	r0, r3
 358 0040 1037     		adds	r7, r7, #16
 359              	.LCFI20:
 360              		.cfi_def_cfa_offset 8
 361 0042 BD46     		mov	sp, r7
 362              	.LCFI21:
 363              		.cfi_def_cfa_register 13
 364              		@ sp needed
 365 0044 80BD     		pop	{r7, pc}
 366              	.L38:
 367 0046 00BF     		.align	2
 368              	.L37:
 369 0048 00000000 		.word	hUsbDeviceFS
 370              		.cfi_endproc
 371              	.LFE228:
 373              		.section	.text.CDC_TransmitCplt_FS,"ax",%progbits
 374              		.align	1
 375              		.syntax unified
 376              		.thumb
 377              		.thumb_func
 379              	CDC_TransmitCplt_FS:
 380              	.LFB229:
 294:USB_DEVICE/App/usbd_cdc_if.c **** 
 295:USB_DEVICE/App/usbd_cdc_if.c **** /**
 296:USB_DEVICE/App/usbd_cdc_if.c ****   * @brief  CDC_TransmitCplt_FS
 297:USB_DEVICE/App/usbd_cdc_if.c ****   *         Data transmitted callback
 298:USB_DEVICE/App/usbd_cdc_if.c ****   *
 299:USB_DEVICE/App/usbd_cdc_if.c ****   *         @note
 300:USB_DEVICE/App/usbd_cdc_if.c ****   *         This function is IN transfer complete callback used to inform user that
 301:USB_DEVICE/App/usbd_cdc_if.c ****   *         the submitted Data is successfully sent over USB.
 302:USB_DEVICE/App/usbd_cdc_if.c ****   *
 303:USB_DEVICE/App/usbd_cdc_if.c ****   * @param  Buf: Buffer of data to be received
 304:USB_DEVICE/App/usbd_cdc_if.c ****   * @param  Len: Number of data received (in bytes)
ARM GAS  /tmp/ccyDG36W.s 			page 13


 305:USB_DEVICE/App/usbd_cdc_if.c ****   * @retval Result of the operation: USBD_OK if all operations are OK else USBD_FAIL
 306:USB_DEVICE/App/usbd_cdc_if.c ****   */
 307:USB_DEVICE/App/usbd_cdc_if.c **** static int8_t CDC_TransmitCplt_FS(uint8_t *Buf, uint32_t *Len, uint8_t epnum)
 308:USB_DEVICE/App/usbd_cdc_if.c **** {
 381              		.loc 1 308 1
 382              		.cfi_startproc
 383              		@ args = 0, pretend = 0, frame = 24
 384              		@ frame_needed = 1, uses_anonymous_args = 0
 385              		@ link register save eliminated.
 386 0000 80B4     		push	{r7}
 387              	.LCFI22:
 388              		.cfi_def_cfa_offset 4
 389              		.cfi_offset 7, -4
 390 0002 87B0     		sub	sp, sp, #28
 391              	.LCFI23:
 392              		.cfi_def_cfa_offset 32
 393 0004 00AF     		add	r7, sp, #0
 394              	.LCFI24:
 395              		.cfi_def_cfa_register 7
 396 0006 F860     		str	r0, [r7, #12]
 397 0008 B960     		str	r1, [r7, #8]
 398 000a 1346     		mov	r3, r2
 399 000c FB71     		strb	r3, [r7, #7]
 309:USB_DEVICE/App/usbd_cdc_if.c ****   uint8_t result = USBD_OK;
 400              		.loc 1 309 11
 401 000e 0023     		movs	r3, #0
 402 0010 FB75     		strb	r3, [r7, #23]
 310:USB_DEVICE/App/usbd_cdc_if.c ****   /* USER CODE BEGIN 13 */
 311:USB_DEVICE/App/usbd_cdc_if.c ****   UNUSED(Buf);
 312:USB_DEVICE/App/usbd_cdc_if.c ****   UNUSED(Len);
 313:USB_DEVICE/App/usbd_cdc_if.c ****   UNUSED(epnum);
 314:USB_DEVICE/App/usbd_cdc_if.c ****   /* USER CODE END 13 */
 315:USB_DEVICE/App/usbd_cdc_if.c ****   return result;
 403              		.loc 1 315 10
 404 0012 97F91730 		ldrsb	r3, [r7, #23]
 316:USB_DEVICE/App/usbd_cdc_if.c **** }
 405              		.loc 1 316 1
 406 0016 1846     		mov	r0, r3
 407 0018 1C37     		adds	r7, r7, #28
 408              	.LCFI25:
 409              		.cfi_def_cfa_offset 4
 410 001a BD46     		mov	sp, r7
 411              	.LCFI26:
 412              		.cfi_def_cfa_register 13
 413              		@ sp needed
 414 001c 80BC     		pop	{r7}
 415              	.LCFI27:
 416              		.cfi_restore 7
 417              		.cfi_def_cfa_offset 0
 418 001e 7047     		bx	lr
 419              		.cfi_endproc
 420              	.LFE229:
 422              		.text
 423              	.Letext0:
 424              		.file 2 "/home/fabio/arm-gnu-toolchain-15.2.rel1-x86_64-arm-none-eabi/arm-none-eabi/include/machin
 425              		.file 3 "/home/fabio/arm-gnu-toolchain-15.2.rel1-x86_64-arm-none-eabi/arm-none-eabi/include/sys/_s
 426              		.file 4 "Middlewares/ST/STM32_USB_Device_Library/Core/Inc/usbd_def.h"
ARM GAS  /tmp/ccyDG36W.s 			page 14


 427              		.file 5 "Middlewares/ST/STM32_USB_Device_Library/Class/CDC/Inc/usbd_cdc.h"
 428              		.file 6 "USB_DEVICE/App/usbd_cdc_if.h"
ARM GAS  /tmp/ccyDG36W.s 			page 15


DEFINED SYMBOLS
                            *ABS*:00000000 usbd_cdc_if.c
     /tmp/ccyDG36W.s:25     .bss.UserRxBufferFS:00000000 UserRxBufferFS
     /tmp/ccyDG36W.s:22     .bss.UserRxBufferFS:00000000 $d
     /tmp/ccyDG36W.s:32     .bss.UserTxBufferFS:00000000 UserTxBufferFS
     /tmp/ccyDG36W.s:29     .bss.UserTxBufferFS:00000000 $d
     /tmp/ccyDG36W.s:39     .data.USBD_Interface_fops_FS:00000000 USBD_Interface_fops_FS
     /tmp/ccyDG36W.s:36     .data.USBD_Interface_fops_FS:00000000 $d
     /tmp/ccyDG36W.s:51     .text.CDC_Init_FS:00000000 CDC_Init_FS
     /tmp/ccyDG36W.s:94     .text.CDC_DeInit_FS:00000000 CDC_DeInit_FS
     /tmp/ccyDG36W.s:130    .text.CDC_Control_FS:00000000 CDC_Control_FS
     /tmp/ccyDG36W.s:253    .text.CDC_Receive_FS:00000000 CDC_Receive_FS
     /tmp/ccyDG36W.s:379    .text.CDC_TransmitCplt_FS:00000000 CDC_TransmitCplt_FS
     /tmp/ccyDG36W.s:46     .text.CDC_Init_FS:00000000 $t
     /tmp/ccyDG36W.s:82     .text.CDC_Init_FS:0000001c $d
     /tmp/ccyDG36W.s:89     .text.CDC_DeInit_FS:00000000 $t
     /tmp/ccyDG36W.s:125    .text.CDC_Control_FS:00000000 $t
     /tmp/ccyDG36W.s:248    .text.CDC_Receive_FS:00000000 $t
     /tmp/ccyDG36W.s:294    .text.CDC_Receive_FS:00000024 $d
     /tmp/ccyDG36W.s:299    .text.CDC_Transmit_FS:00000000 $t
     /tmp/ccyDG36W.s:305    .text.CDC_Transmit_FS:00000000 CDC_Transmit_FS
     /tmp/ccyDG36W.s:369    .text.CDC_Transmit_FS:00000048 $d
     /tmp/ccyDG36W.s:374    .text.CDC_TransmitCplt_FS:00000000 $t

UNDEFINED SYMBOLS
USBD_CDC_SetTxBuffer
USBD_CDC_SetRxBuffer
hUsbDeviceFS
USBD_CDC_ReceivePacket
USBD_CDC_TransmitPacket
