ARM GAS  /tmp/ccyO8JJJ.s 			page 1


   1              		.cpu cortex-m4
   2              		.arch armv7e-m
   3              		.fpu fpv4-sp-d16
   4              		.eabi_attribute 27, 1
   5              		.eabi_attribute 28, 1
   6              		.eabi_attribute 20, 1
   7              		.eabi_attribute 21, 1
   8              		.eabi_attribute 23, 3
   9              		.eabi_attribute 24, 1
  10              		.eabi_attribute 25, 1
  11              		.eabi_attribute 26, 1
  12              		.eabi_attribute 30, 6
  13              		.eabi_attribute 34, 1
  14              		.eabi_attribute 18, 4
  15              		.file	"application.c"
  16              		.text
  17              	.Ltext0:
  18              		.cfi_sections	.debug_frame
  19              		.file 1 "Core/Src/application.c"
  20              		.global	msg
  21              		.section	.bss.msg,"aw",%nobits
  22              		.align	2
  25              	msg:
  26 0000 00000000 		.space	256
  26      00000000 
  26      00000000 
  26      00000000 
  26      00000000 
  27              		.global	ds18
  28              		.section	.bss.ds18,"aw",%nobits
  29              		.align	2
  32              	ds18:
  33 0000 00000000 		.space	124
  33      00000000 
  33      00000000 
  33      00000000 
  33      00000000 
  34              		.section	.text.ds18_tim_cb,"ax",%progbits
  35              		.align	1
  36              		.global	ds18_tim_cb
  37              		.syntax unified
  38              		.thumb
  39              		.thumb_func
  41              	ds18_tim_cb:
  42              	.LFB227:
   1:Core/Src/application.c **** #include "cmsis_os.h"
   2:Core/Src/application.c **** #include "stm32f4xx_hal.h"
   3:Core/Src/application.c **** #include "radioenge_modem.h"
   4:Core/Src/application.c **** #include "main.h"
   5:Core/Src/application.c **** #include "ow.h"
   6:Core/Src/application.c **** #include <stdio.h>
   7:Core/Src/application.c **** #include <string.h>
   8:Core/Src/application.c **** 
   9:Core/Src/application.c **** extern osTimerId_t PeriodicSendTimerHandle;
  10:Core/Src/application.c **** extern osThreadId_t AppSendTaskHandle;
  11:Core/Src/application.c **** extern ADC_HandleTypeDef hadc1;
  12:Core/Src/application.c **** extern osEventFlagsId_t ModemStatusFlagsHandle;
ARM GAS  /tmp/ccyO8JJJ.s 			page 2


  13:Core/Src/application.c **** extern TIM_HandleTypeDef htim2;
  14:Core/Src/application.c **** extern TIM_HandleTypeDef htim3;
  15:Core/Src/application.c **** extern TIM_HandleTypeDef htim5;
  16:Core/Src/application.c **** extern osMessageQueueId_t ACControladorQueueHandle;
  17:Core/Src/application.c **** 
  18:Core/Src/application.c **** /* USER CODE BEGIN 0 */
  19:Core/Src/application.c **** char msg[256];
  20:Core/Src/application.c **** 
  21:Core/Src/application.c **** ow_t ds18;
  22:Core/Src/application.c **** 
  23:Core/Src/application.c **** void ds18_tim_cb(TIM_HandleTypeDef *htim)
  24:Core/Src/application.c **** {
  43              		.loc 1 24 1
  44              		.cfi_startproc
  45              		@ args = 0, pretend = 0, frame = 8
  46              		@ frame_needed = 1, uses_anonymous_args = 0
  47 0000 80B5     		push	{r7, lr}
  48              	.LCFI0:
  49              		.cfi_def_cfa_offset 8
  50              		.cfi_offset 7, -8
  51              		.cfi_offset 14, -4
  52 0002 82B0     		sub	sp, sp, #8
  53              	.LCFI1:
  54              		.cfi_def_cfa_offset 16
  55 0004 00AF     		add	r7, sp, #0
  56              	.LCFI2:
  57              		.cfi_def_cfa_register 7
  58 0006 7860     		str	r0, [r7, #4]
  25:Core/Src/application.c ****     ow_callback(&ds18);
  59              		.loc 1 25 5
  60 0008 0348     		ldr	r0, .L2
  61 000a FFF7FEFF 		bl	ow_callback
  26:Core/Src/application.c **** }
  62              		.loc 1 26 1
  63 000e 00BF     		nop
  64 0010 0837     		adds	r7, r7, #8
  65              	.LCFI3:
  66              		.cfi_def_cfa_offset 8
  67 0012 BD46     		mov	sp, r7
  68              	.LCFI4:
  69              		.cfi_def_cfa_register 13
  70              		@ sp needed
  71 0014 80BD     		pop	{r7, pc}
  72              	.L3:
  73 0016 00BF     		.align	2
  74              	.L2:
  75 0018 00000000 		.word	ds18
  76              		.cfi_endproc
  77              	.LFE227:
  79              		.section	.text.ds18_done_cb,"ax",%progbits
  80              		.align	1
  81              		.global	ds18_done_cb
  82              		.syntax unified
  83              		.thumb
  84              		.thumb_func
  86              	ds18_done_cb:
  87              	.LFB228:
ARM GAS  /tmp/ccyO8JJJ.s 			page 3


  27:Core/Src/application.c **** 
  28:Core/Src/application.c **** void ds18_done_cb(ow_err_t error)
  29:Core/Src/application.c **** {
  88              		.loc 1 29 1
  89              		.cfi_startproc
  90              		@ args = 0, pretend = 0, frame = 8
  91              		@ frame_needed = 1, uses_anonymous_args = 0
  92              		@ link register save eliminated.
  93 0000 80B4     		push	{r7}
  94              	.LCFI5:
  95              		.cfi_def_cfa_offset 4
  96              		.cfi_offset 7, -4
  97 0002 83B0     		sub	sp, sp, #12
  98              	.LCFI6:
  99              		.cfi_def_cfa_offset 16
 100 0004 00AF     		add	r7, sp, #0
 101              	.LCFI7:
 102              		.cfi_def_cfa_register 7
 103 0006 0346     		mov	r3, r0
 104 0008 FB71     		strb	r3, [r7, #7]
  30:Core/Src/application.c ****     // Final do Callback DS18 (Sensor de temperatura)
  31:Core/Src/application.c **** }
 105              		.loc 1 31 1
 106 000a 00BF     		nop
 107 000c 0C37     		adds	r7, r7, #12
 108              	.LCFI8:
 109              		.cfi_def_cfa_offset 4
 110 000e BD46     		mov	sp, r7
 111              	.LCFI9:
 112              		.cfi_def_cfa_register 13
 113              		@ sp needed
 114 0010 80BC     		pop	{r7}
 115              	.LCFI10:
 116              		.cfi_restore 7
 117              		.cfi_def_cfa_offset 0
 118 0012 7047     		bx	lr
 119              		.cfi_endproc
 120              	.LFE228:
 122              		.section	.text.LoRaWAN_RxEventCallback,"ax",%progbits
 123              		.align	1
 124              		.global	LoRaWAN_RxEventCallback
 125              		.syntax unified
 126              		.thumb
 127              		.thumb_func
 129              	LoRaWAN_RxEventCallback:
 130              	.LFB229:
  32:Core/Src/application.c **** 
  33:Core/Src/application.c **** /* USER CODE END 0 */
  34:Core/Src/application.c **** 
  35:Core/Src/application.c **** 
  36:Core/Src/application.c **** void LoRaWAN_RxEventCallback(uint8_t *data, uint32_t length, uint32_t port, int32_t rssi, int32_t s
  37:Core/Src/application.c **** {
 131              		.loc 1 37 1
 132              		.cfi_startproc
 133              		@ args = 4, pretend = 0, frame = 16
 134              		@ frame_needed = 1, uses_anonymous_args = 0
 135              		@ link register save eliminated.
ARM GAS  /tmp/ccyO8JJJ.s 			page 4


 136 0000 80B4     		push	{r7}
 137              	.LCFI11:
 138              		.cfi_def_cfa_offset 4
 139              		.cfi_offset 7, -4
 140 0002 85B0     		sub	sp, sp, #20
 141              	.LCFI12:
 142              		.cfi_def_cfa_offset 24
 143 0004 00AF     		add	r7, sp, #0
 144              	.LCFI13:
 145              		.cfi_def_cfa_register 7
 146 0006 F860     		str	r0, [r7, #12]
 147 0008 B960     		str	r1, [r7, #8]
 148 000a 7A60     		str	r2, [r7, #4]
 149 000c 3B60     		str	r3, [r7]
  38:Core/Src/application.c ****     /*
  39:Core/Src/application.c ****     AC_CONTROLADOR_OBJ_t comando;
  40:Core/Src/application.c ****     memcpy((uint8_t *)(&comando),data,length/2);
  41:Core/Src/application.c ****     osMessageQueuePut(ACControladorQueueHandle, &comando, 0U, osWaitForever);
  42:Core/Src/application.c ****     */
  43:Core/Src/application.c **** }
 150              		.loc 1 43 1
 151 000e 00BF     		nop
 152 0010 1437     		adds	r7, r7, #20
 153              	.LCFI14:
 154              		.cfi_def_cfa_offset 4
 155 0012 BD46     		mov	sp, r7
 156              	.LCFI15:
 157              		.cfi_def_cfa_register 13
 158              		@ sp needed
 159 0014 80BC     		pop	{r7}
 160              	.LCFI16:
 161              		.cfi_restore 7
 162              		.cfi_def_cfa_offset 0
 163 0016 7047     		bx	lr
 164              		.cfi_endproc
 165              	.LFE229:
 167              		.section	.rodata
 168              		.align	2
 169              	.LC0:
 170 0000 436F6D70 		.ascii	"Compressor_power mantido em %u%%\012\000"
 170      72657373 
 170      6F725F70 
 170      6F776572 
 170      206D616E 
 171 0022 0000     		.align	2
 172              	.LC1:
 173 0024 436F6D70 		.ascii	"Compressor_power ajustado para %u%%\012\000"
 173      72657373 
 173      6F725F70 
 173      6F776572 
 173      20616A75 
 174 0049 000000   		.align	2
 175              	.LC2:
 176 004c 4572726F 		.ascii	"Erro: Compressor_power fora do intervalo (valor = %"
 176      3A20436F 
 176      6D707265 
 176      73736F72 
ARM GAS  /tmp/ccyO8JJJ.s 			page 5


 176      5F706F77 
 177 007f 75290A00 		.ascii	"u)\012\000"
 178              		.section	.text.DutyCycleTaskCode,"ax",%progbits
 179              		.align	1
 180              		.global	DutyCycleTaskCode
 181              		.syntax unified
 182              		.thumb
 183              		.thumb_func
 185              	DutyCycleTaskCode:
 186              	.LFB230:
  44:Core/Src/application.c **** 
  45:Core/Src/application.c **** void DutyCycleTaskCode ( void * argument )
  46:Core/Src/application.c **** {
 187              		.loc 1 46 1
 188              		.cfi_startproc
 189              		@ args = 0, pretend = 0, frame = 24
 190              		@ frame_needed = 1, uses_anonymous_args = 0
 191 0000 80B5     		push	{r7, lr}
 192              	.LCFI17:
 193              		.cfi_def_cfa_offset 8
 194              		.cfi_offset 7, -8
 195              		.cfi_offset 14, -4
 196 0002 86B0     		sub	sp, sp, #24
 197              	.LCFI18:
 198              		.cfi_def_cfa_offset 32
 199 0004 00AF     		add	r7, sp, #0
 200              	.LCFI19:
 201              		.cfi_def_cfa_register 7
 202 0006 7860     		str	r0, [r7, #4]
 203              	.L12:
  47:Core/Src/application.c ****     
  48:Core/Src/application.c ****     AC_CONTROLADOR_OBJ_t pwm_data;
  49:Core/Src/application.c ****     osStatus_t status;
  50:Core/Src/application.c **** 
  51:Core/Src/application.c ****     uint16_t history;
  52:Core/Src/application.c ****     
  53:Core/Src/application.c **** 
  54:Core/Src/application.c ****     while (1)
  55:Core/Src/application.c ****     {
  56:Core/Src/application.c ****         
  57:Core/Src/application.c ****         status = osMessageQueueGet(ACControladorQueueHandle, &pwm_data, NULL, osWaitForever); 
 204              		.loc 1 57 18
 205 0008 234B     		ldr	r3, .L13
 206 000a 1868     		ldr	r0, [r3]
 207 000c 07F10C01 		add	r1, r7, #12
 208 0010 4FF0FF33 		mov	r3, #-1
 209 0014 0022     		movs	r2, #0
 210 0016 FFF7FEFF 		bl	osMessageQueueGet
 211 001a 3861     		str	r0, [r7, #16]
  58:Core/Src/application.c ****         if (status == osOK)
 212              		.loc 1 58 12
 213 001c 3B69     		ldr	r3, [r7, #16]
 214 001e 002B     		cmp	r3, #0
 215 0020 F2D1     		bne	.L12
  59:Core/Src/application.c ****         {
  60:Core/Src/application.c ****             if (pwm_data.compressor_power >= 0 && pwm_data.compressor_power <= 100)
 216              		.loc 1 60 59
ARM GAS  /tmp/ccyO8JJJ.s 			page 6


 217 0022 BB89     		ldrh	r3, [r7, #12]
 218              		.loc 1 60 16
 219 0024 642B     		cmp	r3, #100
 220 0026 26D8     		bhi	.L8
 221              	.LBB2:
  61:Core/Src/application.c ****             {
  62:Core/Src/application.c ****                 if(pwm_data.compressor_power == history)
 222              		.loc 1 62 28
 223 0028 BB89     		ldrh	r3, [r7, #12]
 224              		.loc 1 62 19
 225 002a FA8A     		ldrh	r2, [r7, #22]
 226 002c 9A42     		cmp	r2, r3
 227 002e 06D1     		bne	.L9
  63:Core/Src/application.c ****                 {
  64:Core/Src/application.c ****                     sprintf(msg, "Compressor_power mantido em %u%%\n", pwm_data.compressor_power);
 228              		.loc 1 64 80
 229 0030 BB89     		ldrh	r3, [r7, #12]
 230              		.loc 1 64 21
 231 0032 1A46     		mov	r2, r3
 232 0034 1949     		ldr	r1, .L13+4
 233 0036 1A48     		ldr	r0, .L13+8
 234 0038 FFF7FEFF 		bl	sprintf
 235 003c 05E0     		b	.L10
 236              	.L9:
  65:Core/Src/application.c ****                 } else {
  66:Core/Src/application.c ****                     sprintf(msg, "Compressor_power ajustado para %u%%\n", pwm_data.compressor_power
 237              		.loc 1 66 83
 238 003e BB89     		ldrh	r3, [r7, #12]
 239              		.loc 1 66 21
 240 0040 1A46     		mov	r2, r3
 241 0042 1849     		ldr	r1, .L13+12
 242 0044 1648     		ldr	r0, .L13+8
 243 0046 FFF7FEFF 		bl	sprintf
 244              	.L10:
  67:Core/Src/application.c ****                 }
  68:Core/Src/application.c ****                 htim3.Instance->CCR2 = (htim3.Instance->ARR*pwm_data.compressor_power)/100;
 245              		.loc 1 68 46
 246 004a 174B     		ldr	r3, .L13+16
 247 004c 1B68     		ldr	r3, [r3]
 248              		.loc 1 68 55
 249 004e DB6A     		ldr	r3, [r3, #44]
 250              		.loc 1 68 69
 251 0050 BA89     		ldrh	r2, [r7, #12]
 252              		.loc 1 68 60
 253 0052 03FB02F2 		mul	r2, r3, r2
 254              		.loc 1 68 22
 255 0056 144B     		ldr	r3, .L13+16
 256 0058 1B68     		ldr	r3, [r3]
 257              		.loc 1 68 87
 258 005a 1449     		ldr	r1, .L13+20
 259 005c A1FB0212 		umull	r1, r2, r1, r2
 260 0060 5209     		lsrs	r2, r2, #5
 261              		.loc 1 68 38
 262 0062 9A63     		str	r2, [r3, #56]
  69:Core/Src/application.c ****                 SendToUART(msg, strlen(msg));
 263              		.loc 1 69 17
 264 0064 0E48     		ldr	r0, .L13+8
ARM GAS  /tmp/ccyO8JJJ.s 			page 7


 265 0066 FFF7FEFF 		bl	strlen
 266 006a 0346     		mov	r3, r0
 267              		.loc 1 69 17 is_stmt 0 discriminator 1
 268 006c 1946     		mov	r1, r3
 269 006e 0C48     		ldr	r0, .L13+8
 270 0070 FFF7FEFF 		bl	SendToUART
 271              	.LBE2:
 272 0074 0DE0     		b	.L11
 273              	.L8:
 274              	.LBB3:
  70:Core/Src/application.c ****             } else {
  71:Core/Src/application.c ****                 sprintf(msg, "Erro: Compressor_power fora do intervalo (valor = %u)\n", pwm_data.co
 275              		.loc 1 71 97 is_stmt 1
 276 0076 BB89     		ldrh	r3, [r7, #12]
 277              		.loc 1 71 17
 278 0078 1A46     		mov	r2, r3
 279 007a 0D49     		ldr	r1, .L13+24
 280 007c 0848     		ldr	r0, .L13+8
 281 007e FFF7FEFF 		bl	sprintf
  72:Core/Src/application.c ****                 SendToUART(msg, strlen(msg));
 282              		.loc 1 72 17
 283 0082 0748     		ldr	r0, .L13+8
 284 0084 FFF7FEFF 		bl	strlen
 285 0088 0346     		mov	r3, r0
 286              		.loc 1 72 17 is_stmt 0 discriminator 1
 287 008a 1946     		mov	r1, r3
 288 008c 0448     		ldr	r0, .L13+8
 289 008e FFF7FEFF 		bl	SendToUART
 290              	.L11:
 291              	.LBE3:
  73:Core/Src/application.c ****             }
  74:Core/Src/application.c ****             history = pwm_data.compressor_power;
 292              		.loc 1 74 21 is_stmt 1
 293 0092 BB89     		ldrh	r3, [r7, #12]	@ movhi
 294 0094 FB82     		strh	r3, [r7, #22]	@ movhi
  57:Core/Src/application.c ****         if (status == osOK)
 295              		.loc 1 57 16
 296 0096 B7E7     		b	.L12
 297              	.L14:
 298              		.align	2
 299              	.L13:
 300 0098 00000000 		.word	ACControladorQueueHandle
 301 009c 00000000 		.word	.LC0
 302 00a0 00000000 		.word	msg
 303 00a4 24000000 		.word	.LC1
 304 00a8 00000000 		.word	htim3
 305 00ac 1F85EB51 		.word	1374389535
 306 00b0 4C000000 		.word	.LC2
 307              		.cfi_endproc
 308              	.LFE230:
 310              		.section	.text.PeriodicSendTimerCallback,"ax",%progbits
 311              		.align	1
 312              		.global	PeriodicSendTimerCallback
 313              		.syntax unified
 314              		.thumb
 315              		.thumb_func
 317              	PeriodicSendTimerCallback:
ARM GAS  /tmp/ccyO8JJJ.s 			page 8


 318              	.LFB231:
  75:Core/Src/application.c ****         }
  76:Core/Src/application.c ****     }
  77:Core/Src/application.c ****     //vTaskDelete(NULL); // DEBBUGING, DELETAR DEPOIS!!!!!!!!!!!!!!!!!!!!!!!!!!
  78:Core/Src/application.c **** }
  79:Core/Src/application.c **** 
  80:Core/Src/application.c **** 
  81:Core/Src/application.c **** void PeriodicSendTimerCallback(void *argument)
  82:Core/Src/application.c **** {
 319              		.loc 1 82 1
 320              		.cfi_startproc
 321              		@ args = 0, pretend = 0, frame = 8
 322              		@ frame_needed = 1, uses_anonymous_args = 0
 323              		@ link register save eliminated.
 324 0000 80B4     		push	{r7}
 325              	.LCFI20:
 326              		.cfi_def_cfa_offset 4
 327              		.cfi_offset 7, -4
 328 0002 83B0     		sub	sp, sp, #12
 329              	.LCFI21:
 330              		.cfi_def_cfa_offset 16
 331 0004 00AF     		add	r7, sp, #0
 332              	.LCFI22:
 333              		.cfi_def_cfa_register 7
 334 0006 7860     		str	r0, [r7, #4]
  83:Core/Src/application.c **** }
 335              		.loc 1 83 1
 336 0008 00BF     		nop
 337 000a 0C37     		adds	r7, r7, #12
 338              	.LCFI23:
 339              		.cfi_def_cfa_offset 4
 340 000c BD46     		mov	sp, r7
 341              	.LCFI24:
 342              		.cfi_def_cfa_register 13
 343              		@ sp needed
 344 000e 80BC     		pop	{r7}
 345              	.LCFI25:
 346              		.cfi_restore 7
 347              		.cfi_def_cfa_offset 0
 348 0010 7047     		bx	lr
 349              		.cfi_endproc
 350              	.LFE231:
 352              		.section	.text.AppSendTaskCode,"ax",%progbits
 353              		.align	1
 354              		.global	AppSendTaskCode
 355              		.syntax unified
 356              		.thumb
 357              		.thumb_func
 359              	AppSendTaskCode:
 360              	.LFB232:
  84:Core/Src/application.c **** 
  85:Core/Src/application.c **** void AppSendTaskCode(void *argument)
  86:Core/Src/application.c **** {
 361              		.loc 1 86 1
 362              		.cfi_startproc
 363              		@ args = 0, pretend = 0, frame = 96
 364              		@ frame_needed = 1, uses_anonymous_args = 0
ARM GAS  /tmp/ccyO8JJJ.s 			page 9


 365 0000 80B5     		push	{r7, lr}
 366              	.LCFI26:
 367              		.cfi_def_cfa_offset 8
 368              		.cfi_offset 7, -8
 369              		.cfi_offset 14, -4
 370 0002 9AB0     		sub	sp, sp, #104
 371              	.LCFI27:
 372              		.cfi_def_cfa_offset 112
 373 0004 02AF     		add	r7, sp, #8
 374              	.LCFI28:
 375              		.cfi_def_cfa 7, 104
 376 0006 7860     		str	r0, [r7, #4]
  87:Core/Src/application.c ****     // Structure Enviada
  88:Core/Src/application.c ****     SENSORES_OBJ_t leitura;
  89:Core/Src/application.c ****     leitura.seq_no = 0;
 377              		.loc 1 89 20
 378 0008 0023     		movs	r3, #0
 379 000a 3B87     		strh	r3, [r7, #56]	@ movhi
  90:Core/Src/application.c ****     // Leituras de ADC
  91:Core/Src/application.c ****     float nivel_float = 0.0f;
 380              		.loc 1 91 11
 381 000c 4FF00003 		mov	r3, #0
 382 0010 FB65     		str	r3, [r7, #92]	@ float
  92:Core/Src/application.c ****     float ph_float = 0.0f;
 383              		.loc 1 92 11
 384 0012 4FF00003 		mov	r3, #0
 385 0016 BB65     		str	r3, [r7, #88]	@ float
  93:Core/Src/application.c ****     float turb_float = 0.0f;
 386              		.loc 1 93 11
 387 0018 4FF00003 		mov	r3, #0
 388 001c 7B65     		str	r3, [r7, #84]	@ float
  94:Core/Src/application.c ****     float temp_float = 0.0f;
 389              		.loc 1 94 11
 390 001e 4FF00003 		mov	r3, #0
 391 0022 3B65     		str	r3, [r7, #80]	@ float
  95:Core/Src/application.c ****     float vazao_float = 0.0f;
 392              		.loc 1 95 11
 393 0024 4FF00003 		mov	r3, #0
 394 0028 FB64     		str	r3, [r7, #76]	@ float
  96:Core/Src/application.c ****     // Sensores
  97:Core/Src/application.c ****     uint32_t echo_time;
  98:Core/Src/application.c ****     uint16_t adc_value;
  99:Core/Src/application.c ****     uint8_t data[16];
 100:Core/Src/application.c ****     uint16_t temperatura;
 101:Core/Src/application.c ****     uint32_t vazao_pulsos = 0;
 395              		.loc 1 101 14
 396 002a 0023     		movs	r3, #0
 397 002c BB64     		str	r3, [r7, #72]
 102:Core/Src/application.c ****     // Inicialização do OneWire para o sensor de temperatura DS18B20
 103:Core/Src/application.c ****     ow_init_t ow_init_struct;
 104:Core/Src/application.c ****     ow_init_struct.tim_handle = &htim3;
 398              		.loc 1 104 31
 399 002e B24B     		ldr	r3, .L24
 400 0030 FB60     		str	r3, [r7, #12]
 105:Core/Src/application.c ****     ow_init_struct.gpio = TEMP_DATA_GPIO_Port;
 401              		.loc 1 105 25
 402 0032 B24B     		ldr	r3, .L24+4
ARM GAS  /tmp/ccyO8JJJ.s 			page 10


 403 0034 FB61     		str	r3, [r7, #28]
 106:Core/Src/application.c ****     ow_init_struct.pin = TEMP_DATA_Pin;
 404              		.loc 1 106 24
 405 0036 2023     		movs	r3, #32
 406 0038 3B84     		strh	r3, [r7, #32]	@ movhi
 107:Core/Src/application.c ****     ow_init_struct.tim_cb = ds18_tim_cb;
 407              		.loc 1 107 27
 408 003a B14B     		ldr	r3, .L24+8
 409 003c 3B61     		str	r3, [r7, #16]
 108:Core/Src/application.c ****     ow_init_struct.done_cb = ds18_done_cb;
 410              		.loc 1 108 28
 411 003e B14B     		ldr	r3, .L24+12
 412 0040 7B61     		str	r3, [r7, #20]
 109:Core/Src/application.c ****     ow_init_struct.rom_id_filter = 0;
 413              		.loc 1 109 34
 414 0042 0023     		movs	r3, #0
 415 0044 3B76     		strb	r3, [r7, #24]
 110:Core/Src/application.c **** 
 111:Core/Src/application.c ****     ow_init(&ds18, &ow_init_struct);
 416              		.loc 1 111 5
 417 0046 07F10C03 		add	r3, r7, #12
 418 004a 1946     		mov	r1, r3
 419 004c AE48     		ldr	r0, .L24+16
 420 004e FFF7FEFF 		bl	ow_init
 421              	.L23:
 422              	.LBB4:
 112:Core/Src/application.c **** 
 113:Core/Src/application.c **** 
 114:Core/Src/application.c ****     while (1)
 115:Core/Src/application.c ****     {   
 116:Core/Src/application.c ****         // Sensor de Nível JSN-SR04T
 117:Core/Src/application.c ****         xTaskNotifyStateClear(NULL); // Remove qualquer notificação da tarefa
 423              		.loc 1 117 9
 424 0052 0020     		movs	r0, #0
 425 0054 FFF7FEFF 		bl	xTaskNotifyStateClear
 118:Core/Src/application.c ****         //HAL_TIM_IC_Stop(&htim2, TIM_CHANNEL_1);
 119:Core/Src/application.c ****         //HAL_TIM_IC_Stop_IT(&htim2, TIM_CHANNEL_2);
 120:Core/Src/application.c ****         __HAL_TIM_SET_COUNTER(&htim2, 0);
 426              		.loc 1 120 9
 427 0058 AC4B     		ldr	r3, .L24+20
 428 005a 1B68     		ldr	r3, [r3]
 429 005c 0022     		movs	r2, #0
 430 005e 5A62     		str	r2, [r3, #36]
 121:Core/Src/application.c ****         //__HAL_TIM_CLEAR_FLAG(&htim2, TIM_FLAG_CC1 | TIM_FLAG_CC2);
 122:Core/Src/application.c ****         HAL_TIM_IC_Start(&htim2, TIM_CHANNEL_1); // Inicializa a captura da borda de subida
 431              		.loc 1 122 9
 432 0060 0021     		movs	r1, #0
 433 0062 AA48     		ldr	r0, .L24+20
 434 0064 FFF7FEFF 		bl	HAL_TIM_IC_Start
 123:Core/Src/application.c ****         HAL_TIM_IC_Start_IT(&htim2, TIM_CHANNEL_2); // Inicializa a captura da borda de descida com
 435              		.loc 1 123 9
 436 0068 0421     		movs	r1, #4
 437 006a A848     		ldr	r0, .L24+20
 438 006c FFF7FEFF 		bl	HAL_TIM_IC_Start_IT
 124:Core/Src/application.c ****         HAL_GPIO_WritePin(NIVEL_TRIG_GPIO_Port,NIVEL_TRIG_Pin, GPIO_PIN_SET); // Gera pulso de trig
 439              		.loc 1 124 9
 440 0070 0122     		movs	r2, #1
ARM GAS  /tmp/ccyO8JJJ.s 			page 11


 441 0072 1021     		movs	r1, #16
 442 0074 A148     		ldr	r0, .L24+4
 443 0076 FFF7FEFF 		bl	HAL_GPIO_WritePin
 125:Core/Src/application.c ****         //vTaskDelay(pdMS_TO_TICKS(1)); // Bloqueia a tarefa por 1 ms
 126:Core/Src/application.c ****         delay_us(10); // Aguarda 10 us para garantir o pulso de trigger
 444              		.loc 1 126 9
 445 007a 0A20     		movs	r0, #10
 446 007c FFF7FEFF 		bl	delay_us
 127:Core/Src/application.c ****         HAL_GPIO_WritePin(NIVEL_TRIG_GPIO_Port,NIVEL_TRIG_Pin, GPIO_PIN_RESET); // Desliga o pulso 
 447              		.loc 1 127 9
 448 0080 0022     		movs	r2, #0
 449 0082 1021     		movs	r1, #16
 450 0084 9D48     		ldr	r0, .L24+4
 451 0086 FFF7FEFF 		bl	HAL_GPIO_WritePin
 128:Core/Src/application.c ****         if (xTaskNotifyWait(0, 0xFFFFFFFF, &echo_time, pdMS_TO_TICKS(1000)) == pdTRUE)
 452              		.loc 1 128 13
 453 008a 07F13402 		add	r2, r7, #52
 454 008e 4FF47A73 		mov	r3, #1000
 455 0092 4FF0FF31 		mov	r1, #-1
 456 0096 0020     		movs	r0, #0
 457 0098 FFF7FEFF 		bl	xTaskNotifyWait
 458 009c 0346     		mov	r3, r0
 459              		.loc 1 128 12 discriminator 1
 460 009e 012B     		cmp	r3, #1
 461 00a0 17D1     		bne	.L17
 129:Core/Src/application.c ****         {
 130:Core/Src/application.c ****         nivel_float = ((float)echo_time * 343.0f) / 2000.0f;
 462              		.loc 1 130 24
 463 00a2 7B6B     		ldr	r3, [r7, #52]
 464 00a4 07EE903A 		vmov	s15, r3	@ int
 465 00a8 F8EE677A 		vcvt.f32.u32	s15, s15
 466              		.loc 1 130 41
 467 00ac 9FED987A 		vldr.32	s14, .L24+24
 468 00b0 27EE877A 		vmul.f32	s14, s15, s14
 469              		.loc 1 130 21
 470 00b4 DFED976A 		vldr.32	s13, .L24+28
 471 00b8 C7EE267A 		vdiv.f32	s15, s14, s13
 472 00bc C7ED177A 		vstr.32	s15, [r7, #92]
 131:Core/Src/application.c ****         leitura.nivel_mm = (uint16_t)nivel_float;
 473              		.loc 1 131 28
 474 00c0 D7ED177A 		vldr.32	s15, [r7, #92]
 475 00c4 FCEEE77A 		vcvt.u32.f32	s15, s15
 476 00c8 17EE903A 		vmov	r3, s15	@ int
 477 00cc 9BB2     		uxth	r3, r3
 478              		.loc 1 131 26
 479 00ce 7B87     		strh	r3, [r7, #58]	@ movhi
 480 00d0 0CE0     		b	.L18
 481              	.L17:
 132:Core/Src/application.c ****         }
 133:Core/Src/application.c ****         else // Erro do sensor ou leitura demora mais que 100 ms
 134:Core/Src/application.c ****         {
 135:Core/Src/application.c ****         nivel_float = 0.0f;
 482              		.loc 1 135 21
 483 00d2 4FF00003 		mov	r3, #0
 484 00d6 FB65     		str	r3, [r7, #92]	@ float
 136:Core/Src/application.c ****         leitura.nivel_mm = 0;
 485              		.loc 1 136 26
ARM GAS  /tmp/ccyO8JJJ.s 			page 12


 486 00d8 0023     		movs	r3, #0
 487 00da 7B87     		strh	r3, [r7, #58]	@ movhi
 137:Core/Src/application.c ****         HAL_TIM_IC_Stop(&htim2, TIM_CHANNEL_1); // Garante que o timer pare, mesmo em caso de erro
 488              		.loc 1 137 9
 489 00dc 0021     		movs	r1, #0
 490 00de 8B48     		ldr	r0, .L24+20
 491 00e0 FFF7FEFF 		bl	HAL_TIM_IC_Stop
 138:Core/Src/application.c ****         HAL_TIM_IC_Stop_IT(&htim2, TIM_CHANNEL_2); // Garante que o timer pare, mesmo em caso de er
 492              		.loc 1 138 9
 493 00e4 0421     		movs	r1, #4
 494 00e6 8948     		ldr	r0, .L24+20
 495 00e8 FFF7FEFF 		bl	HAL_TIM_IC_Stop_IT
 496              	.L18:
 139:Core/Src/application.c ****         }
 140:Core/Src/application.c **** 
 141:Core/Src/application.c ****         
 142:Core/Src/application.c ****         // Sensor de PH ph4502c
 143:Core/Src/application.c ****         ADC1_Set_Channel(ADC_CHANNEL_2);
 497              		.loc 1 143 9
 498 00ec 0220     		movs	r0, #2
 499 00ee FFF7FEFF 		bl	ADC1_Set_Channel
 144:Core/Src/application.c ****         HAL_ADC_Start(&hadc1);
 500              		.loc 1 144 9
 501 00f2 8948     		ldr	r0, .L24+32
 502 00f4 FFF7FEFF 		bl	HAL_ADC_Start
 145:Core/Src/application.c ****         HAL_ADC_PollForConversion(&hadc1, 100);
 503              		.loc 1 145 9
 504 00f8 6421     		movs	r1, #100
 505 00fa 8748     		ldr	r0, .L24+32
 506 00fc FFF7FEFF 		bl	HAL_ADC_PollForConversion
 146:Core/Src/application.c ****         adc_value = HAL_ADC_GetValue(&hadc1); // Lê o valor do ADC
 507              		.loc 1 146 21
 508 0100 8548     		ldr	r0, .L24+32
 509 0102 FFF7FEFF 		bl	HAL_ADC_GetValue
 510 0106 0346     		mov	r3, r0
 511              		.loc 1 146 19 discriminator 1
 512 0108 A7F84630 		strh	r3, [r7, #70]	@ movhi
 147:Core/Src/application.c ****         ph_float = ((float)adc_value * 5.0f) / 4095.0f; // Calcula a tensão do sensor (até 5V), a
 513              		.loc 1 147 21
 514 010c B7F84630 		ldrh	r3, [r7, #70]
 515 0110 07EE903A 		vmov	s15, r3	@ int
 516 0114 F8EE677A 		vcvt.f32.u32	s15, s15
 517              		.loc 1 147 38
 518 0118 B1EE047A 		vmov.f32	s14, #5.0e+0
 519 011c 27EE877A 		vmul.f32	s14, s15, s14
 520              		.loc 1 147 18
 521 0120 DFED7E6A 		vldr.32	s13, .L24+36
 522 0124 C7EE267A 		vdiv.f32	s15, s14, s13
 523 0128 C7ED167A 		vstr.32	s15, [r7, #88]
 148:Core/Src/application.c ****         ph_float = 7.0f + ((2.62f-ph_float)/0.18f); // Setpoint do sensor se encontra em 2.62 V par
 524              		.loc 1 148 34
 525 012c 9FED7C7A 		vldr.32	s14, .L24+40
 526 0130 D7ED167A 		vldr.32	s15, [r7, #88]
 527 0134 37EE677A 		vsub.f32	s14, s14, s15
 528              		.loc 1 148 44
 529 0138 DFED7A6A 		vldr.32	s13, .L24+44
 530 013c C7EE267A 		vdiv.f32	s15, s14, s13
ARM GAS  /tmp/ccyO8JJJ.s 			page 13


 531              		.loc 1 148 18
 532 0140 B1EE0C7A 		vmov.f32	s14, #7.0e+0
 533 0144 77EE877A 		vadd.f32	s15, s15, s14
 534 0148 C7ED167A 		vstr.32	s15, [r7, #88]
 149:Core/Src/application.c ****         leitura.ph_x100 = (uint16_t)(ph_float * 100.0f);
 535              		.loc 1 149 47
 536 014c D7ED167A 		vldr.32	s15, [r7, #88]
 537 0150 9FED757A 		vldr.32	s14, .L24+48
 538 0154 67EE877A 		vmul.f32	s15, s15, s14
 539              		.loc 1 149 27
 540 0158 FCEEE77A 		vcvt.u32.f32	s15, s15
 541 015c 17EE903A 		vmov	r3, s15	@ int
 542 0160 9BB2     		uxth	r3, r3
 543              		.loc 1 149 25
 544 0162 BB87     		strh	r3, [r7, #60]	@ movhi
 150:Core/Src/application.c **** 
 151:Core/Src/application.c **** 
 152:Core/Src/application.c ****         // Sensor de Turbidez TS-300B
 153:Core/Src/application.c ****         ADC1_Set_Channel(ADC_CHANNEL_3);
 545              		.loc 1 153 9
 546 0164 0320     		movs	r0, #3
 547 0166 FFF7FEFF 		bl	ADC1_Set_Channel
 154:Core/Src/application.c ****         HAL_ADC_Start(&hadc1);
 548              		.loc 1 154 9
 549 016a 6B48     		ldr	r0, .L24+32
 550 016c FFF7FEFF 		bl	HAL_ADC_Start
 155:Core/Src/application.c ****         HAL_ADC_PollForConversion(&hadc1, 100);
 551              		.loc 1 155 9
 552 0170 6421     		movs	r1, #100
 553 0172 6948     		ldr	r0, .L24+32
 554 0174 FFF7FEFF 		bl	HAL_ADC_PollForConversion
 156:Core/Src/application.c ****         adc_value = HAL_ADC_GetValue(&hadc1); // Lê o valor do ADC
 555              		.loc 1 156 21
 556 0178 6748     		ldr	r0, .L24+32
 557 017a FFF7FEFF 		bl	HAL_ADC_GetValue
 558 017e 0346     		mov	r3, r0
 559              		.loc 1 156 19 discriminator 1
 560 0180 A7F84630 		strh	r3, [r7, #70]	@ movhi
 157:Core/Src/application.c ****         turb_float = ((float)adc_value * 5.0f) / 4095.0f; // Calcula a tensão do sensor (até 5V),
 561              		.loc 1 157 23
 562 0184 B7F84630 		ldrh	r3, [r7, #70]
 563 0188 07EE903A 		vmov	s15, r3	@ int
 564 018c F8EE677A 		vcvt.f32.u32	s15, s15
 565              		.loc 1 157 40
 566 0190 B1EE047A 		vmov.f32	s14, #5.0e+0
 567 0194 27EE877A 		vmul.f32	s14, s15, s14
 568              		.loc 1 157 20
 569 0198 DFED606A 		vldr.32	s13, .L24+36
 570 019c C7EE267A 		vdiv.f32	s15, s14, s13
 571 01a0 C7ED157A 		vstr.32	s15, [r7, #84]
 158:Core/Src/application.c ****         turb_float = 4000.0f * (1.0f - (turb_float / 3.68f)); // Setpoint do sensor se encontra em 
 572              		.loc 1 158 52
 573 01a4 97ED157A 		vldr.32	s14, [r7, #84]
 574 01a8 DFED606A 		vldr.32	s13, .L24+52
 575 01ac C7EE267A 		vdiv.f32	s15, s14, s13
 576              		.loc 1 158 38
 577 01b0 B7EE007A 		vmov.f32	s14, #1.0e+0
ARM GAS  /tmp/ccyO8JJJ.s 			page 14


 578 01b4 77EE677A 		vsub.f32	s15, s14, s15
 579              		.loc 1 158 20
 580 01b8 9FED5D7A 		vldr.32	s14, .L24+56
 581 01bc 67EE877A 		vmul.f32	s15, s15, s14
 582 01c0 C7ED157A 		vstr.32	s15, [r7, #84]
 159:Core/Src/application.c ****         leitura.turbidez_x10 = (uint16_t)(turb_float * 10.0f);
 583              		.loc 1 159 54
 584 01c4 D7ED157A 		vldr.32	s15, [r7, #84]
 585 01c8 B2EE047A 		vmov.f32	s14, #1.0e+1
 586 01cc 67EE877A 		vmul.f32	s15, s15, s14
 587              		.loc 1 159 32
 588 01d0 FCEEE77A 		vcvt.u32.f32	s15, s15
 589 01d4 17EE903A 		vmov	r3, s15	@ int
 590 01d8 9BB2     		uxth	r3, r3
 591              		.loc 1 159 30
 592 01da FB87     		strh	r3, [r7, #62]	@ movhi
 160:Core/Src/application.c **** 
 161:Core/Src/application.c **** 
 162:Core/Src/application.c ****         // Sensor de Temperatura DS18B20
 163:Core/Src/application.c ****         ow_update_rom_id(&ds18);
 593              		.loc 1 163 9
 594 01dc 4A48     		ldr	r0, .L24+16
 595 01de FFF7FEFF 		bl	ow_update_rom_id
 164:Core/Src/application.c ****         while (ow_is_busy(&ds18))
 596              		.loc 1 164 15
 597 01e2 02E0     		b	.L19
 598              	.L20:
 165:Core/Src/application.c ****         {
 166:Core/Src/application.c ****             vTaskDelay(pdMS_TO_TICKS(1));
 599              		.loc 1 166 13
 600 01e4 0120     		movs	r0, #1
 601 01e6 FFF7FEFF 		bl	vTaskDelay
 602              	.L19:
 164:Core/Src/application.c ****         while (ow_is_busy(&ds18))
 603              		.loc 1 164 16
 604 01ea 4748     		ldr	r0, .L24+16
 605 01ec FFF7FEFF 		bl	ow_is_busy
 606 01f0 0346     		mov	r3, r0
 164:Core/Src/application.c ****         while (ow_is_busy(&ds18))
 607              		.loc 1 164 16 is_stmt 0 discriminator 1
 608 01f2 002B     		cmp	r3, #0
 609 01f4 F6D1     		bne	.L20
 167:Core/Src/application.c ****         }
 168:Core/Src/application.c ****         vTaskDelay(pdMS_TO_TICKS(10));
 610              		.loc 1 168 9 is_stmt 1
 611 01f6 0A20     		movs	r0, #10
 612 01f8 FFF7FEFF 		bl	vTaskDelay
 169:Core/Src/application.c ****         ow_xfer_by_id(&ds18, 0, 0x44, NULL, 0, 0);
 613              		.loc 1 169 9
 614 01fc 0023     		movs	r3, #0
 615 01fe 0193     		str	r3, [sp, #4]
 616 0200 0023     		movs	r3, #0
 617 0202 0093     		str	r3, [sp]
 618 0204 0023     		movs	r3, #0
 619 0206 4422     		movs	r2, #68
 620 0208 0021     		movs	r1, #0
 621 020a 3F48     		ldr	r0, .L24+16
ARM GAS  /tmp/ccyO8JJJ.s 			page 15


 622 020c FFF7FEFF 		bl	ow_xfer_by_id
 170:Core/Src/application.c ****         vTaskDelay(pdMS_TO_TICKS(1000));
 623              		.loc 1 170 9
 624 0210 4FF47A70 		mov	r0, #1000
 625 0214 FFF7FEFF 		bl	vTaskDelay
 171:Core/Src/application.c ****         ow_xfer_by_id(&ds18, 0, 0xBE, NULL, 0, 9);
 626              		.loc 1 171 9
 627 0218 0923     		movs	r3, #9
 628 021a 0193     		str	r3, [sp, #4]
 629 021c 0023     		movs	r3, #0
 630 021e 0093     		str	r3, [sp]
 631 0220 0023     		movs	r3, #0
 632 0222 BE22     		movs	r2, #190
 633 0224 0021     		movs	r1, #0
 634 0226 3848     		ldr	r0, .L24+16
 635 0228 FFF7FEFF 		bl	ow_xfer_by_id
 172:Core/Src/application.c ****         while (ow_is_busy(&ds18))
 636              		.loc 1 172 15
 637 022c 02E0     		b	.L21
 638              	.L22:
 173:Core/Src/application.c ****         {
 174:Core/Src/application.c ****             vTaskDelay(pdMS_TO_TICKS(1));
 639              		.loc 1 174 13
 640 022e 0120     		movs	r0, #1
 641 0230 FFF7FEFF 		bl	vTaskDelay
 642              	.L21:
 172:Core/Src/application.c ****         while (ow_is_busy(&ds18))
 643              		.loc 1 172 16
 644 0234 3448     		ldr	r0, .L24+16
 645 0236 FFF7FEFF 		bl	ow_is_busy
 646 023a 0346     		mov	r3, r0
 172:Core/Src/application.c ****         while (ow_is_busy(&ds18))
 647              		.loc 1 172 16 is_stmt 0 discriminator 1
 648 023c 002B     		cmp	r3, #0
 649 023e F6D1     		bne	.L22
 175:Core/Src/application.c ****         }
 176:Core/Src/application.c ****         ow_read_resp(&ds18, data, 16);
 650              		.loc 1 176 9 is_stmt 1
 651 0240 07F12403 		add	r3, r7, #36
 652 0244 1022     		movs	r2, #16
 653 0246 1946     		mov	r1, r3
 654 0248 2F48     		ldr	r0, .L24+16
 655 024a FFF7FEFF 		bl	ow_read_resp
 177:Core/Src/application.c ****         temperatura = (uint16_t)((data[1] << 8) | data[0]);
 656              		.loc 1 177 39
 657 024e 97F82530 		ldrb	r3, [r7, #37]	@ zero_extendqisi2
 658              		.loc 1 177 49
 659 0252 1BB2     		sxth	r3, r3
 660 0254 1B02     		lsls	r3, r3, #8
 661 0256 1AB2     		sxth	r2, r3
 662              		.loc 1 177 55
 663 0258 97F82430 		ldrb	r3, [r7, #36]	@ zero_extendqisi2
 664 025c 1BB2     		sxth	r3, r3
 665              		.loc 1 177 49
 666 025e 1343     		orrs	r3, r3, r2
 667 0260 1BB2     		sxth	r3, r3
 668              		.loc 1 177 21
ARM GAS  /tmp/ccyO8JJJ.s 			page 16


 669 0262 A7F84430 		strh	r3, [r7, #68]	@ movhi
 178:Core/Src/application.c ****         temp_float = (float)temperatura / 16.0f;
 670              		.loc 1 178 22
 671 0266 B7F84430 		ldrh	r3, [r7, #68]
 672 026a 07EE903A 		vmov	s15, r3	@ int
 673 026e B8EE677A 		vcvt.f32.u32	s14, s15
 674              		.loc 1 178 20
 675 0272 F3EE006A 		vmov.f32	s13, #1.6e+1
 676 0276 C7EE267A 		vdiv.f32	s15, s14, s13
 677 027a C7ED147A 		vstr.32	s15, [r7, #80]
 179:Core/Src/application.c ****         leitura.temperatura_x10 = (uint16_t)(temp_float * 10.0f);
 678              		.loc 1 179 57
 679 027e D7ED147A 		vldr.32	s15, [r7, #80]
 680 0282 B2EE047A 		vmov.f32	s14, #1.0e+1
 681 0286 67EE877A 		vmul.f32	s15, s15, s14
 682              		.loc 1 179 35
 683 028a FCEEE77A 		vcvt.u32.f32	s15, s15
 684 028e 17EE903A 		vmov	r3, s15	@ int
 685 0292 9BB2     		uxth	r3, r3
 686              		.loc 1 179 33
 687 0294 A7F84030 		strh	r3, [r7, #64]	@ movhi
 180:Core/Src/application.c **** 
 181:Core/Src/application.c **** 
 182:Core/Src/application.c ****         // Sensor de Vazão YF-B5
 183:Core/Src/application.c ****         __HAL_TIM_SET_COUNTER(&htim5, 0); // Reinicia a contagem de pulsos do sensor de vazão
 688              		.loc 1 183 9
 689 0298 264B     		ldr	r3, .L24+60
 690 029a 1B68     		ldr	r3, [r3]
 691 029c 0022     		movs	r2, #0
 692 029e 5A62     		str	r2, [r3, #36]
 184:Core/Src/application.c ****         vTaskDelay(pdMS_TO_TICKS(1000)); // Aguarda 1 segundo para a contagem de pulsos
 693              		.loc 1 184 9
 694 02a0 4FF47A70 		mov	r0, #1000
 695 02a4 FFF7FEFF 		bl	vTaskDelay
 185:Core/Src/application.c ****         vazao_pulsos = __HAL_TIM_GET_COUNTER(&htim5); // Obtém a frequência do sensor (pulsos em 
 696              		.loc 1 185 24
 697 02a8 224B     		ldr	r3, .L24+60
 698 02aa 1B68     		ldr	r3, [r3]
 699              		.loc 1 185 22
 700 02ac 5B6A     		ldr	r3, [r3, #36]
 701 02ae BB64     		str	r3, [r7, #72]
 186:Core/Src/application.c ****         vazao_float = (float)vazao_pulsos / 6.6f;
 702              		.loc 1 186 23
 703 02b0 BB6C     		ldr	r3, [r7, #72]
 704 02b2 07EE903A 		vmov	s15, r3	@ int
 705 02b6 B8EE677A 		vcvt.f32.u32	s14, s15
 706              		.loc 1 186 21
 707 02ba DFED1F6A 		vldr.32	s13, .L24+64
 708 02be C7EE267A 		vdiv.f32	s15, s14, s13
 709 02c2 C7ED137A 		vstr.32	s15, [r7, #76]
 187:Core/Src/application.c ****         leitura.vazao_litros_min_x10 = (uint16_t)(vazao_float * 10.0f);
 710              		.loc 1 187 63
 711 02c6 D7ED137A 		vldr.32	s15, [r7, #76]
 712 02ca B2EE047A 		vmov.f32	s14, #1.0e+1
 713 02ce 67EE877A 		vmul.f32	s15, s15, s14
 714              		.loc 1 187 40
 715 02d2 FCEEE77A 		vcvt.u32.f32	s15, s15
ARM GAS  /tmp/ccyO8JJJ.s 			page 17


 716 02d6 17EE903A 		vmov	r3, s15	@ int
 717 02da 9BB2     		uxth	r3, r3
 718              		.loc 1 187 38
 719 02dc A7F84230 		strh	r3, [r7, #66]	@ movhi
 188:Core/Src/application.c **** 
 189:Core/Src/application.c ****         // Envio dos dados
 190:Core/Src/application.c ****         leitura.seq_no++;
 720              		.loc 1 190 16
 721 02e0 3B8F     		ldrh	r3, [r7, #56]
 722              		.loc 1 190 23
 723 02e2 0133     		adds	r3, r3, #1
 724 02e4 9BB2     		uxth	r3, r3
 725 02e6 3B87     		strh	r3, [r7, #56]	@ movhi
 191:Core/Src/application.c ****         LoRaSendB(2, (uint8_t *)&leitura, sizeof(SENSORES_OBJ_t));
 726              		.loc 1 191 9
 727 02e8 07F13803 		add	r3, r7, #56
 728 02ec 0C22     		movs	r2, #12
 729 02ee 1946     		mov	r1, r3
 730 02f0 0220     		movs	r0, #2
 731 02f2 FFF7FEFF 		bl	LoRaSendB
 732              	.LBE4:
 115:Core/Src/application.c ****         // Sensor de Nível JSN-SR04T
 733              		.loc 1 115 5
 734 02f6 ACE6     		b	.L23
 735              	.L25:
 736              		.align	2
 737              	.L24:
 738 02f8 00000000 		.word	htim3
 739 02fc 00000240 		.word	1073872896
 740 0300 00000000 		.word	ds18_tim_cb
 741 0304 00000000 		.word	ds18_done_cb
 742 0308 00000000 		.word	ds18
 743 030c 00000000 		.word	htim2
 744 0310 0080AB43 		.word	1135312896
 745 0314 0000FA44 		.word	1157234688
 746 0318 00000000 		.word	hadc1
 747 031c 00F07F45 		.word	1166012416
 748 0320 14AE2740 		.word	1076342292
 749 0324 EC51383E 		.word	1043878380
 750 0328 0000C842 		.word	1120403456
 751 032c 1F856B40 		.word	1080788255
 752 0330 00007A45 		.word	1165623296
 753 0334 00000000 		.word	htim5
 754 0338 3333D340 		.word	1087583027
 755              		.cfi_endproc
 756              	.LFE232:
 758              		.section	.text.HAL_TIM_IC_CaptureCallback,"ax",%progbits
 759              		.align	1
 760              		.global	HAL_TIM_IC_CaptureCallback
 761              		.syntax unified
 762              		.thumb
 763              		.thumb_func
 765              	HAL_TIM_IC_CaptureCallback:
 766              	.LFB233:
 192:Core/Src/application.c ****     }
 193:Core/Src/application.c **** }
 194:Core/Src/application.c **** 
ARM GAS  /tmp/ccyO8JJJ.s 			page 18


 195:Core/Src/application.c **** /* USER CODE BEGIN 1 */
 196:Core/Src/application.c **** void HAL_TIM_IC_CaptureCallback(TIM_HandleTypeDef *htim)
 197:Core/Src/application.c **** {
 767              		.loc 1 197 1
 768              		.cfi_startproc
 769              		@ args = 0, pretend = 0, frame = 16
 770              		@ frame_needed = 1, uses_anonymous_args = 0
 771 0000 80B5     		push	{r7, lr}
 772              	.LCFI29:
 773              		.cfi_def_cfa_offset 8
 774              		.cfi_offset 7, -8
 775              		.cfi_offset 14, -4
 776 0002 86B0     		sub	sp, sp, #24
 777              	.LCFI30:
 778              		.cfi_def_cfa_offset 32
 779 0004 02AF     		add	r7, sp, #8
 780              	.LCFI31:
 781              		.cfi_def_cfa 7, 24
 782 0006 7860     		str	r0, [r7, #4]
 198:Core/Src/application.c ****     if (htim == &htim2)
 783              		.loc 1 198 8
 784 0008 7B68     		ldr	r3, [r7, #4]
 785 000a 194A     		ldr	r2, .L30
 786 000c 9342     		cmp	r3, r2
 787 000e 2AD1     		bne	.L29
 199:Core/Src/application.c ****     {
 200:Core/Src/application.c **** 
 201:Core/Src/application.c ****         if (htim->Channel == HAL_TIM_ACTIVE_CHANNEL_2)
 788              		.loc 1 201 17
 789 0010 7B68     		ldr	r3, [r7, #4]
 790 0012 1B7F     		ldrb	r3, [r3, #28]	@ zero_extendqisi2
 791              		.loc 1 201 12
 792 0014 022B     		cmp	r3, #2
 793 0016 26D1     		bne	.L29
 794              	.LBB5:
 202:Core/Src/application.c ****         {
 203:Core/Src/application.c ****             uint32_t elapsed;
 204:Core/Src/application.c ****             elapsed = htim->Instance->CCR2 - htim->Instance->CCR1;
 795              		.loc 1 204 27
 796 0018 7B68     		ldr	r3, [r7, #4]
 797 001a 1B68     		ldr	r3, [r3]
 798              		.loc 1 204 37
 799 001c 9A6B     		ldr	r2, [r3, #56]
 800              		.loc 1 204 50
 801 001e 7B68     		ldr	r3, [r7, #4]
 802 0020 1B68     		ldr	r3, [r3]
 803              		.loc 1 204 60
 804 0022 5B6B     		ldr	r3, [r3, #52]
 805              		.loc 1 204 21
 806 0024 D31A     		subs	r3, r2, r3
 807 0026 FB60     		str	r3, [r7, #12]
 205:Core/Src/application.c **** 
 206:Core/Src/application.c ****             BaseType_t xHigherPriorityTaskWoken = pdFALSE;
 808              		.loc 1 206 24
 809 0028 0023     		movs	r3, #0
 810 002a BB60     		str	r3, [r7, #8]
 207:Core/Src/application.c ****             xTaskNotifyFromISR(AppSendTaskHandle, elapsed, eSetValueWithOverwrite, &xHigherPriority
ARM GAS  /tmp/ccyO8JJJ.s 			page 19


 811              		.loc 1 207 13
 812 002c 114B     		ldr	r3, .L30+4
 813 002e 1868     		ldr	r0, [r3]
 814 0030 07F10803 		add	r3, r7, #8
 815 0034 0093     		str	r3, [sp]
 816 0036 0023     		movs	r3, #0
 817 0038 0322     		movs	r2, #3
 818 003a F968     		ldr	r1, [r7, #12]
 819 003c FFF7FEFF 		bl	xTaskGenericNotifyFromISR
 208:Core/Src/application.c ****             // Notifica a tarefa AppSendTaskHandle com o valor do tempo decorrido (elapsed)
 209:Core/Src/application.c **** 
 210:Core/Src/application.c ****             HAL_TIM_IC_Stop(&htim2, TIM_CHANNEL_1); // Para o timer
 820              		.loc 1 210 13
 821 0040 0021     		movs	r1, #0
 822 0042 0B48     		ldr	r0, .L30
 823 0044 FFF7FEFF 		bl	HAL_TIM_IC_Stop
 211:Core/Src/application.c ****             HAL_TIM_IC_Stop_IT(&htim2, TIM_CHANNEL_2); // Para o timer
 824              		.loc 1 211 13
 825 0048 0421     		movs	r1, #4
 826 004a 0948     		ldr	r0, .L30
 827 004c FFF7FEFF 		bl	HAL_TIM_IC_Stop_IT
 212:Core/Src/application.c **** 
 213:Core/Src/application.c ****             portYIELD_FROM_ISR(xHigherPriorityTaskWoken);
 828              		.loc 1 213 13
 829 0050 BB68     		ldr	r3, [r7, #8]
 830 0052 002B     		cmp	r3, #0
 831 0054 07D0     		beq	.L29
 832              		.loc 1 213 13 is_stmt 0 discriminator 1
 833 0056 084B     		ldr	r3, .L30+8
 834 0058 4FF08052 		mov	r2, #268435456
 835 005c 1A60     		str	r2, [r3]
 836              		.syntax unified
 837              	@ 213 "Core/Src/application.c" 1
 838 005e BFF34F8F 		dsb
 839              	@ 0 "" 2
 840              	@ 213 "Core/Src/application.c" 1
 841 0062 BFF36F8F 		isb
 842              	@ 0 "" 2
 843              		.thumb
 844              		.syntax unified
 845              	.L29:
 846              	.LBE5:
 214:Core/Src/application.c ****             // Avisa o sistema para retomar a tarefa de maior prioridade
 215:Core/Src/application.c ****         }
 216:Core/Src/application.c ****     }
 217:Core/Src/application.c **** }
 847              		.loc 1 217 1 is_stmt 1
 848 0066 00BF     		nop
 849 0068 1037     		adds	r7, r7, #16
 850              	.LCFI32:
 851              		.cfi_def_cfa_offset 8
 852 006a BD46     		mov	sp, r7
 853              	.LCFI33:
 854              		.cfi_def_cfa_register 13
 855              		@ sp needed
 856 006c 80BD     		pop	{r7, pc}
 857              	.L31:
ARM GAS  /tmp/ccyO8JJJ.s 			page 20


 858 006e 00BF     		.align	2
 859              	.L30:
 860 0070 00000000 		.word	htim2
 861 0074 00000000 		.word	AppSendTaskHandle
 862 0078 04ED00E0 		.word	-536810236
 863              		.cfi_endproc
 864              	.LFE233:
 866              		.section	.text.delay_us,"ax",%progbits
 867              		.align	1
 868              		.global	delay_us
 869              		.syntax unified
 870              		.thumb
 871              		.thumb_func
 873              	delay_us:
 874              	.LFB234:
 218:Core/Src/application.c **** 
 219:Core/Src/application.c **** void delay_us(uint32_t us)
 220:Core/Src/application.c **** {
 875              		.loc 1 220 1
 876              		.cfi_startproc
 877              		@ args = 0, pretend = 0, frame = 16
 878              		@ frame_needed = 1, uses_anonymous_args = 0
 879 0000 80B5     		push	{r7, lr}
 880              	.LCFI34:
 881              		.cfi_def_cfa_offset 8
 882              		.cfi_offset 7, -8
 883              		.cfi_offset 14, -4
 884 0002 84B0     		sub	sp, sp, #16
 885              	.LCFI35:
 886              		.cfi_def_cfa_offset 24
 887 0004 00AF     		add	r7, sp, #0
 888              	.LCFI36:
 889              		.cfi_def_cfa_register 7
 890 0006 7860     		str	r0, [r7, #4]
 221:Core/Src/application.c ****     uint32_t start = DWT->CYCCNT;
 891              		.loc 1 221 25
 892 0008 0D4B     		ldr	r3, .L34
 893              		.loc 1 221 14
 894 000a 5B68     		ldr	r3, [r3, #4]
 895 000c FB60     		str	r3, [r7, #12]
 222:Core/Src/application.c ****     uint32_t cycles = us * (HAL_RCC_GetHCLKFreq() / 1000000U);
 896              		.loc 1 222 29
 897 000e FFF7FEFF 		bl	HAL_RCC_GetHCLKFreq
 898 0012 0346     		mov	r3, r0
 899              		.loc 1 222 51 discriminator 1
 900 0014 0B4A     		ldr	r2, .L34+4
 901 0016 A2FB0323 		umull	r2, r3, r2, r3
 902 001a 9A0C     		lsrs	r2, r3, #18
 903              		.loc 1 222 14 discriminator 1
 904 001c 7B68     		ldr	r3, [r7, #4]
 905 001e 02FB03F3 		mul	r3, r2, r3
 906 0022 BB60     		str	r3, [r7, #8]
 223:Core/Src/application.c **** 
 224:Core/Src/application.c ****     while ((DWT->CYCCNT - start) < cycles)
 907              		.loc 1 224 11
 908 0024 00BF     		nop
 909              	.L33:
ARM GAS  /tmp/ccyO8JJJ.s 			page 21


 910              		.loc 1 224 16 discriminator 1
 911 0026 064B     		ldr	r3, .L34
 912 0028 5A68     		ldr	r2, [r3, #4]
 913              		.loc 1 224 25 discriminator 1
 914 002a FB68     		ldr	r3, [r7, #12]
 915 002c D31A     		subs	r3, r2, r3
 916              		.loc 1 224 34 discriminator 1
 917 002e BA68     		ldr	r2, [r7, #8]
 918 0030 9A42     		cmp	r2, r3
 919 0032 F8D8     		bhi	.L33
 225:Core/Src/application.c ****     {
 226:Core/Src/application.c ****     }
 227:Core/Src/application.c **** }
 920              		.loc 1 227 1
 921 0034 00BF     		nop
 922 0036 00BF     		nop
 923 0038 1037     		adds	r7, r7, #16
 924              	.LCFI37:
 925              		.cfi_def_cfa_offset 8
 926 003a BD46     		mov	sp, r7
 927              	.LCFI38:
 928              		.cfi_def_cfa_register 13
 929              		@ sp needed
 930 003c 80BD     		pop	{r7, pc}
 931              	.L35:
 932 003e 00BF     		.align	2
 933              	.L34:
 934 0040 001000E0 		.word	-536866816
 935 0044 83DE1B43 		.word	1125899907
 936              		.cfi_endproc
 937              	.LFE234:
 939              		.section	.text.ReadFromADCTaskCode,"ax",%progbits
 940              		.align	1
 941              		.global	ReadFromADCTaskCode
 942              		.syntax unified
 943              		.thumb
 944              		.thumb_func
 946              	ReadFromADCTaskCode:
 947              	.LFB235:
 228:Core/Src/application.c **** /* USER CODE END 1 */
 229:Core/Src/application.c **** 
 230:Core/Src/application.c **** void ReadFromADCTaskCode(void *argument)
 231:Core/Src/application.c **** {
 948              		.loc 1 231 1
 949              		.cfi_startproc
 950              		@ args = 0, pretend = 0, frame = 8
 951              		@ frame_needed = 1, uses_anonymous_args = 0
 952              		@ link register save eliminated.
 953 0000 80B4     		push	{r7}
 954              	.LCFI39:
 955              		.cfi_def_cfa_offset 4
 956              		.cfi_offset 7, -4
 957 0002 83B0     		sub	sp, sp, #12
 958              	.LCFI40:
 959              		.cfi_def_cfa_offset 16
 960 0004 00AF     		add	r7, sp, #0
 961              	.LCFI41:
ARM GAS  /tmp/ccyO8JJJ.s 			page 22


 962              		.cfi_def_cfa_register 7
 963 0006 7860     		str	r0, [r7, #4]
 232:Core/Src/application.c **** }...
 964              		.loc 1 232 1
 965 0008 00BF     		nop
 966 000a 0C37     		adds	r7, r7, #12
 967              	.LCFI42:
 968              		.cfi_def_cfa_offset 4
 969 000c BD46     		mov	sp, r7
 970              	.LCFI43:
 971              		.cfi_def_cfa_register 13
 972              		@ sp needed
 973 000e 80BC     		pop	{r7}
 974              	.LCFI44:
 975              		.cfi_restore 7
 976              		.cfi_def_cfa_offset 0
 977 0010 7047     		bx	lr
 978              		.cfi_endproc
 979              	.LFE235:
 981              		.text
 982              	.Letext0:
 983              		.file 2 "/home/fabio/arm-gnu-toolchain-15.2.rel1-x86_64-arm-none-eabi/lib/gcc/arm-none-eabi/15.2.1
 984              		.file 3 "/home/fabio/arm-gnu-toolchain-15.2.rel1-x86_64-arm-none-eabi/arm-none-eabi/include/machin
 985              		.file 4 "/home/fabio/arm-gnu-toolchain-15.2.rel1-x86_64-arm-none-eabi/arm-none-eabi/include/sys/_s
 986              		.file 5 "Middlewares/Third_Party/FreeRTOS/Source/portable/GCC/ARM_CM4F/portmacro.h"
 987              		.file 6 "Middlewares/Third_Party/FreeRTOS/Source/include/task.h"
 988              		.file 7 "Middlewares/Third_Party/FreeRTOS/Source/CMSIS_RTOS_V2/cmsis_os2.h"
 989              		.file 8 "Drivers/CMSIS/Include/core_cm4.h"
 990              		.file 9 "Drivers/CMSIS/Device/ST/STM32F4xx/Include/stm32f411xe.h"
 991              		.file 10 "Drivers/CMSIS/Device/ST/STM32F4xx/Include/stm32f4xx.h"
 992              		.file 11 "Drivers/STM32F4xx_HAL_Driver/Inc/stm32f4xx_hal_def.h"
 993              		.file 12 "Drivers/STM32F4xx_HAL_Driver/Inc/stm32f4xx_hal_gpio.h"
 994              		.file 13 "Drivers/STM32F4xx_HAL_Driver/Inc/stm32f4xx_hal_dma.h"
 995              		.file 14 "Drivers/STM32F4xx_HAL_Driver/Inc/stm32f4xx_hal_adc.h"
 996              		.file 15 "Drivers/STM32F4xx_HAL_Driver/Inc/stm32f4xx_hal_tim.h"
 997              		.file 16 "Core/Inc/main.h"
 998              		.file 17 "Core/Inc/tim.h"
 999              		.file 18 "Core/Inc/ow.h"
 1000              		.file 19 "Core/Inc/radioenge_modem.h"
 1001              		.file 20 "/home/fabio/arm-gnu-toolchain-15.2.rel1-x86_64-arm-none-eabi/arm-none-eabi/include/strin
 1002              		.file 21 "/home/fabio/arm-gnu-toolchain-15.2.rel1-x86_64-arm-none-eabi/arm-none-eabi/include/stdio
 1003              		.file 22 "Drivers/STM32F4xx_HAL_Driver/Inc/stm32f4xx_hal_rcc.h"
ARM GAS  /tmp/ccyO8JJJ.s 			page 23


DEFINED SYMBOLS
                            *ABS*:00000000 application.c
     /tmp/ccyO8JJJ.s:25     .bss.msg:00000000 msg
     /tmp/ccyO8JJJ.s:22     .bss.msg:00000000 $d
     /tmp/ccyO8JJJ.s:32     .bss.ds18:00000000 ds18
     /tmp/ccyO8JJJ.s:29     .bss.ds18:00000000 $d
     /tmp/ccyO8JJJ.s:35     .text.ds18_tim_cb:00000000 $t
     /tmp/ccyO8JJJ.s:41     .text.ds18_tim_cb:00000000 ds18_tim_cb
     /tmp/ccyO8JJJ.s:75     .text.ds18_tim_cb:00000018 $d
     /tmp/ccyO8JJJ.s:80     .text.ds18_done_cb:00000000 $t
     /tmp/ccyO8JJJ.s:86     .text.ds18_done_cb:00000000 ds18_done_cb
     /tmp/ccyO8JJJ.s:123    .text.LoRaWAN_RxEventCallback:00000000 $t
     /tmp/ccyO8JJJ.s:129    .text.LoRaWAN_RxEventCallback:00000000 LoRaWAN_RxEventCallback
     /tmp/ccyO8JJJ.s:168    .rodata:00000000 $d
     /tmp/ccyO8JJJ.s:179    .text.DutyCycleTaskCode:00000000 $t
     /tmp/ccyO8JJJ.s:185    .text.DutyCycleTaskCode:00000000 DutyCycleTaskCode
     /tmp/ccyO8JJJ.s:300    .text.DutyCycleTaskCode:00000098 $d
     /tmp/ccyO8JJJ.s:311    .text.PeriodicSendTimerCallback:00000000 $t
     /tmp/ccyO8JJJ.s:317    .text.PeriodicSendTimerCallback:00000000 PeriodicSendTimerCallback
     /tmp/ccyO8JJJ.s:353    .text.AppSendTaskCode:00000000 $t
     /tmp/ccyO8JJJ.s:359    .text.AppSendTaskCode:00000000 AppSendTaskCode
     /tmp/ccyO8JJJ.s:873    .text.delay_us:00000000 delay_us
     /tmp/ccyO8JJJ.s:738    .text.AppSendTaskCode:000002f8 $d
     /tmp/ccyO8JJJ.s:759    .text.HAL_TIM_IC_CaptureCallback:00000000 $t
     /tmp/ccyO8JJJ.s:765    .text.HAL_TIM_IC_CaptureCallback:00000000 HAL_TIM_IC_CaptureCallback
     /tmp/ccyO8JJJ.s:860    .text.HAL_TIM_IC_CaptureCallback:00000070 $d
     /tmp/ccyO8JJJ.s:867    .text.delay_us:00000000 $t
     /tmp/ccyO8JJJ.s:934    .text.delay_us:00000040 $d
     /tmp/ccyO8JJJ.s:940    .text.ReadFromADCTaskCode:00000000 $t
     /tmp/ccyO8JJJ.s:946    .text.ReadFromADCTaskCode:00000000 ReadFromADCTaskCode

UNDEFINED SYMBOLS
ow_callback
osMessageQueueGet
sprintf
strlen
SendToUART
ACControladorQueueHandle
htim3
ow_init
xTaskNotifyStateClear
HAL_TIM_IC_Start
HAL_TIM_IC_Start_IT
HAL_GPIO_WritePin
xTaskNotifyWait
HAL_TIM_IC_Stop
HAL_TIM_IC_Stop_IT
ADC1_Set_Channel
HAL_ADC_Start
HAL_ADC_PollForConversion
HAL_ADC_GetValue
ow_update_rom_id
vTaskDelay
ow_is_busy
ow_xfer_by_id
ow_read_resp
LoRaSendB
ARM GAS  /tmp/ccyO8JJJ.s 			page 24


htim2
hadc1
htim5
xTaskGenericNotifyFromISR
AppSendTaskHandle
HAL_RCC_GetHCLKFreq
