ARM GAS  /tmp/cci6SZFN.s 			page 1


   1              		.cpu cortex-m4
   2              		.arch armv7e-m
   3              		.fpu fpv4-sp-d16
   4              		.eabi_attribute 27, 1
   5              		.eabi_attribute 28, 1
   6              		.eabi_attribute 20, 1
   7              		.eabi_attribute 21, 1
   8              		.eabi_attribute 23, 3
   9              		.eabi_attribute 24, 1
  10              		.eabi_attribute 25, 1
  11              		.eabi_attribute 26, 1
  12              		.eabi_attribute 30, 6
  13              		.eabi_attribute 34, 1
  14              		.eabi_attribute 18, 4
  15              		.file	"freertos.c"
  16              		.text
  17              	.Ltext0:
  18              		.cfi_sections	.debug_frame
  19              		.file 1 "Core/Src/freertos.c"
  20              		.global	defaultTaskHandle
  21              		.section	.bss.defaultTaskHandle,"aw",%nobits
  22              		.align	2
  25              	defaultTaskHandle:
  26 0000 00000000 		.space	4
  27              		.global	defaultTaskBuffer
  28              		.section	.bss.defaultTaskBuffer,"aw",%nobits
  29              		.align	2
  32              	defaultTaskBuffer:
  33 0000 00000000 		.space	512
  33      00000000 
  33      00000000 
  33      00000000 
  33      00000000 
  34              		.global	defaultTaskControlBlock
  35              		.section	.bss.defaultTaskControlBlock,"aw",%nobits
  36              		.align	2
  39              	defaultTaskControlBlock:
  40 0000 00000000 		.space	100
  40      00000000 
  40      00000000 
  40      00000000 
  40      00000000 
  41              		.global	defaultTask_attributes
  42              		.section	.rodata
  43              		.align	2
  44              	.LC0:
  45 0000 64656661 		.ascii	"defaultTask\000"
  45      756C7454 
  45      61736B00 
  46              		.section	.rodata.defaultTask_attributes,"a"
  47              		.align	2
  50              	defaultTask_attributes:
  51 0000 00000000 		.word	.LC0
  52 0004 00000000 		.space	4
  53 0008 00000000 		.word	defaultTaskControlBlock
  54 000c 64000000 		.word	100
  55 0010 00000000 		.word	defaultTaskBuffer
ARM GAS  /tmp/cci6SZFN.s 			page 2


  56 0014 00020000 		.word	512
  57 0018 09000000 		.word	9
  58 001c 00000000 		.space	8
  58      00000000 
  59              		.global	ATParsingTaskHandle
  60              		.section	.bss.ATParsingTaskHandle,"aw",%nobits
  61              		.align	2
  64              	ATParsingTaskHandle:
  65 0000 00000000 		.space	4
  66              		.global	ATParsingTaskBuffer
  67              		.section	.bss.ATParsingTaskBuffer,"aw",%nobits
  68              		.align	2
  71              	ATParsingTaskBuffer:
  72 0000 00000000 		.space	2048
  72      00000000 
  72      00000000 
  72      00000000 
  72      00000000 
  73              		.global	ATParsingTaskControlBlock
  74              		.section	.bss.ATParsingTaskControlBlock,"aw",%nobits
  75              		.align	2
  78              	ATParsingTaskControlBlock:
  79 0000 00000000 		.space	100
  79      00000000 
  79      00000000 
  79      00000000 
  79      00000000 
  80              		.global	ATParsingTask_attributes
  81              		.section	.rodata
  82              		.align	2
  83              	.LC1:
  84 000c 41545061 		.ascii	"ATParsingTask\000"
  84      7273696E 
  84      67546173 
  84      6B00
  85              		.section	.rodata.ATParsingTask_attributes,"a"
  86              		.align	2
  89              	ATParsingTask_attributes:
  90 0000 0C000000 		.word	.LC1
  91 0004 00000000 		.space	4
  92 0008 00000000 		.word	ATParsingTaskControlBlock
  93 000c 64000000 		.word	100
  94 0010 00000000 		.word	ATParsingTaskBuffer
  95 0014 00080000 		.word	2048
  96 0018 27000000 		.word	39
  97 001c 00000000 		.space	8
  97      00000000 
  98              		.global	ATHandlingTaskHandle
  99              		.section	.bss.ATHandlingTaskHandle,"aw",%nobits
 100              		.align	2
 103              	ATHandlingTaskHandle:
 104 0000 00000000 		.space	4
 105              		.global	ATHandlingTaskBuffer
 106              		.section	.bss.ATHandlingTaskBuffer,"aw",%nobits
 107              		.align	2
 110              	ATHandlingTaskBuffer:
 111 0000 00000000 		.space	2048
ARM GAS  /tmp/cci6SZFN.s 			page 3


 111      00000000 
 111      00000000 
 111      00000000 
 111      00000000 
 112              		.global	ATHandlingTaskControlBlock
 113              		.section	.bss.ATHandlingTaskControlBlock,"aw",%nobits
 114              		.align	2
 117              	ATHandlingTaskControlBlock:
 118 0000 00000000 		.space	100
 118      00000000 
 118      00000000 
 118      00000000 
 118      00000000 
 119              		.global	ATHandlingTask_attributes
 120              		.section	.rodata
 121 001a 0000     		.align	2
 122              	.LC2:
 123 001c 41544861 		.ascii	"ATHandlingTask\000"
 123      6E646C69 
 123      6E675461 
 123      736B00
 124              		.section	.rodata.ATHandlingTask_attributes,"a"
 125              		.align	2
 128              	ATHandlingTask_attributes:
 129 0000 1C000000 		.word	.LC2
 130 0004 00000000 		.space	4
 131 0008 00000000 		.word	ATHandlingTaskControlBlock
 132 000c 64000000 		.word	100
 133 0010 00000000 		.word	ATHandlingTaskBuffer
 134 0014 00080000 		.word	2048
 135 0018 26000000 		.word	38
 136 001c 00000000 		.space	8
 136      00000000 
 137              		.global	UARTProcTaskHandle
 138              		.section	.bss.UARTProcTaskHandle,"aw",%nobits
 139              		.align	2
 142              	UARTProcTaskHandle:
 143 0000 00000000 		.space	4
 144              		.global	UARTProcTaskBuffer
 145              		.section	.bss.UARTProcTaskBuffer,"aw",%nobits
 146              		.align	2
 149              	UARTProcTaskBuffer:
 150 0000 00000000 		.space	2048
 150      00000000 
 150      00000000 
 150      00000000 
 150      00000000 
 151              		.global	UARTProcTaskControlBlock
 152              		.section	.bss.UARTProcTaskControlBlock,"aw",%nobits
 153              		.align	2
 156              	UARTProcTaskControlBlock:
 157 0000 00000000 		.space	100
 157      00000000 
 157      00000000 
 157      00000000 
 157      00000000 
 158              		.global	UARTProcTask_attributes
ARM GAS  /tmp/cci6SZFN.s 			page 4


 159              		.section	.rodata
 160 002b 00       		.align	2
 161              	.LC3:
 162 002c 55415254 		.ascii	"UARTProcTask\000"
 162      50726F63 
 162      5461736B 
 162      00
 163              		.section	.rodata.UARTProcTask_attributes,"a"
 164              		.align	2
 167              	UARTProcTask_attributes:
 168 0000 2C000000 		.word	.LC3
 169 0004 00000000 		.space	4
 170 0008 00000000 		.word	UARTProcTaskControlBlock
 171 000c 64000000 		.word	100
 172 0010 00000000 		.word	UARTProcTaskBuffer
 173 0014 00080000 		.word	2048
 174 0018 2F000000 		.word	47
 175 001c 00000000 		.space	8
 175      00000000 
 176              		.global	ModemMngrTaskHandle
 177              		.section	.bss.ModemMngrTaskHandle,"aw",%nobits
 178              		.align	2
 181              	ModemMngrTaskHandle:
 182 0000 00000000 		.space	4
 183              		.global	ModemMngrTaskBuffer
 184              		.section	.bss.ModemMngrTaskBuffer,"aw",%nobits
 185              		.align	2
 188              	ModemMngrTaskBuffer:
 189 0000 00000000 		.space	2048
 189      00000000 
 189      00000000 
 189      00000000 
 189      00000000 
 190              		.global	ModemMngrTaskControlBlock
 191              		.section	.bss.ModemMngrTaskControlBlock,"aw",%nobits
 192              		.align	2
 195              	ModemMngrTaskControlBlock:
 196 0000 00000000 		.space	100
 196      00000000 
 196      00000000 
 196      00000000 
 196      00000000 
 197              		.global	ModemMngrTask_attributes
 198              		.section	.rodata
 199 0039 000000   		.align	2
 200              	.LC4:
 201 003c 4D6F6465 		.ascii	"ModemMngrTask\000"
 201      6D4D6E67 
 201      72546173 
 201      6B00
 202              		.section	.rodata.ModemMngrTask_attributes,"a"
 203              		.align	2
 206              	ModemMngrTask_attributes:
 207 0000 3C000000 		.word	.LC4
 208 0004 00000000 		.space	4
 209 0008 00000000 		.word	ModemMngrTaskControlBlock
 210 000c 64000000 		.word	100
ARM GAS  /tmp/cci6SZFN.s 			page 5


 211 0010 00000000 		.word	ModemMngrTaskBuffer
 212 0014 00080000 		.word	2048
 213 0018 1F000000 		.word	31
 214 001c 00000000 		.space	8
 214      00000000 
 215              		.global	AppSendTaskHandle
 216              		.section	.bss.AppSendTaskHandle,"aw",%nobits
 217              		.align	2
 220              	AppSendTaskHandle:
 221 0000 00000000 		.space	4
 222              		.global	SendTemperatureBuffer
 223              		.section	.bss.SendTemperatureBuffer,"aw",%nobits
 224              		.align	2
 227              	SendTemperatureBuffer:
 228 0000 00000000 		.space	4096
 228      00000000 
 228      00000000 
 228      00000000 
 228      00000000 
 229              		.global	SendTemperatureControlBlock
 230              		.section	.bss.SendTemperatureControlBlock,"aw",%nobits
 231              		.align	2
 234              	SendTemperatureControlBlock:
 235 0000 00000000 		.space	100
 235      00000000 
 235      00000000 
 235      00000000 
 235      00000000 
 236              		.global	AppSendTask_attributes
 237              		.section	.rodata
 238 004a 0000     		.align	2
 239              	.LC5:
 240 004c 41707053 		.ascii	"AppSendTask\000"
 240      656E6454 
 240      61736B00 
 241              		.section	.rodata.AppSendTask_attributes,"a"
 242              		.align	2
 245              	AppSendTask_attributes:
 246 0000 4C000000 		.word	.LC5
 247 0004 00000000 		.space	4
 248 0008 00000000 		.word	SendTemperatureControlBlock
 249 000c 64000000 		.word	100
 250 0010 00000000 		.word	SendTemperatureBuffer
 251 0014 00100000 		.word	4096
 252 0018 0F000000 		.word	15
 253 001c 00000000 		.space	8
 253      00000000 
 254              		.global	DutyCycleTaskHandle
 255              		.section	.bss.DutyCycleTaskHandle,"aw",%nobits
 256              		.align	2
 259              	DutyCycleTaskHandle:
 260 0000 00000000 		.space	4
 261              		.global	DutyCycleTaskBuffer
 262              		.section	.bss.DutyCycleTaskBuffer,"aw",%nobits
 263              		.align	2
 266              	DutyCycleTaskBuffer:
 267 0000 00000000 		.space	512
ARM GAS  /tmp/cci6SZFN.s 			page 6


 267      00000000 
 267      00000000 
 267      00000000 
 267      00000000 
 268              		.global	DutyCycleTaskControlBlock
 269              		.section	.bss.DutyCycleTaskControlBlock,"aw",%nobits
 270              		.align	2
 273              	DutyCycleTaskControlBlock:
 274 0000 00000000 		.space	100
 274      00000000 
 274      00000000 
 274      00000000 
 274      00000000 
 275              		.global	DutyCycleTask_attributes
 276              		.section	.rodata
 277              		.align	2
 278              	.LC6:
 279 0058 44757479 		.ascii	"DutyCycleTask\000"
 279      4379636C 
 279      65546173 
 279      6B00
 280              		.section	.rodata.DutyCycleTask_attributes,"a"
 281              		.align	2
 284              	DutyCycleTask_attributes:
 285 0000 58000000 		.word	.LC6
 286 0004 00000000 		.space	4
 287 0008 00000000 		.word	DutyCycleTaskControlBlock
 288 000c 64000000 		.word	100
 289 0010 00000000 		.word	DutyCycleTaskBuffer
 290 0014 00020000 		.word	512
 291 0018 18000000 		.word	24
 292 001c 00000000 		.space	8
 292      00000000 
 293              		.global	uartQueueHandle
 294              		.section	.bss.uartQueueHandle,"aw",%nobits
 295              		.align	2
 298              	uartQueueHandle:
 299 0000 00000000 		.space	4
 300              		.global	uartQueueBuffer
 301              		.section	.bss.uartQueueBuffer,"aw",%nobits
 302              		.align	2
 305              	uartQueueBuffer:
 306 0000 00000000 		.space	16
 306      00000000 
 306      00000000 
 306      00000000 
 307              		.global	uartQueueControlBlock
 308              		.section	.bss.uartQueueControlBlock,"aw",%nobits
 309              		.align	2
 312              	uartQueueControlBlock:
 313 0000 00000000 		.space	80
 313      00000000 
 313      00000000 
 313      00000000 
 313      00000000 
 314              		.global	uartQueue_attributes
 315              		.section	.rodata
ARM GAS  /tmp/cci6SZFN.s 			page 7


 316 0066 0000     		.align	2
 317              	.LC7:
 318 0068 75617274 		.ascii	"uartQueue\000"
 318      51756575 
 318      6500
 319              		.section	.rodata.uartQueue_attributes,"a"
 320              		.align	2
 323              	uartQueue_attributes:
 324 0000 68000000 		.word	.LC7
 325 0004 00000000 		.space	4
 326 0008 00000000 		.word	uartQueueControlBlock
 327 000c 50000000 		.word	80
 328 0010 00000000 		.word	uartQueueBuffer
 329 0014 10000000 		.word	16
 330              		.global	ATQueueHandle
 331              		.section	.bss.ATQueueHandle,"aw",%nobits
 332              		.align	2
 335              	ATQueueHandle:
 336 0000 00000000 		.space	4
 337              		.global	ATQueueBuffer
 338              		.section	.bss.ATQueueBuffer,"aw",%nobits
 339              		.align	2
 342              	ATQueueBuffer:
 343 0000 00000000 		.space	16
 343      00000000 
 343      00000000 
 343      00000000 
 344              		.global	ATQueueControlBlock
 345              		.section	.bss.ATQueueControlBlock,"aw",%nobits
 346              		.align	2
 349              	ATQueueControlBlock:
 350 0000 00000000 		.space	80
 350      00000000 
 350      00000000 
 350      00000000 
 350      00000000 
 351              		.global	ATQueue_attributes
 352              		.section	.rodata
 353 0072 0000     		.align	2
 354              	.LC8:
 355 0074 41545175 		.ascii	"ATQueue\000"
 355      65756500 
 356              		.section	.rodata.ATQueue_attributes,"a"
 357              		.align	2
 360              	ATQueue_attributes:
 361 0000 74000000 		.word	.LC8
 362 0004 00000000 		.space	4
 363 0008 00000000 		.word	ATQueueControlBlock
 364 000c 50000000 		.word	80
 365 0010 00000000 		.word	ATQueueBuffer
 366 0014 10000000 		.word	16
 367              		.global	ModemSendQueueHandle
 368              		.section	.bss.ModemSendQueueHandle,"aw",%nobits
 369              		.align	2
 372              	ModemSendQueueHandle:
 373 0000 00000000 		.space	4
 374              		.global	ModemSendQueueBuffer
ARM GAS  /tmp/cci6SZFN.s 			page 8


 375              		.section	.bss.ModemSendQueueBuffer,"aw",%nobits
 376              		.align	2
 379              	ModemSendQueueBuffer:
 380 0000 00000000 		.space	16
 380      00000000 
 380      00000000 
 380      00000000 
 381              		.global	ModemSendQueueControlBlock
 382              		.section	.bss.ModemSendQueueControlBlock,"aw",%nobits
 383              		.align	2
 386              	ModemSendQueueControlBlock:
 387 0000 00000000 		.space	80
 387      00000000 
 387      00000000 
 387      00000000 
 387      00000000 
 388              		.global	ModemSendQueue_attributes
 389              		.section	.rodata
 390              		.align	2
 391              	.LC9:
 392 007c 4D6F6465 		.ascii	"ModemSendQueue\000"
 392      6D53656E 
 392      64517565 
 392      756500
 393              		.section	.rodata.ModemSendQueue_attributes,"a"
 394              		.align	2
 397              	ModemSendQueue_attributes:
 398 0000 7C000000 		.word	.LC9
 399 0004 00000000 		.space	4
 400 0008 00000000 		.word	ModemSendQueueControlBlock
 401 000c 50000000 		.word	80
 402 0010 00000000 		.word	ModemSendQueueBuffer
 403 0014 10000000 		.word	16
 404              		.global	ACControladorQueueHandle
 405              		.section	.bss.ACControladorQueueHandle,"aw",%nobits
 406              		.align	2
 409              	ACControladorQueueHandle:
 410 0000 00000000 		.space	4
 411              		.global	ACControladorQueueBuffer
 412              		.section	.bss.ACControladorQueueBuffer,"aw",%nobits
 413              		.align	2
 416              	ACControladorQueueBuffer:
 417 0000 00000000 		.space	24
 417      00000000 
 417      00000000 
 417      00000000 
 417      00000000 
 418              		.global	ACControladorQueueControlBlock
 419              		.section	.bss.ACControladorQueueControlBlock,"aw",%nobits
 420              		.align	2
 423              	ACControladorQueueControlBlock:
 424 0000 00000000 		.space	80
 424      00000000 
 424      00000000 
 424      00000000 
 424      00000000 
 425              		.global	ACControladorQueue_attributes
ARM GAS  /tmp/cci6SZFN.s 			page 9


 426              		.section	.rodata
 427 008b 00       		.align	2
 428              	.LC10:
 429 008c 4143436F 		.ascii	"ACControladorQueue\000"
 429      6E74726F 
 429      6C61646F 
 429      72517565 
 429      756500
 430              		.section	.rodata.ACControladorQueue_attributes,"a"
 431              		.align	2
 434              	ACControladorQueue_attributes:
 435 0000 8C000000 		.word	.LC10
 436 0004 00000000 		.space	4
 437 0008 00000000 		.word	ACControladorQueueControlBlock
 438 000c 50000000 		.word	80
 439 0010 00000000 		.word	ACControladorQueueBuffer
 440 0014 18000000 		.word	24
 441              		.global	PeriodicSendTimerHandle
 442              		.section	.bss.PeriodicSendTimerHandle,"aw",%nobits
 443              		.align	2
 446              	PeriodicSendTimerHandle:
 447 0000 00000000 		.space	4
 448              		.global	PeriodicSendTimerControlBlock
 449              		.section	.bss.PeriodicSendTimerControlBlock,"aw",%nobits
 450              		.align	2
 453              	PeriodicSendTimerControlBlock:
 454 0000 00000000 		.space	44
 454      00000000 
 454      00000000 
 454      00000000 
 454      00000000 
 455              		.global	PeriodicSendTimer_attributes
 456              		.section	.rodata
 457 009f 00       		.align	2
 458              	.LC11:
 459 00a0 50657269 		.ascii	"PeriodicSendTimer\000"
 459      6F646963 
 459      53656E64 
 459      54696D65 
 459      7200
 460              		.section	.rodata.PeriodicSendTimer_attributes,"a"
 461              		.align	2
 464              	PeriodicSendTimer_attributes:
 465 0000 A0000000 		.word	.LC11
 466 0004 00000000 		.space	4
 467 0008 00000000 		.word	PeriodicSendTimerControlBlock
 468 000c 2C000000 		.word	44
 469              		.global	ModemLedTimerHandle
 470              		.section	.bss.ModemLedTimerHandle,"aw",%nobits
 471              		.align	2
 474              	ModemLedTimerHandle:
 475 0000 00000000 		.space	4
 476              		.global	ModemLedTimerControlBlock
 477              		.section	.bss.ModemLedTimerControlBlock,"aw",%nobits
 478              		.align	2
 481              	ModemLedTimerControlBlock:
 482 0000 00000000 		.space	44
ARM GAS  /tmp/cci6SZFN.s 			page 10


 482      00000000 
 482      00000000 
 482      00000000 
 482      00000000 
 483              		.global	ModemLedTimer_attributes
 484              		.section	.rodata
 485 00b2 0000     		.align	2
 486              	.LC12:
 487 00b4 4D6F6465 		.ascii	"ModemLedTimer\000"
 487      6D4C6564 
 487      54696D65 
 487      7200
 488              		.section	.rodata.ModemLedTimer_attributes,"a"
 489              		.align	2
 492              	ModemLedTimer_attributes:
 493 0000 B4000000 		.word	.LC12
 494 0004 00000000 		.space	4
 495 0008 00000000 		.word	ModemLedTimerControlBlock
 496 000c 2C000000 		.word	44
 497              		.global	DutyCycleTimerHandle
 498              		.section	.bss.DutyCycleTimerHandle,"aw",%nobits
 499              		.align	2
 502              	DutyCycleTimerHandle:
 503 0000 00000000 		.space	4
 504              		.global	DutyCycleTimerControlBlock
 505              		.section	.bss.DutyCycleTimerControlBlock,"aw",%nobits
 506              		.align	2
 509              	DutyCycleTimerControlBlock:
 510 0000 00000000 		.space	44
 510      00000000 
 510      00000000 
 510      00000000 
 510      00000000 
 511              		.global	DutyCycleTimer_attributes
 512              		.section	.rodata
 513 00c2 0000     		.align	2
 514              	.LC13:
 515 00c4 44757479 		.ascii	"DutyCycleTimer\000"
 515      4379636C 
 515      6554696D 
 515      657200
 516              		.section	.rodata.DutyCycleTimer_attributes,"a"
 517              		.align	2
 520              	DutyCycleTimer_attributes:
 521 0000 C4000000 		.word	.LC13
 522 0004 00000000 		.space	4
 523 0008 00000000 		.word	DutyCycleTimerControlBlock
 524 000c 2C000000 		.word	44
 525              		.global	ATCommandSemaphoreHandle
 526              		.section	.bss.ATCommandSemaphoreHandle,"aw",%nobits
 527              		.align	2
 530              	ATCommandSemaphoreHandle:
 531 0000 00000000 		.space	4
 532              		.global	ATCommandSemaphore_attributes
 533              		.section	.rodata
 534 00d3 00       		.align	2
 535              	.LC14:
ARM GAS  /tmp/cci6SZFN.s 			page 11


 536 00d4 4154436F 		.ascii	"ATCommandSemaphore\000"
 536      6D6D616E 
 536      6453656D 
 536      6170686F 
 536      726500
 537              		.section	.rodata.ATCommandSemaphore_attributes,"a"
 538              		.align	2
 541              	ATCommandSemaphore_attributes:
 542 0000 D4000000 		.word	.LC14
 543 0004 00000000 		.space	12
 543      00000000 
 543      00000000 
 544              		.global	ATResponseSemaphoreHandle
 545              		.section	.bss.ATResponseSemaphoreHandle,"aw",%nobits
 546              		.align	2
 549              	ATResponseSemaphoreHandle:
 550 0000 00000000 		.space	4
 551              		.global	ATResponseSemaphore_attributes
 552              		.section	.rodata
 553 00e7 00       		.align	2
 554              	.LC15:
 555 00e8 41545265 		.ascii	"ATResponseSemaphore\000"
 555      73706F6E 
 555      73655365 
 555      6D617068 
 555      6F726500 
 556              		.section	.rodata.ATResponseSemaphore_attributes,"a"
 557              		.align	2
 560              	ATResponseSemaphore_attributes:
 561 0000 E8000000 		.word	.LC15
 562 0004 00000000 		.space	12
 562      00000000 
 562      00000000 
 563              		.global	UARTTXSemaphoreHandle
 564              		.section	.bss.UARTTXSemaphoreHandle,"aw",%nobits
 565              		.align	2
 568              	UARTTXSemaphoreHandle:
 569 0000 00000000 		.space	4
 570              		.global	UARTTXSemaphore_attributes
 571              		.section	.rodata
 572              		.align	2
 573              	.LC16:
 574 00fc 55415254 		.ascii	"UARTTXSemaphore\000"
 574      54585365 
 574      6D617068 
 574      6F726500 
 575              		.section	.rodata.UARTTXSemaphore_attributes,"a"
 576              		.align	2
 579              	UARTTXSemaphore_attributes:
 580 0000 FC000000 		.word	.LC16
 581 0004 00000000 		.space	12
 581      00000000 
 581      00000000 
 582              		.global	RadioStateSemaphoreHandle
 583              		.section	.bss.RadioStateSemaphoreHandle,"aw",%nobits
 584              		.align	2
 587              	RadioStateSemaphoreHandle:
ARM GAS  /tmp/cci6SZFN.s 			page 12


 588 0000 00000000 		.space	4
 589              		.global	RadioStateSemaphore_attributes
 590              		.section	.rodata
 591              		.align	2
 592              	.LC17:
 593 010c 52616469 		.ascii	"RadioStateSemaphore\000"
 593      6F537461 
 593      74655365 
 593      6D617068 
 593      6F726500 
 594              		.section	.rodata.RadioStateSemaphore_attributes,"a"
 595              		.align	2
 598              	RadioStateSemaphore_attributes:
 599 0000 0C010000 		.word	.LC17
 600 0004 00000000 		.space	12
 600      00000000 
 600      00000000 
 601              		.global	LoRaTXSemaphoreHandle
 602              		.section	.bss.LoRaTXSemaphoreHandle,"aw",%nobits
 603              		.align	2
 606              	LoRaTXSemaphoreHandle:
 607 0000 00000000 		.space	4
 608              		.global	LoRaTXSemaphore_attributes
 609              		.section	.rodata
 610              		.align	2
 611              	.LC18:
 612 0120 4C6F5261 		.ascii	"LoRaTXSemaphore\000"
 612      54585365 
 612      6D617068 
 612      6F726500 
 613              		.section	.rodata.LoRaTXSemaphore_attributes,"a"
 614              		.align	2
 617              	LoRaTXSemaphore_attributes:
 618 0000 20010000 		.word	.LC18
 619 0004 00000000 		.space	12
 619      00000000 
 619      00000000 
 620              		.global	ModemStatusFlagsHandle
 621              		.section	.bss.ModemStatusFlagsHandle,"aw",%nobits
 622              		.align	2
 625              	ModemStatusFlagsHandle:
 626 0000 00000000 		.space	4
 627              		.global	ModemStatusFlagsControlBlock
 628              		.section	.bss.ModemStatusFlagsControlBlock,"aw",%nobits
 629              		.align	2
 632              	ModemStatusFlagsControlBlock:
 633 0000 00000000 		.space	32
 633      00000000 
 633      00000000 
 633      00000000 
 633      00000000 
 634              		.global	ModemStatusFlags_attributes
 635              		.section	.rodata
 636              		.align	2
 637              	.LC19:
 638 0130 4D6F6465 		.ascii	"ModemStatusFlags\000"
 638      6D537461 
ARM GAS  /tmp/cci6SZFN.s 			page 13


 638      74757346 
 638      6C616773 
 638      00
 639              		.section	.rodata.ModemStatusFlags_attributes,"a"
 640              		.align	2
 643              	ModemStatusFlags_attributes:
 644 0000 30010000 		.word	.LC19
 645 0004 00000000 		.space	4
 646 0008 00000000 		.word	ModemStatusFlagsControlBlock
 647 000c 20000000 		.word	32
 648              		.section	.text.PreSleepProcessing,"ax",%progbits
 649              		.align	1
 650              		.weak	PreSleepProcessing
 651              		.syntax unified
 652              		.thumb
 653              		.thumb_func
 655              	PreSleepProcessing:
 656              	.LFB224:
   1:Core/Src/freertos.c **** /* USER CODE BEGIN Header */
   2:Core/Src/freertos.c **** /**
   3:Core/Src/freertos.c ****   ******************************************************************************
   4:Core/Src/freertos.c ****   * File Name          : freertos.c
   5:Core/Src/freertos.c ****   * Description        : Code for freertos applications
   6:Core/Src/freertos.c ****   ******************************************************************************
   7:Core/Src/freertos.c ****   * @attention
   8:Core/Src/freertos.c ****   *
   9:Core/Src/freertos.c ****   * Copyright (c) 2022 STMicroelectronics.
  10:Core/Src/freertos.c ****   * All rights reserved.
  11:Core/Src/freertos.c ****   *
  12:Core/Src/freertos.c ****   * This software is licensed under terms that can be found in the LICENSE file
  13:Core/Src/freertos.c ****   * in the root directory of this software component.
  14:Core/Src/freertos.c ****   * If no LICENSE file comes with this software, it is provided AS-IS.
  15:Core/Src/freertos.c ****   *
  16:Core/Src/freertos.c ****   ******************************************************************************
  17:Core/Src/freertos.c ****   */
  18:Core/Src/freertos.c **** /* USER CODE END Header */
  19:Core/Src/freertos.c **** 
  20:Core/Src/freertos.c **** /* Includes ------------------------------------------------------------------*/
  21:Core/Src/freertos.c **** #include "FreeRTOS.h"
  22:Core/Src/freertos.c **** #include "task.h"
  23:Core/Src/freertos.c **** #include "main.h"
  24:Core/Src/freertos.c **** #include "cmsis_os.h"
  25:Core/Src/freertos.c **** 
  26:Core/Src/freertos.c **** /* Private includes ----------------------------------------------------------*/
  27:Core/Src/freertos.c **** /* USER CODE BEGIN Includes */
  28:Core/Src/freertos.c **** 
  29:Core/Src/freertos.c **** /* USER CODE END Includes */
  30:Core/Src/freertos.c **** 
  31:Core/Src/freertos.c **** /* Private typedef -----------------------------------------------------------*/
  32:Core/Src/freertos.c **** typedef StaticTask_t osStaticThreadDef_t;
  33:Core/Src/freertos.c **** typedef StaticQueue_t osStaticMessageQDef_t;
  34:Core/Src/freertos.c **** typedef StaticTimer_t osStaticTimerDef_t;
  35:Core/Src/freertos.c **** typedef StaticEventGroup_t osStaticEventGroupDef_t;
  36:Core/Src/freertos.c **** /* USER CODE BEGIN PTD */
  37:Core/Src/freertos.c **** 
  38:Core/Src/freertos.c **** /* USER CODE END PTD */
  39:Core/Src/freertos.c **** 
ARM GAS  /tmp/cci6SZFN.s 			page 14


  40:Core/Src/freertos.c **** /* Private define ------------------------------------------------------------*/
  41:Core/Src/freertos.c **** /* USER CODE BEGIN PD */
  42:Core/Src/freertos.c **** 
  43:Core/Src/freertos.c **** /* USER CODE END PD */
  44:Core/Src/freertos.c **** 
  45:Core/Src/freertos.c **** /* Private macro -------------------------------------------------------------*/
  46:Core/Src/freertos.c **** /* USER CODE BEGIN PM */
  47:Core/Src/freertos.c **** 
  48:Core/Src/freertos.c **** /* USER CODE END PM */
  49:Core/Src/freertos.c **** 
  50:Core/Src/freertos.c **** /* Private variables ---------------------------------------------------------*/
  51:Core/Src/freertos.c **** /* USER CODE BEGIN Variables */
  52:Core/Src/freertos.c **** 
  53:Core/Src/freertos.c **** /* USER CODE END Variables */
  54:Core/Src/freertos.c **** /* Definitions for defaultTask */
  55:Core/Src/freertos.c **** osThreadId_t defaultTaskHandle;
  56:Core/Src/freertos.c **** uint32_t defaultTaskBuffer[ 128 ];
  57:Core/Src/freertos.c **** osStaticThreadDef_t defaultTaskControlBlock;
  58:Core/Src/freertos.c **** const osThreadAttr_t defaultTask_attributes = {
  59:Core/Src/freertos.c ****   .name = "defaultTask",
  60:Core/Src/freertos.c ****   .cb_mem = &defaultTaskControlBlock,
  61:Core/Src/freertos.c ****   .cb_size = sizeof(defaultTaskControlBlock),
  62:Core/Src/freertos.c ****   .stack_mem = &defaultTaskBuffer[0],
  63:Core/Src/freertos.c ****   .stack_size = sizeof(defaultTaskBuffer),
  64:Core/Src/freertos.c ****   .priority = (osPriority_t) osPriorityLow1,
  65:Core/Src/freertos.c **** };
  66:Core/Src/freertos.c **** /* Definitions for ATParsingTask */
  67:Core/Src/freertos.c **** osThreadId_t ATParsingTaskHandle;
  68:Core/Src/freertos.c **** uint32_t ATParsingTaskBuffer[ 512 ];
  69:Core/Src/freertos.c **** osStaticThreadDef_t ATParsingTaskControlBlock;
  70:Core/Src/freertos.c **** const osThreadAttr_t ATParsingTask_attributes = {
  71:Core/Src/freertos.c ****   .name = "ATParsingTask",
  72:Core/Src/freertos.c ****   .cb_mem = &ATParsingTaskControlBlock,
  73:Core/Src/freertos.c ****   .cb_size = sizeof(ATParsingTaskControlBlock),
  74:Core/Src/freertos.c ****   .stack_mem = &ATParsingTaskBuffer[0],
  75:Core/Src/freertos.c ****   .stack_size = sizeof(ATParsingTaskBuffer),
  76:Core/Src/freertos.c ****   .priority = (osPriority_t) osPriorityAboveNormal7,
  77:Core/Src/freertos.c **** };
  78:Core/Src/freertos.c **** /* Definitions for ATHandlingTask */
  79:Core/Src/freertos.c **** osThreadId_t ATHandlingTaskHandle;
  80:Core/Src/freertos.c **** uint32_t ATHandlingTaskBuffer[ 512 ];
  81:Core/Src/freertos.c **** osStaticThreadDef_t ATHandlingTaskControlBlock;
  82:Core/Src/freertos.c **** const osThreadAttr_t ATHandlingTask_attributes = {
  83:Core/Src/freertos.c ****   .name = "ATHandlingTask",
  84:Core/Src/freertos.c ****   .cb_mem = &ATHandlingTaskControlBlock,
  85:Core/Src/freertos.c ****   .cb_size = sizeof(ATHandlingTaskControlBlock),
  86:Core/Src/freertos.c ****   .stack_mem = &ATHandlingTaskBuffer[0],
  87:Core/Src/freertos.c ****   .stack_size = sizeof(ATHandlingTaskBuffer),
  88:Core/Src/freertos.c ****   .priority = (osPriority_t) osPriorityAboveNormal6,
  89:Core/Src/freertos.c **** };
  90:Core/Src/freertos.c **** /* Definitions for UARTProcTask */
  91:Core/Src/freertos.c **** osThreadId_t UARTProcTaskHandle;
  92:Core/Src/freertos.c **** uint32_t UARTProcTaskBuffer[ 512 ];
  93:Core/Src/freertos.c **** osStaticThreadDef_t UARTProcTaskControlBlock;
  94:Core/Src/freertos.c **** const osThreadAttr_t UARTProcTask_attributes = {
  95:Core/Src/freertos.c ****   .name = "UARTProcTask",
  96:Core/Src/freertos.c ****   .cb_mem = &UARTProcTaskControlBlock,
ARM GAS  /tmp/cci6SZFN.s 			page 15


  97:Core/Src/freertos.c ****   .cb_size = sizeof(UARTProcTaskControlBlock),
  98:Core/Src/freertos.c ****   .stack_mem = &UARTProcTaskBuffer[0],
  99:Core/Src/freertos.c ****   .stack_size = sizeof(UARTProcTaskBuffer),
 100:Core/Src/freertos.c ****   .priority = (osPriority_t) osPriorityHigh7,
 101:Core/Src/freertos.c **** };
 102:Core/Src/freertos.c **** /* Definitions for ModemMngrTask */
 103:Core/Src/freertos.c **** osThreadId_t ModemMngrTaskHandle;
 104:Core/Src/freertos.c **** uint32_t ModemMngrTaskBuffer[ 512 ];
 105:Core/Src/freertos.c **** osStaticThreadDef_t ModemMngrTaskControlBlock;
 106:Core/Src/freertos.c **** const osThreadAttr_t ModemMngrTask_attributes = {
 107:Core/Src/freertos.c ****   .name = "ModemMngrTask",
 108:Core/Src/freertos.c ****   .cb_mem = &ModemMngrTaskControlBlock,
 109:Core/Src/freertos.c ****   .cb_size = sizeof(ModemMngrTaskControlBlock),
 110:Core/Src/freertos.c ****   .stack_mem = &ModemMngrTaskBuffer[0],
 111:Core/Src/freertos.c ****   .stack_size = sizeof(ModemMngrTaskBuffer),
 112:Core/Src/freertos.c ****   .priority = (osPriority_t) osPriorityNormal7,
 113:Core/Src/freertos.c **** };
 114:Core/Src/freertos.c **** /* Definitions for AppSendTask */
 115:Core/Src/freertos.c **** osThreadId_t AppSendTaskHandle;
 116:Core/Src/freertos.c **** uint32_t SendTemperatureBuffer[ 1024 ];
 117:Core/Src/freertos.c **** osStaticThreadDef_t SendTemperatureControlBlock;
 118:Core/Src/freertos.c **** const osThreadAttr_t AppSendTask_attributes = {
 119:Core/Src/freertos.c ****   .name = "AppSendTask",
 120:Core/Src/freertos.c ****   .cb_mem = &SendTemperatureControlBlock,
 121:Core/Src/freertos.c ****   .cb_size = sizeof(SendTemperatureControlBlock),
 122:Core/Src/freertos.c ****   .stack_mem = &SendTemperatureBuffer[0],
 123:Core/Src/freertos.c ****   .stack_size = sizeof(SendTemperatureBuffer),
 124:Core/Src/freertos.c ****   .priority = (osPriority_t) osPriorityLow7,
 125:Core/Src/freertos.c **** };
 126:Core/Src/freertos.c **** /* Definitions for DutyCycleTask */
 127:Core/Src/freertos.c **** osThreadId_t DutyCycleTaskHandle;
 128:Core/Src/freertos.c **** uint32_t DutyCycleTaskBuffer[ 128 ];
 129:Core/Src/freertos.c **** osStaticThreadDef_t DutyCycleTaskControlBlock;
 130:Core/Src/freertos.c **** const osThreadAttr_t DutyCycleTask_attributes = {
 131:Core/Src/freertos.c ****   .name = "DutyCycleTask",
 132:Core/Src/freertos.c ****   .cb_mem = &DutyCycleTaskControlBlock,
 133:Core/Src/freertos.c ****   .cb_size = sizeof(DutyCycleTaskControlBlock),
 134:Core/Src/freertos.c ****   .stack_mem = &DutyCycleTaskBuffer[0],
 135:Core/Src/freertos.c ****   .stack_size = sizeof(DutyCycleTaskBuffer),
 136:Core/Src/freertos.c ****   .priority = (osPriority_t) osPriorityNormal,
 137:Core/Src/freertos.c **** };
 138:Core/Src/freertos.c **** /* Definitions for uartQueue */
 139:Core/Src/freertos.c **** osMessageQueueId_t uartQueueHandle;
 140:Core/Src/freertos.c **** uint8_t uartQueueBuffer[ 4 * sizeof( void* ) ];
 141:Core/Src/freertos.c **** osStaticMessageQDef_t uartQueueControlBlock;
 142:Core/Src/freertos.c **** const osMessageQueueAttr_t uartQueue_attributes = {
 143:Core/Src/freertos.c ****   .name = "uartQueue",
 144:Core/Src/freertos.c ****   .cb_mem = &uartQueueControlBlock,
 145:Core/Src/freertos.c ****   .cb_size = sizeof(uartQueueControlBlock),
 146:Core/Src/freertos.c ****   .mq_mem = &uartQueueBuffer,
 147:Core/Src/freertos.c ****   .mq_size = sizeof(uartQueueBuffer)
 148:Core/Src/freertos.c **** };
 149:Core/Src/freertos.c **** /* Definitions for ATQueue */
 150:Core/Src/freertos.c **** osMessageQueueId_t ATQueueHandle;
 151:Core/Src/freertos.c **** uint8_t ATQueueBuffer[ 4 * sizeof( void* ) ];
 152:Core/Src/freertos.c **** osStaticMessageQDef_t ATQueueControlBlock;
 153:Core/Src/freertos.c **** const osMessageQueueAttr_t ATQueue_attributes = {
ARM GAS  /tmp/cci6SZFN.s 			page 16


 154:Core/Src/freertos.c ****   .name = "ATQueue",
 155:Core/Src/freertos.c ****   .cb_mem = &ATQueueControlBlock,
 156:Core/Src/freertos.c ****   .cb_size = sizeof(ATQueueControlBlock),
 157:Core/Src/freertos.c ****   .mq_mem = &ATQueueBuffer,
 158:Core/Src/freertos.c ****   .mq_size = sizeof(ATQueueBuffer)
 159:Core/Src/freertos.c **** };
 160:Core/Src/freertos.c **** /* Definitions for ModemSendQueue */
 161:Core/Src/freertos.c **** osMessageQueueId_t ModemSendQueueHandle;
 162:Core/Src/freertos.c **** uint8_t ModemSendQueueBuffer[ 4 * sizeof( void* ) ];
 163:Core/Src/freertos.c **** osStaticMessageQDef_t ModemSendQueueControlBlock;
 164:Core/Src/freertos.c **** const osMessageQueueAttr_t ModemSendQueue_attributes = {
 165:Core/Src/freertos.c ****   .name = "ModemSendQueue",
 166:Core/Src/freertos.c ****   .cb_mem = &ModemSendQueueControlBlock,
 167:Core/Src/freertos.c ****   .cb_size = sizeof(ModemSendQueueControlBlock),
 168:Core/Src/freertos.c ****   .mq_mem = &ModemSendQueueBuffer,
 169:Core/Src/freertos.c ****   .mq_size = sizeof(ModemSendQueueBuffer)
 170:Core/Src/freertos.c **** };
 171:Core/Src/freertos.c **** /* Definitions for ACControladorQueue */
 172:Core/Src/freertos.c **** osMessageQueueId_t ACControladorQueueHandle;
 173:Core/Src/freertos.c **** uint8_t ACControladorQueueBuffer[ 8 * sizeof( AC_CONTROLADOR_OBJ_t ) ];
 174:Core/Src/freertos.c **** osStaticMessageQDef_t ACControladorQueueControlBlock;
 175:Core/Src/freertos.c **** const osMessageQueueAttr_t ACControladorQueue_attributes = {
 176:Core/Src/freertos.c ****   .name = "ACControladorQueue",
 177:Core/Src/freertos.c ****   .cb_mem = &ACControladorQueueControlBlock,
 178:Core/Src/freertos.c ****   .cb_size = sizeof(ACControladorQueueControlBlock),
 179:Core/Src/freertos.c ****   .mq_mem = &ACControladorQueueBuffer,
 180:Core/Src/freertos.c ****   .mq_size = sizeof(ACControladorQueueBuffer)
 181:Core/Src/freertos.c **** };
 182:Core/Src/freertos.c **** /* Definitions for PeriodicSendTimer */
 183:Core/Src/freertos.c **** osTimerId_t PeriodicSendTimerHandle;
 184:Core/Src/freertos.c **** osStaticTimerDef_t PeriodicSendTimerControlBlock;
 185:Core/Src/freertos.c **** const osTimerAttr_t PeriodicSendTimer_attributes = {
 186:Core/Src/freertos.c ****   .name = "PeriodicSendTimer",
 187:Core/Src/freertos.c ****   .cb_mem = &PeriodicSendTimerControlBlock,
 188:Core/Src/freertos.c ****   .cb_size = sizeof(PeriodicSendTimerControlBlock),
 189:Core/Src/freertos.c **** };
 190:Core/Src/freertos.c **** /* Definitions for ModemLedTimer */
 191:Core/Src/freertos.c **** osTimerId_t ModemLedTimerHandle;
 192:Core/Src/freertos.c **** osStaticTimerDef_t ModemLedTimerControlBlock;
 193:Core/Src/freertos.c **** const osTimerAttr_t ModemLedTimer_attributes = {
 194:Core/Src/freertos.c ****   .name = "ModemLedTimer",
 195:Core/Src/freertos.c ****   .cb_mem = &ModemLedTimerControlBlock,
 196:Core/Src/freertos.c ****   .cb_size = sizeof(ModemLedTimerControlBlock),
 197:Core/Src/freertos.c **** };
 198:Core/Src/freertos.c **** /* Definitions for DutyCycleTimer */
 199:Core/Src/freertos.c **** osTimerId_t DutyCycleTimerHandle;
 200:Core/Src/freertos.c **** osStaticTimerDef_t DutyCycleTimerControlBlock;
 201:Core/Src/freertos.c **** const osTimerAttr_t DutyCycleTimer_attributes = {
 202:Core/Src/freertos.c ****   .name = "DutyCycleTimer",
 203:Core/Src/freertos.c ****   .cb_mem = &DutyCycleTimerControlBlock,
 204:Core/Src/freertos.c ****   .cb_size = sizeof(DutyCycleTimerControlBlock),
 205:Core/Src/freertos.c **** };
 206:Core/Src/freertos.c **** /* Definitions for ATCommandSemaphore */
 207:Core/Src/freertos.c **** osSemaphoreId_t ATCommandSemaphoreHandle;
 208:Core/Src/freertos.c **** const osSemaphoreAttr_t ATCommandSemaphore_attributes = {
 209:Core/Src/freertos.c ****   .name = "ATCommandSemaphore"
 210:Core/Src/freertos.c **** };
ARM GAS  /tmp/cci6SZFN.s 			page 17


 211:Core/Src/freertos.c **** /* Definitions for ATResponseSemaphore */
 212:Core/Src/freertos.c **** osSemaphoreId_t ATResponseSemaphoreHandle;
 213:Core/Src/freertos.c **** const osSemaphoreAttr_t ATResponseSemaphore_attributes = {
 214:Core/Src/freertos.c ****   .name = "ATResponseSemaphore"
 215:Core/Src/freertos.c **** };
 216:Core/Src/freertos.c **** /* Definitions for UARTTXSemaphore */
 217:Core/Src/freertos.c **** osSemaphoreId_t UARTTXSemaphoreHandle;
 218:Core/Src/freertos.c **** const osSemaphoreAttr_t UARTTXSemaphore_attributes = {
 219:Core/Src/freertos.c ****   .name = "UARTTXSemaphore"
 220:Core/Src/freertos.c **** };
 221:Core/Src/freertos.c **** /* Definitions for RadioStateSemaphore */
 222:Core/Src/freertos.c **** osSemaphoreId_t RadioStateSemaphoreHandle;
 223:Core/Src/freertos.c **** const osSemaphoreAttr_t RadioStateSemaphore_attributes = {
 224:Core/Src/freertos.c ****   .name = "RadioStateSemaphore"
 225:Core/Src/freertos.c **** };
 226:Core/Src/freertos.c **** /* Definitions for LoRaTXSemaphore */
 227:Core/Src/freertos.c **** osSemaphoreId_t LoRaTXSemaphoreHandle;
 228:Core/Src/freertos.c **** const osSemaphoreAttr_t LoRaTXSemaphore_attributes = {
 229:Core/Src/freertos.c ****   .name = "LoRaTXSemaphore"
 230:Core/Src/freertos.c **** };
 231:Core/Src/freertos.c **** /* Definitions for ModemStatusFlags */
 232:Core/Src/freertos.c **** osEventFlagsId_t ModemStatusFlagsHandle;
 233:Core/Src/freertos.c **** osStaticEventGroupDef_t ModemStatusFlagsControlBlock;
 234:Core/Src/freertos.c **** const osEventFlagsAttr_t ModemStatusFlags_attributes = {
 235:Core/Src/freertos.c ****   .name = "ModemStatusFlags",
 236:Core/Src/freertos.c ****   .cb_mem = &ModemStatusFlagsControlBlock,
 237:Core/Src/freertos.c ****   .cb_size = sizeof(ModemStatusFlagsControlBlock),
 238:Core/Src/freertos.c **** };
 239:Core/Src/freertos.c **** 
 240:Core/Src/freertos.c **** /* Private function prototypes -----------------------------------------------*/
 241:Core/Src/freertos.c **** /* USER CODE BEGIN FunctionPrototypes */
 242:Core/Src/freertos.c **** 
 243:Core/Src/freertos.c **** /* USER CODE END FunctionPrototypes */
 244:Core/Src/freertos.c **** 
 245:Core/Src/freertos.c **** void StartDefaultTask(void *argument);
 246:Core/Src/freertos.c **** extern void ATParsingTaskCode(void *argument);
 247:Core/Src/freertos.c **** extern void ATHandlingTaskCode(void *argument);
 248:Core/Src/freertos.c **** extern void UARTProcTaskCode(void *argument);
 249:Core/Src/freertos.c **** extern void ModemManagerTaskCode(void *argument);
 250:Core/Src/freertos.c **** extern void AppSendTaskCode(void *argument);
 251:Core/Src/freertos.c **** extern void DutyCycleTaskCode(void *argument);
 252:Core/Src/freertos.c **** extern void PeriodicSendTimerCallback(void *argument);
 253:Core/Src/freertos.c **** extern void ModemLedCallback(void *argument);
 254:Core/Src/freertos.c **** extern void DutyCycleTimerCallback(void *argument);
 255:Core/Src/freertos.c **** 
 256:Core/Src/freertos.c **** extern void MX_USB_DEVICE_Init(void);
 257:Core/Src/freertos.c **** void MX_FREERTOS_Init(void); /* (MISRA C 2004 rule 8.1) */
 258:Core/Src/freertos.c **** 
 259:Core/Src/freertos.c **** /* USER CODE BEGIN PREPOSTSLEEP */
 260:Core/Src/freertos.c **** __weak void PreSleepProcessing(uint32_t ulExpectedIdleTime)
 261:Core/Src/freertos.c **** {
 657              		.loc 1 261 1
 658              		.cfi_startproc
 659              		@ args = 0, pretend = 0, frame = 8
 660              		@ frame_needed = 1, uses_anonymous_args = 0
 661              		@ link register save eliminated.
 662 0000 80B4     		push	{r7}
ARM GAS  /tmp/cci6SZFN.s 			page 18


 663              	.LCFI0:
 664              		.cfi_def_cfa_offset 4
 665              		.cfi_offset 7, -4
 666 0002 83B0     		sub	sp, sp, #12
 667              	.LCFI1:
 668              		.cfi_def_cfa_offset 16
 669 0004 00AF     		add	r7, sp, #0
 670              	.LCFI2:
 671              		.cfi_def_cfa_register 7
 672 0006 7860     		str	r0, [r7, #4]
 262:Core/Src/freertos.c **** /* place for user code */
 263:Core/Src/freertos.c **** }
 673              		.loc 1 263 1
 674 0008 00BF     		nop
 675 000a 0C37     		adds	r7, r7, #12
 676              	.LCFI3:
 677              		.cfi_def_cfa_offset 4
 678 000c BD46     		mov	sp, r7
 679              	.LCFI4:
 680              		.cfi_def_cfa_register 13
 681              		@ sp needed
 682 000e 80BC     		pop	{r7}
 683              	.LCFI5:
 684              		.cfi_restore 7
 685              		.cfi_def_cfa_offset 0
 686 0010 7047     		bx	lr
 687              		.cfi_endproc
 688              	.LFE224:
 690              		.section	.text.PostSleepProcessing,"ax",%progbits
 691              		.align	1
 692              		.weak	PostSleepProcessing
 693              		.syntax unified
 694              		.thumb
 695              		.thumb_func
 697              	PostSleepProcessing:
 698              	.LFB225:
 264:Core/Src/freertos.c **** 
 265:Core/Src/freertos.c **** __weak void PostSleepProcessing(uint32_t ulExpectedIdleTime)
 266:Core/Src/freertos.c **** {
 699              		.loc 1 266 1
 700              		.cfi_startproc
 701              		@ args = 0, pretend = 0, frame = 8
 702              		@ frame_needed = 1, uses_anonymous_args = 0
 703              		@ link register save eliminated.
 704 0000 80B4     		push	{r7}
 705              	.LCFI6:
 706              		.cfi_def_cfa_offset 4
 707              		.cfi_offset 7, -4
 708 0002 83B0     		sub	sp, sp, #12
 709              	.LCFI7:
 710              		.cfi_def_cfa_offset 16
 711 0004 00AF     		add	r7, sp, #0
 712              	.LCFI8:
 713              		.cfi_def_cfa_register 7
 714 0006 7860     		str	r0, [r7, #4]
 267:Core/Src/freertos.c **** /* place for user code */
 268:Core/Src/freertos.c **** }
ARM GAS  /tmp/cci6SZFN.s 			page 19


 715              		.loc 1 268 1
 716 0008 00BF     		nop
 717 000a 0C37     		adds	r7, r7, #12
 718              	.LCFI9:
 719              		.cfi_def_cfa_offset 4
 720 000c BD46     		mov	sp, r7
 721              	.LCFI10:
 722              		.cfi_def_cfa_register 13
 723              		@ sp needed
 724 000e 80BC     		pop	{r7}
 725              	.LCFI11:
 726              		.cfi_restore 7
 727              		.cfi_def_cfa_offset 0
 728 0010 7047     		bx	lr
 729              		.cfi_endproc
 730              	.LFE225:
 732              		.section	.text.MX_FREERTOS_Init,"ax",%progbits
 733              		.align	1
 734              		.global	MX_FREERTOS_Init
 735              		.syntax unified
 736              		.thumb
 737              		.thumb_func
 739              	MX_FREERTOS_Init:
 740              	.LFB226:
 269:Core/Src/freertos.c **** /* USER CODE END PREPOSTSLEEP */
 270:Core/Src/freertos.c **** 
 271:Core/Src/freertos.c **** /**
 272:Core/Src/freertos.c ****   * @brief  FreeRTOS initialization
 273:Core/Src/freertos.c ****   * @param  None
 274:Core/Src/freertos.c ****   * @retval None
 275:Core/Src/freertos.c ****   */
 276:Core/Src/freertos.c **** void MX_FREERTOS_Init(void) {
 741              		.loc 1 276 29
 742              		.cfi_startproc
 743              		@ args = 0, pretend = 0, frame = 0
 744              		@ frame_needed = 1, uses_anonymous_args = 0
 745 0000 80B5     		push	{r7, lr}
 746              	.LCFI12:
 747              		.cfi_def_cfa_offset 8
 748              		.cfi_offset 7, -8
 749              		.cfi_offset 14, -4
 750 0002 00AF     		add	r7, sp, #0
 751              	.LCFI13:
 752              		.cfi_def_cfa_register 7
 277:Core/Src/freertos.c ****   /* USER CODE BEGIN Init */
 278:Core/Src/freertos.c **** 
 279:Core/Src/freertos.c ****   /* USER CODE END Init */
 280:Core/Src/freertos.c **** 
 281:Core/Src/freertos.c ****   /* USER CODE BEGIN RTOS_MUTEX */
 282:Core/Src/freertos.c ****   /* add mutexes, ... */
 283:Core/Src/freertos.c ****   /* USER CODE END RTOS_MUTEX */
 284:Core/Src/freertos.c **** 
 285:Core/Src/freertos.c ****   /* Create the semaphores(s) */
 286:Core/Src/freertos.c ****   /* creation of ATCommandSemaphore */
 287:Core/Src/freertos.c ****   ATCommandSemaphoreHandle = osSemaphoreNew(1, 0, &ATCommandSemaphore_attributes);
 753              		.loc 1 287 30
 754 0004 5D4A     		ldr	r2, .L4
ARM GAS  /tmp/cci6SZFN.s 			page 20


 755 0006 0021     		movs	r1, #0
 756 0008 0120     		movs	r0, #1
 757 000a FFF7FEFF 		bl	osSemaphoreNew
 758 000e 0346     		mov	r3, r0
 759              		.loc 1 287 28 discriminator 1
 760 0010 5B4A     		ldr	r2, .L4+4
 761 0012 1360     		str	r3, [r2]
 288:Core/Src/freertos.c **** 
 289:Core/Src/freertos.c ****   /* creation of ATResponseSemaphore */
 290:Core/Src/freertos.c ****   ATResponseSemaphoreHandle = osSemaphoreNew(1, 0, &ATResponseSemaphore_attributes);
 762              		.loc 1 290 31
 763 0014 5B4A     		ldr	r2, .L4+8
 764 0016 0021     		movs	r1, #0
 765 0018 0120     		movs	r0, #1
 766 001a FFF7FEFF 		bl	osSemaphoreNew
 767 001e 0346     		mov	r3, r0
 768              		.loc 1 290 29 discriminator 1
 769 0020 594A     		ldr	r2, .L4+12
 770 0022 1360     		str	r3, [r2]
 291:Core/Src/freertos.c **** 
 292:Core/Src/freertos.c ****   /* creation of UARTTXSemaphore */
 293:Core/Src/freertos.c ****   UARTTXSemaphoreHandle = osSemaphoreNew(1, 0, &UARTTXSemaphore_attributes);
 771              		.loc 1 293 27
 772 0024 594A     		ldr	r2, .L4+16
 773 0026 0021     		movs	r1, #0
 774 0028 0120     		movs	r0, #1
 775 002a FFF7FEFF 		bl	osSemaphoreNew
 776 002e 0346     		mov	r3, r0
 777              		.loc 1 293 25 discriminator 1
 778 0030 574A     		ldr	r2, .L4+20
 779 0032 1360     		str	r3, [r2]
 294:Core/Src/freertos.c **** 
 295:Core/Src/freertos.c ****   /* creation of RadioStateSemaphore */
 296:Core/Src/freertos.c ****   RadioStateSemaphoreHandle = osSemaphoreNew(1, 0, &RadioStateSemaphore_attributes);
 780              		.loc 1 296 31
 781 0034 574A     		ldr	r2, .L4+24
 782 0036 0021     		movs	r1, #0
 783 0038 0120     		movs	r0, #1
 784 003a FFF7FEFF 		bl	osSemaphoreNew
 785 003e 0346     		mov	r3, r0
 786              		.loc 1 296 29 discriminator 1
 787 0040 554A     		ldr	r2, .L4+28
 788 0042 1360     		str	r3, [r2]
 297:Core/Src/freertos.c **** 
 298:Core/Src/freertos.c ****   /* creation of LoRaTXSemaphore */
 299:Core/Src/freertos.c ****   LoRaTXSemaphoreHandle = osSemaphoreNew(1, 0, &LoRaTXSemaphore_attributes);
 789              		.loc 1 299 27
 790 0044 554A     		ldr	r2, .L4+32
 791 0046 0021     		movs	r1, #0
 792 0048 0120     		movs	r0, #1
 793 004a FFF7FEFF 		bl	osSemaphoreNew
 794 004e 0346     		mov	r3, r0
 795              		.loc 1 299 25 discriminator 1
 796 0050 534A     		ldr	r2, .L4+36
 797 0052 1360     		str	r3, [r2]
 300:Core/Src/freertos.c **** 
 301:Core/Src/freertos.c ****   /* USER CODE BEGIN RTOS_SEMAPHORES */
ARM GAS  /tmp/cci6SZFN.s 			page 21


 302:Core/Src/freertos.c ****   /* add semaphores, ... */
 303:Core/Src/freertos.c ****   osSemaphoreRelease(ATCommandSemaphoreHandle);
 798              		.loc 1 303 3
 799 0054 4A4B     		ldr	r3, .L4+4
 800 0056 1B68     		ldr	r3, [r3]
 801 0058 1846     		mov	r0, r3
 802 005a FFF7FEFF 		bl	osSemaphoreRelease
 304:Core/Src/freertos.c ****   osSemaphoreRelease(ATResponseSemaphoreHandle);
 803              		.loc 1 304 3
 804 005e 4A4B     		ldr	r3, .L4+12
 805 0060 1B68     		ldr	r3, [r3]
 806 0062 1846     		mov	r0, r3
 807 0064 FFF7FEFF 		bl	osSemaphoreRelease
 305:Core/Src/freertos.c ****   osSemaphoreRelease(UARTTXSemaphoreHandle);
 808              		.loc 1 305 3
 809 0068 494B     		ldr	r3, .L4+20
 810 006a 1B68     		ldr	r3, [r3]
 811 006c 1846     		mov	r0, r3
 812 006e FFF7FEFF 		bl	osSemaphoreRelease
 306:Core/Src/freertos.c ****   osSemaphoreRelease(RadioStateSemaphoreHandle);
 813              		.loc 1 306 3
 814 0072 494B     		ldr	r3, .L4+28
 815 0074 1B68     		ldr	r3, [r3]
 816 0076 1846     		mov	r0, r3
 817 0078 FFF7FEFF 		bl	osSemaphoreRelease
 307:Core/Src/freertos.c ****   osSemaphoreRelease(LoRaTXSemaphoreHandle);
 818              		.loc 1 307 3
 819 007c 484B     		ldr	r3, .L4+36
 820 007e 1B68     		ldr	r3, [r3]
 821 0080 1846     		mov	r0, r3
 822 0082 FFF7FEFF 		bl	osSemaphoreRelease
 308:Core/Src/freertos.c ****   /* USER CODE END RTOS_SEMAPHORES */
 309:Core/Src/freertos.c **** 
 310:Core/Src/freertos.c ****   /* Create the timer(s) */
 311:Core/Src/freertos.c ****   /* creation of PeriodicSendTimer */
 312:Core/Src/freertos.c ****   PeriodicSendTimerHandle = osTimerNew(PeriodicSendTimerCallback, osTimerPeriodic, NULL, &PeriodicS
 823              		.loc 1 312 29
 824 0086 474B     		ldr	r3, .L4+40
 825 0088 0022     		movs	r2, #0
 826 008a 0121     		movs	r1, #1
 827 008c 4648     		ldr	r0, .L4+44
 828 008e FFF7FEFF 		bl	osTimerNew
 829 0092 0346     		mov	r3, r0
 830              		.loc 1 312 27 discriminator 1
 831 0094 454A     		ldr	r2, .L4+48
 832 0096 1360     		str	r3, [r2]
 313:Core/Src/freertos.c **** 
 314:Core/Src/freertos.c ****   /* creation of ModemLedTimer */
 315:Core/Src/freertos.c ****   ModemLedTimerHandle = osTimerNew(ModemLedCallback, osTimerPeriodic, NULL, &ModemLedTimer_attribut
 833              		.loc 1 315 25
 834 0098 454B     		ldr	r3, .L4+52
 835 009a 0022     		movs	r2, #0
 836 009c 0121     		movs	r1, #1
 837 009e 4548     		ldr	r0, .L4+56
 838 00a0 FFF7FEFF 		bl	osTimerNew
 839 00a4 0346     		mov	r3, r0
 840              		.loc 1 315 23 discriminator 1
ARM GAS  /tmp/cci6SZFN.s 			page 22


 841 00a6 444A     		ldr	r2, .L4+60
 842 00a8 1360     		str	r3, [r2]
 316:Core/Src/freertos.c **** 
 317:Core/Src/freertos.c ****   /* creation of DutyCycleTimer */
 318:Core/Src/freertos.c ****   DutyCycleTimerHandle = osTimerNew(DutyCycleTimerCallback, osTimerOnce, NULL, &DutyCycleTimer_attr
 843              		.loc 1 318 26
 844 00aa 444B     		ldr	r3, .L4+64
 845 00ac 0022     		movs	r2, #0
 846 00ae 0021     		movs	r1, #0
 847 00b0 4348     		ldr	r0, .L4+68
 848 00b2 FFF7FEFF 		bl	osTimerNew
 849 00b6 0346     		mov	r3, r0
 850              		.loc 1 318 24 discriminator 1
 851 00b8 424A     		ldr	r2, .L4+72
 852 00ba 1360     		str	r3, [r2]
 319:Core/Src/freertos.c **** 
 320:Core/Src/freertos.c ****   /* USER CODE BEGIN RTOS_TIMERS */
 321:Core/Src/freertos.c ****   /* start timers, add new ones, ... */
 322:Core/Src/freertos.c ****   /* USER CODE END RTOS_TIMERS */
 323:Core/Src/freertos.c **** 
 324:Core/Src/freertos.c ****   /* Create the queue(s) */
 325:Core/Src/freertos.c ****   /* creation of uartQueue */
 326:Core/Src/freertos.c ****   uartQueueHandle = osMessageQueueNew (4, sizeof(void*), &uartQueue_attributes);
 853              		.loc 1 326 21
 854 00bc 424A     		ldr	r2, .L4+76
 855 00be 0421     		movs	r1, #4
 856 00c0 0420     		movs	r0, #4
 857 00c2 FFF7FEFF 		bl	osMessageQueueNew
 858 00c6 0346     		mov	r3, r0
 859              		.loc 1 326 19 discriminator 1
 860 00c8 404A     		ldr	r2, .L4+80
 861 00ca 1360     		str	r3, [r2]
 327:Core/Src/freertos.c **** 
 328:Core/Src/freertos.c ****   /* creation of ATQueue */
 329:Core/Src/freertos.c ****   ATQueueHandle = osMessageQueueNew (4, sizeof(void*), &ATQueue_attributes);
 862              		.loc 1 329 19
 863 00cc 404A     		ldr	r2, .L4+84
 864 00ce 0421     		movs	r1, #4
 865 00d0 0420     		movs	r0, #4
 866 00d2 FFF7FEFF 		bl	osMessageQueueNew
 867 00d6 0346     		mov	r3, r0
 868              		.loc 1 329 17 discriminator 1
 869 00d8 3E4A     		ldr	r2, .L4+88
 870 00da 1360     		str	r3, [r2]
 330:Core/Src/freertos.c **** 
 331:Core/Src/freertos.c ****   /* creation of ModemSendQueue */
 332:Core/Src/freertos.c ****   ModemSendQueueHandle = osMessageQueueNew (4, sizeof(void*), &ModemSendQueue_attributes);
 871              		.loc 1 332 26
 872 00dc 3E4A     		ldr	r2, .L4+92
 873 00de 0421     		movs	r1, #4
 874 00e0 0420     		movs	r0, #4
 875 00e2 FFF7FEFF 		bl	osMessageQueueNew
 876 00e6 0346     		mov	r3, r0
 877              		.loc 1 332 24 discriminator 1
 878 00e8 3C4A     		ldr	r2, .L4+96
 879 00ea 1360     		str	r3, [r2]
 333:Core/Src/freertos.c **** 
ARM GAS  /tmp/cci6SZFN.s 			page 23


 334:Core/Src/freertos.c ****   /* creation of ACControladorQueue */
 335:Core/Src/freertos.c ****   ACControladorQueueHandle = osMessageQueueNew (8, sizeof(AC_CONTROLADOR_OBJ_t), &ACControladorQueu
 880              		.loc 1 335 30
 881 00ec 3C4A     		ldr	r2, .L4+100
 882 00ee 0321     		movs	r1, #3
 883 00f0 0820     		movs	r0, #8
 884 00f2 FFF7FEFF 		bl	osMessageQueueNew
 885 00f6 0346     		mov	r3, r0
 886              		.loc 1 335 28 discriminator 1
 887 00f8 3A4A     		ldr	r2, .L4+104
 888 00fa 1360     		str	r3, [r2]
 336:Core/Src/freertos.c **** 
 337:Core/Src/freertos.c ****   /* USER CODE BEGIN RTOS_QUEUES */
 338:Core/Src/freertos.c ****   /* add queues, ... */
 339:Core/Src/freertos.c ****   /* USER CODE END RTOS_QUEUES */
 340:Core/Src/freertos.c **** 
 341:Core/Src/freertos.c ****   /* Create the thread(s) */
 342:Core/Src/freertos.c ****   /* creation of defaultTask */
 343:Core/Src/freertos.c ****   defaultTaskHandle = osThreadNew(StartDefaultTask, NULL, &defaultTask_attributes);
 889              		.loc 1 343 23
 890 00fc 3A4A     		ldr	r2, .L4+108
 891 00fe 0021     		movs	r1, #0
 892 0100 3A48     		ldr	r0, .L4+112
 893 0102 FFF7FEFF 		bl	osThreadNew
 894 0106 0346     		mov	r3, r0
 895              		.loc 1 343 21 discriminator 1
 896 0108 394A     		ldr	r2, .L4+116
 897 010a 1360     		str	r3, [r2]
 344:Core/Src/freertos.c **** 
 345:Core/Src/freertos.c ****   /* creation of ATParsingTask */
 346:Core/Src/freertos.c ****   ATParsingTaskHandle = osThreadNew(ATParsingTaskCode, NULL, &ATParsingTask_attributes);
 898              		.loc 1 346 25
 899 010c 394A     		ldr	r2, .L4+120
 900 010e 0021     		movs	r1, #0
 901 0110 3948     		ldr	r0, .L4+124
 902 0112 FFF7FEFF 		bl	osThreadNew
 903 0116 0346     		mov	r3, r0
 904              		.loc 1 346 23 discriminator 1
 905 0118 384A     		ldr	r2, .L4+128
 906 011a 1360     		str	r3, [r2]
 347:Core/Src/freertos.c **** 
 348:Core/Src/freertos.c ****   /* creation of ATHandlingTask */
 349:Core/Src/freertos.c ****   ATHandlingTaskHandle = osThreadNew(ATHandlingTaskCode, NULL, &ATHandlingTask_attributes);
 907              		.loc 1 349 26
 908 011c 384A     		ldr	r2, .L4+132
 909 011e 0021     		movs	r1, #0
 910 0120 3848     		ldr	r0, .L4+136
 911 0122 FFF7FEFF 		bl	osThreadNew
 912 0126 0346     		mov	r3, r0
 913              		.loc 1 349 24 discriminator 1
 914 0128 374A     		ldr	r2, .L4+140
 915 012a 1360     		str	r3, [r2]
 350:Core/Src/freertos.c **** 
 351:Core/Src/freertos.c ****   /* creation of UARTProcTask */
 352:Core/Src/freertos.c ****   UARTProcTaskHandle = osThreadNew(UARTProcTaskCode, NULL, &UARTProcTask_attributes);
 916              		.loc 1 352 24
 917 012c 374A     		ldr	r2, .L4+144
ARM GAS  /tmp/cci6SZFN.s 			page 24


 918 012e 0021     		movs	r1, #0
 919 0130 3748     		ldr	r0, .L4+148
 920 0132 FFF7FEFF 		bl	osThreadNew
 921 0136 0346     		mov	r3, r0
 922              		.loc 1 352 22 discriminator 1
 923 0138 364A     		ldr	r2, .L4+152
 924 013a 1360     		str	r3, [r2]
 353:Core/Src/freertos.c **** 
 354:Core/Src/freertos.c ****   /* creation of ModemMngrTask */
 355:Core/Src/freertos.c ****   ModemMngrTaskHandle = osThreadNew(ModemManagerTaskCode, NULL, &ModemMngrTask_attributes);
 925              		.loc 1 355 25
 926 013c 364A     		ldr	r2, .L4+156
 927 013e 0021     		movs	r1, #0
 928 0140 3648     		ldr	r0, .L4+160
 929 0142 FFF7FEFF 		bl	osThreadNew
 930 0146 0346     		mov	r3, r0
 931              		.loc 1 355 23 discriminator 1
 932 0148 354A     		ldr	r2, .L4+164
 933 014a 1360     		str	r3, [r2]
 356:Core/Src/freertos.c **** 
 357:Core/Src/freertos.c ****   /* creation of AppSendTask */
 358:Core/Src/freertos.c ****   AppSendTaskHandle = osThreadNew(AppSendTaskCode, NULL, &AppSendTask_attributes);
 934              		.loc 1 358 23
 935 014c 354A     		ldr	r2, .L4+168
 936 014e 0021     		movs	r1, #0
 937 0150 3548     		ldr	r0, .L4+172
 938 0152 FFF7FEFF 		bl	osThreadNew
 939 0156 0346     		mov	r3, r0
 940              		.loc 1 358 21 discriminator 1
 941 0158 344A     		ldr	r2, .L4+176
 942 015a 1360     		str	r3, [r2]
 359:Core/Src/freertos.c **** 
 360:Core/Src/freertos.c ****   /* creation of DutyCycleTask */
 361:Core/Src/freertos.c ****   DutyCycleTaskHandle = osThreadNew(DutyCycleTaskCode, NULL, &DutyCycleTask_attributes);
 943              		.loc 1 361 25
 944 015c 344A     		ldr	r2, .L4+180
 945 015e 0021     		movs	r1, #0
 946 0160 3448     		ldr	r0, .L4+184
 947 0162 FFF7FEFF 		bl	osThreadNew
 948 0166 0346     		mov	r3, r0
 949              		.loc 1 361 23 discriminator 1
 950 0168 334A     		ldr	r2, .L4+188
 951 016a 1360     		str	r3, [r2]
 362:Core/Src/freertos.c **** 
 363:Core/Src/freertos.c ****   /* USER CODE BEGIN RTOS_THREADS */
 364:Core/Src/freertos.c ****   /* add threads, ... */
 365:Core/Src/freertos.c ****   /* USER CODE END RTOS_THREADS */
 366:Core/Src/freertos.c **** 
 367:Core/Src/freertos.c ****   /* Create the event(s) */
 368:Core/Src/freertos.c ****   /* creation of ModemStatusFlags */
 369:Core/Src/freertos.c ****   ModemStatusFlagsHandle = osEventFlagsNew(&ModemStatusFlags_attributes);
 952              		.loc 1 369 28
 953 016c 3348     		ldr	r0, .L4+192
 954 016e FFF7FEFF 		bl	osEventFlagsNew
 955 0172 0346     		mov	r3, r0
 956              		.loc 1 369 26 discriminator 1
 957 0174 324A     		ldr	r2, .L4+196
ARM GAS  /tmp/cci6SZFN.s 			page 25


 958 0176 1360     		str	r3, [r2]
 370:Core/Src/freertos.c **** 
 371:Core/Src/freertos.c ****   /* USER CODE BEGIN RTOS_EVENTS */
 372:Core/Src/freertos.c ****   /* add events, ... */
 373:Core/Src/freertos.c ****   /* USER CODE END RTOS_EVENTS */
 374:Core/Src/freertos.c **** 
 375:Core/Src/freertos.c **** }
 959              		.loc 1 375 1
 960 0178 00BF     		nop
 961 017a 80BD     		pop	{r7, pc}
 962              	.L5:
 963              		.align	2
 964              	.L4:
 965 017c 00000000 		.word	ATCommandSemaphore_attributes
 966 0180 00000000 		.word	ATCommandSemaphoreHandle
 967 0184 00000000 		.word	ATResponseSemaphore_attributes
 968 0188 00000000 		.word	ATResponseSemaphoreHandle
 969 018c 00000000 		.word	UARTTXSemaphore_attributes
 970 0190 00000000 		.word	UARTTXSemaphoreHandle
 971 0194 00000000 		.word	RadioStateSemaphore_attributes
 972 0198 00000000 		.word	RadioStateSemaphoreHandle
 973 019c 00000000 		.word	LoRaTXSemaphore_attributes
 974 01a0 00000000 		.word	LoRaTXSemaphoreHandle
 975 01a4 00000000 		.word	PeriodicSendTimer_attributes
 976 01a8 00000000 		.word	PeriodicSendTimerCallback
 977 01ac 00000000 		.word	PeriodicSendTimerHandle
 978 01b0 00000000 		.word	ModemLedTimer_attributes
 979 01b4 00000000 		.word	ModemLedCallback
 980 01b8 00000000 		.word	ModemLedTimerHandle
 981 01bc 00000000 		.word	DutyCycleTimer_attributes
 982 01c0 00000000 		.word	DutyCycleTimerCallback
 983 01c4 00000000 		.word	DutyCycleTimerHandle
 984 01c8 00000000 		.word	uartQueue_attributes
 985 01cc 00000000 		.word	uartQueueHandle
 986 01d0 00000000 		.word	ATQueue_attributes
 987 01d4 00000000 		.word	ATQueueHandle
 988 01d8 00000000 		.word	ModemSendQueue_attributes
 989 01dc 00000000 		.word	ModemSendQueueHandle
 990 01e0 00000000 		.word	ACControladorQueue_attributes
 991 01e4 00000000 		.word	ACControladorQueueHandle
 992 01e8 00000000 		.word	defaultTask_attributes
 993 01ec 00000000 		.word	StartDefaultTask
 994 01f0 00000000 		.word	defaultTaskHandle
 995 01f4 00000000 		.word	ATParsingTask_attributes
 996 01f8 00000000 		.word	ATParsingTaskCode
 997 01fc 00000000 		.word	ATParsingTaskHandle
 998 0200 00000000 		.word	ATHandlingTask_attributes
 999 0204 00000000 		.word	ATHandlingTaskCode
 1000 0208 00000000 		.word	ATHandlingTaskHandle
 1001 020c 00000000 		.word	UARTProcTask_attributes
 1002 0210 00000000 		.word	UARTProcTaskCode
 1003 0214 00000000 		.word	UARTProcTaskHandle
 1004 0218 00000000 		.word	ModemMngrTask_attributes
 1005 021c 00000000 		.word	ModemManagerTaskCode
 1006 0220 00000000 		.word	ModemMngrTaskHandle
 1007 0224 00000000 		.word	AppSendTask_attributes
 1008 0228 00000000 		.word	AppSendTaskCode
ARM GAS  /tmp/cci6SZFN.s 			page 26


 1009 022c 00000000 		.word	AppSendTaskHandle
 1010 0230 00000000 		.word	DutyCycleTask_attributes
 1011 0234 00000000 		.word	DutyCycleTaskCode
 1012 0238 00000000 		.word	DutyCycleTaskHandle
 1013 023c 00000000 		.word	ModemStatusFlags_attributes
 1014 0240 00000000 		.word	ModemStatusFlagsHandle
 1015              		.cfi_endproc
 1016              	.LFE226:
 1018              		.section	.text.StartDefaultTask,"ax",%progbits
 1019              		.align	1
 1020              		.global	StartDefaultTask
 1021              		.syntax unified
 1022              		.thumb
 1023              		.thumb_func
 1025              	StartDefaultTask:
 1026              	.LFB227:
 376:Core/Src/freertos.c **** 
 377:Core/Src/freertos.c **** /* USER CODE BEGIN Header_StartDefaultTask */
 378:Core/Src/freertos.c **** /**
 379:Core/Src/freertos.c ****   * @brief  Function implementing the defaultTask thread.
 380:Core/Src/freertos.c ****   * @param  argument: Not used
 381:Core/Src/freertos.c ****   * @retval None
 382:Core/Src/freertos.c ****   */
 383:Core/Src/freertos.c **** /* USER CODE END Header_StartDefaultTask */
 384:Core/Src/freertos.c **** void StartDefaultTask(void *argument)
 385:Core/Src/freertos.c **** {
 1027              		.loc 1 385 1
 1028              		.cfi_startproc
 1029              		@ args = 0, pretend = 0, frame = 8
 1030              		@ frame_needed = 1, uses_anonymous_args = 0
 1031 0000 80B5     		push	{r7, lr}
 1032              	.LCFI14:
 1033              		.cfi_def_cfa_offset 8
 1034              		.cfi_offset 7, -8
 1035              		.cfi_offset 14, -4
 1036 0002 82B0     		sub	sp, sp, #8
 1037              	.LCFI15:
 1038              		.cfi_def_cfa_offset 16
 1039 0004 00AF     		add	r7, sp, #0
 1040              	.LCFI16:
 1041              		.cfi_def_cfa_register 7
 1042 0006 7860     		str	r0, [r7, #4]
 386:Core/Src/freertos.c ****   /* init code for USB_DEVICE */
 387:Core/Src/freertos.c ****   MX_USB_DEVICE_Init();
 1043              		.loc 1 387 3
 1044 0008 FFF7FEFF 		bl	MX_USB_DEVICE_Init
 1045              	.L7:
 388:Core/Src/freertos.c ****   /* USER CODE BEGIN StartDefaultTask */
 389:Core/Src/freertos.c ****   /* Infinite loop */
 390:Core/Src/freertos.c ****   for(;;)
 391:Core/Src/freertos.c ****   {
 392:Core/Src/freertos.c ****     osDelay(1);
 1046              		.loc 1 392 5 discriminator 2
 1047 000c 0120     		movs	r0, #1
 1048 000e FFF7FEFF 		bl	osDelay
 1049 0012 FBE7     		b	.L7
 1050              		.cfi_endproc
ARM GAS  /tmp/cci6SZFN.s 			page 27


 1051              	.LFE227:
 1053              		.text
 1054              	.Letext0:
 1055              		.file 2 "/home/fabio/arm-gnu-toolchain-15.2.rel1-x86_64-arm-none-eabi/arm-none-eabi/include/machin
 1056              		.file 3 "/home/fabio/arm-gnu-toolchain-15.2.rel1-x86_64-arm-none-eabi/arm-none-eabi/include/sys/_s
 1057              		.file 4 "Middlewares/Third_Party/FreeRTOS/Source/include/projdefs.h"
 1058              		.file 5 "Middlewares/Third_Party/FreeRTOS/Source/portable/GCC/ARM_CM4F/portmacro.h"
 1059              		.file 6 "Middlewares/Third_Party/FreeRTOS/Source/include/FreeRTOS.h"
 1060              		.file 7 "Middlewares/Third_Party/FreeRTOS/Source/CMSIS_RTOS_V2/cmsis_os2.h"
ARM GAS  /tmp/cci6SZFN.s 			page 28


DEFINED SYMBOLS
                            *ABS*:00000000 freertos.c
     /tmp/cci6SZFN.s:25     .bss.defaultTaskHandle:00000000 defaultTaskHandle
     /tmp/cci6SZFN.s:22     .bss.defaultTaskHandle:00000000 $d
     /tmp/cci6SZFN.s:32     .bss.defaultTaskBuffer:00000000 defaultTaskBuffer
     /tmp/cci6SZFN.s:29     .bss.defaultTaskBuffer:00000000 $d
     /tmp/cci6SZFN.s:39     .bss.defaultTaskControlBlock:00000000 defaultTaskControlBlock
     /tmp/cci6SZFN.s:36     .bss.defaultTaskControlBlock:00000000 $d
     /tmp/cci6SZFN.s:50     .rodata.defaultTask_attributes:00000000 defaultTask_attributes
     /tmp/cci6SZFN.s:43     .rodata:00000000 $d
     /tmp/cci6SZFN.s:47     .rodata.defaultTask_attributes:00000000 $d
     /tmp/cci6SZFN.s:64     .bss.ATParsingTaskHandle:00000000 ATParsingTaskHandle
     /tmp/cci6SZFN.s:61     .bss.ATParsingTaskHandle:00000000 $d
     /tmp/cci6SZFN.s:71     .bss.ATParsingTaskBuffer:00000000 ATParsingTaskBuffer
     /tmp/cci6SZFN.s:68     .bss.ATParsingTaskBuffer:00000000 $d
     /tmp/cci6SZFN.s:78     .bss.ATParsingTaskControlBlock:00000000 ATParsingTaskControlBlock
     /tmp/cci6SZFN.s:75     .bss.ATParsingTaskControlBlock:00000000 $d
     /tmp/cci6SZFN.s:89     .rodata.ATParsingTask_attributes:00000000 ATParsingTask_attributes
     /tmp/cci6SZFN.s:86     .rodata.ATParsingTask_attributes:00000000 $d
     /tmp/cci6SZFN.s:103    .bss.ATHandlingTaskHandle:00000000 ATHandlingTaskHandle
     /tmp/cci6SZFN.s:100    .bss.ATHandlingTaskHandle:00000000 $d
     /tmp/cci6SZFN.s:110    .bss.ATHandlingTaskBuffer:00000000 ATHandlingTaskBuffer
     /tmp/cci6SZFN.s:107    .bss.ATHandlingTaskBuffer:00000000 $d
     /tmp/cci6SZFN.s:117    .bss.ATHandlingTaskControlBlock:00000000 ATHandlingTaskControlBlock
     /tmp/cci6SZFN.s:114    .bss.ATHandlingTaskControlBlock:00000000 $d
     /tmp/cci6SZFN.s:128    .rodata.ATHandlingTask_attributes:00000000 ATHandlingTask_attributes
     /tmp/cci6SZFN.s:125    .rodata.ATHandlingTask_attributes:00000000 $d
     /tmp/cci6SZFN.s:142    .bss.UARTProcTaskHandle:00000000 UARTProcTaskHandle
     /tmp/cci6SZFN.s:139    .bss.UARTProcTaskHandle:00000000 $d
     /tmp/cci6SZFN.s:149    .bss.UARTProcTaskBuffer:00000000 UARTProcTaskBuffer
     /tmp/cci6SZFN.s:146    .bss.UARTProcTaskBuffer:00000000 $d
     /tmp/cci6SZFN.s:156    .bss.UARTProcTaskControlBlock:00000000 UARTProcTaskControlBlock
     /tmp/cci6SZFN.s:153    .bss.UARTProcTaskControlBlock:00000000 $d
     /tmp/cci6SZFN.s:167    .rodata.UARTProcTask_attributes:00000000 UARTProcTask_attributes
     /tmp/cci6SZFN.s:164    .rodata.UARTProcTask_attributes:00000000 $d
     /tmp/cci6SZFN.s:181    .bss.ModemMngrTaskHandle:00000000 ModemMngrTaskHandle
     /tmp/cci6SZFN.s:178    .bss.ModemMngrTaskHandle:00000000 $d
     /tmp/cci6SZFN.s:188    .bss.ModemMngrTaskBuffer:00000000 ModemMngrTaskBuffer
     /tmp/cci6SZFN.s:185    .bss.ModemMngrTaskBuffer:00000000 $d
     /tmp/cci6SZFN.s:195    .bss.ModemMngrTaskControlBlock:00000000 ModemMngrTaskControlBlock
     /tmp/cci6SZFN.s:192    .bss.ModemMngrTaskControlBlock:00000000 $d
     /tmp/cci6SZFN.s:206    .rodata.ModemMngrTask_attributes:00000000 ModemMngrTask_attributes
     /tmp/cci6SZFN.s:203    .rodata.ModemMngrTask_attributes:00000000 $d
     /tmp/cci6SZFN.s:220    .bss.AppSendTaskHandle:00000000 AppSendTaskHandle
     /tmp/cci6SZFN.s:217    .bss.AppSendTaskHandle:00000000 $d
     /tmp/cci6SZFN.s:227    .bss.SendTemperatureBuffer:00000000 SendTemperatureBuffer
     /tmp/cci6SZFN.s:224    .bss.SendTemperatureBuffer:00000000 $d
     /tmp/cci6SZFN.s:234    .bss.SendTemperatureControlBlock:00000000 SendTemperatureControlBlock
     /tmp/cci6SZFN.s:231    .bss.SendTemperatureControlBlock:00000000 $d
     /tmp/cci6SZFN.s:245    .rodata.AppSendTask_attributes:00000000 AppSendTask_attributes
     /tmp/cci6SZFN.s:242    .rodata.AppSendTask_attributes:00000000 $d
     /tmp/cci6SZFN.s:259    .bss.DutyCycleTaskHandle:00000000 DutyCycleTaskHandle
     /tmp/cci6SZFN.s:256    .bss.DutyCycleTaskHandle:00000000 $d
     /tmp/cci6SZFN.s:266    .bss.DutyCycleTaskBuffer:00000000 DutyCycleTaskBuffer
     /tmp/cci6SZFN.s:263    .bss.DutyCycleTaskBuffer:00000000 $d
     /tmp/cci6SZFN.s:273    .bss.DutyCycleTaskControlBlock:00000000 DutyCycleTaskControlBlock
     /tmp/cci6SZFN.s:270    .bss.DutyCycleTaskControlBlock:00000000 $d
ARM GAS  /tmp/cci6SZFN.s 			page 29


     /tmp/cci6SZFN.s:284    .rodata.DutyCycleTask_attributes:00000000 DutyCycleTask_attributes
     /tmp/cci6SZFN.s:281    .rodata.DutyCycleTask_attributes:00000000 $d
     /tmp/cci6SZFN.s:298    .bss.uartQueueHandle:00000000 uartQueueHandle
     /tmp/cci6SZFN.s:295    .bss.uartQueueHandle:00000000 $d
     /tmp/cci6SZFN.s:305    .bss.uartQueueBuffer:00000000 uartQueueBuffer
     /tmp/cci6SZFN.s:302    .bss.uartQueueBuffer:00000000 $d
     /tmp/cci6SZFN.s:312    .bss.uartQueueControlBlock:00000000 uartQueueControlBlock
     /tmp/cci6SZFN.s:309    .bss.uartQueueControlBlock:00000000 $d
     /tmp/cci6SZFN.s:323    .rodata.uartQueue_attributes:00000000 uartQueue_attributes
     /tmp/cci6SZFN.s:320    .rodata.uartQueue_attributes:00000000 $d
     /tmp/cci6SZFN.s:335    .bss.ATQueueHandle:00000000 ATQueueHandle
     /tmp/cci6SZFN.s:332    .bss.ATQueueHandle:00000000 $d
     /tmp/cci6SZFN.s:342    .bss.ATQueueBuffer:00000000 ATQueueBuffer
     /tmp/cci6SZFN.s:339    .bss.ATQueueBuffer:00000000 $d
     /tmp/cci6SZFN.s:349    .bss.ATQueueControlBlock:00000000 ATQueueControlBlock
     /tmp/cci6SZFN.s:346    .bss.ATQueueControlBlock:00000000 $d
     /tmp/cci6SZFN.s:360    .rodata.ATQueue_attributes:00000000 ATQueue_attributes
     /tmp/cci6SZFN.s:357    .rodata.ATQueue_attributes:00000000 $d
     /tmp/cci6SZFN.s:372    .bss.ModemSendQueueHandle:00000000 ModemSendQueueHandle
     /tmp/cci6SZFN.s:369    .bss.ModemSendQueueHandle:00000000 $d
     /tmp/cci6SZFN.s:379    .bss.ModemSendQueueBuffer:00000000 ModemSendQueueBuffer
     /tmp/cci6SZFN.s:376    .bss.ModemSendQueueBuffer:00000000 $d
     /tmp/cci6SZFN.s:386    .bss.ModemSendQueueControlBlock:00000000 ModemSendQueueControlBlock
     /tmp/cci6SZFN.s:383    .bss.ModemSendQueueControlBlock:00000000 $d
     /tmp/cci6SZFN.s:397    .rodata.ModemSendQueue_attributes:00000000 ModemSendQueue_attributes
     /tmp/cci6SZFN.s:394    .rodata.ModemSendQueue_attributes:00000000 $d
     /tmp/cci6SZFN.s:409    .bss.ACControladorQueueHandle:00000000 ACControladorQueueHandle
     /tmp/cci6SZFN.s:406    .bss.ACControladorQueueHandle:00000000 $d
     /tmp/cci6SZFN.s:416    .bss.ACControladorQueueBuffer:00000000 ACControladorQueueBuffer
     /tmp/cci6SZFN.s:413    .bss.ACControladorQueueBuffer:00000000 $d
     /tmp/cci6SZFN.s:423    .bss.ACControladorQueueControlBlock:00000000 ACControladorQueueControlBlock
     /tmp/cci6SZFN.s:420    .bss.ACControladorQueueControlBlock:00000000 $d
     /tmp/cci6SZFN.s:434    .rodata.ACControladorQueue_attributes:00000000 ACControladorQueue_attributes
     /tmp/cci6SZFN.s:431    .rodata.ACControladorQueue_attributes:00000000 $d
     /tmp/cci6SZFN.s:446    .bss.PeriodicSendTimerHandle:00000000 PeriodicSendTimerHandle
     /tmp/cci6SZFN.s:443    .bss.PeriodicSendTimerHandle:00000000 $d
     /tmp/cci6SZFN.s:453    .bss.PeriodicSendTimerControlBlock:00000000 PeriodicSendTimerControlBlock
     /tmp/cci6SZFN.s:450    .bss.PeriodicSendTimerControlBlock:00000000 $d
     /tmp/cci6SZFN.s:464    .rodata.PeriodicSendTimer_attributes:00000000 PeriodicSendTimer_attributes
     /tmp/cci6SZFN.s:461    .rodata.PeriodicSendTimer_attributes:00000000 $d
     /tmp/cci6SZFN.s:474    .bss.ModemLedTimerHandle:00000000 ModemLedTimerHandle
     /tmp/cci6SZFN.s:471    .bss.ModemLedTimerHandle:00000000 $d
     /tmp/cci6SZFN.s:481    .bss.ModemLedTimerControlBlock:00000000 ModemLedTimerControlBlock
     /tmp/cci6SZFN.s:478    .bss.ModemLedTimerControlBlock:00000000 $d
     /tmp/cci6SZFN.s:492    .rodata.ModemLedTimer_attributes:00000000 ModemLedTimer_attributes
     /tmp/cci6SZFN.s:489    .rodata.ModemLedTimer_attributes:00000000 $d
     /tmp/cci6SZFN.s:502    .bss.DutyCycleTimerHandle:00000000 DutyCycleTimerHandle
     /tmp/cci6SZFN.s:499    .bss.DutyCycleTimerHandle:00000000 $d
     /tmp/cci6SZFN.s:509    .bss.DutyCycleTimerControlBlock:00000000 DutyCycleTimerControlBlock
     /tmp/cci6SZFN.s:506    .bss.DutyCycleTimerControlBlock:00000000 $d
     /tmp/cci6SZFN.s:520    .rodata.DutyCycleTimer_attributes:00000000 DutyCycleTimer_attributes
     /tmp/cci6SZFN.s:517    .rodata.DutyCycleTimer_attributes:00000000 $d
     /tmp/cci6SZFN.s:530    .bss.ATCommandSemaphoreHandle:00000000 ATCommandSemaphoreHandle
     /tmp/cci6SZFN.s:527    .bss.ATCommandSemaphoreHandle:00000000 $d
     /tmp/cci6SZFN.s:541    .rodata.ATCommandSemaphore_attributes:00000000 ATCommandSemaphore_attributes
     /tmp/cci6SZFN.s:538    .rodata.ATCommandSemaphore_attributes:00000000 $d
     /tmp/cci6SZFN.s:549    .bss.ATResponseSemaphoreHandle:00000000 ATResponseSemaphoreHandle
ARM GAS  /tmp/cci6SZFN.s 			page 30


     /tmp/cci6SZFN.s:546    .bss.ATResponseSemaphoreHandle:00000000 $d
     /tmp/cci6SZFN.s:560    .rodata.ATResponseSemaphore_attributes:00000000 ATResponseSemaphore_attributes
     /tmp/cci6SZFN.s:557    .rodata.ATResponseSemaphore_attributes:00000000 $d
     /tmp/cci6SZFN.s:568    .bss.UARTTXSemaphoreHandle:00000000 UARTTXSemaphoreHandle
     /tmp/cci6SZFN.s:565    .bss.UARTTXSemaphoreHandle:00000000 $d
     /tmp/cci6SZFN.s:579    .rodata.UARTTXSemaphore_attributes:00000000 UARTTXSemaphore_attributes
     /tmp/cci6SZFN.s:576    .rodata.UARTTXSemaphore_attributes:00000000 $d
     /tmp/cci6SZFN.s:587    .bss.RadioStateSemaphoreHandle:00000000 RadioStateSemaphoreHandle
     /tmp/cci6SZFN.s:584    .bss.RadioStateSemaphoreHandle:00000000 $d
     /tmp/cci6SZFN.s:598    .rodata.RadioStateSemaphore_attributes:00000000 RadioStateSemaphore_attributes
     /tmp/cci6SZFN.s:595    .rodata.RadioStateSemaphore_attributes:00000000 $d
     /tmp/cci6SZFN.s:606    .bss.LoRaTXSemaphoreHandle:00000000 LoRaTXSemaphoreHandle
     /tmp/cci6SZFN.s:603    .bss.LoRaTXSemaphoreHandle:00000000 $d
     /tmp/cci6SZFN.s:617    .rodata.LoRaTXSemaphore_attributes:00000000 LoRaTXSemaphore_attributes
     /tmp/cci6SZFN.s:614    .rodata.LoRaTXSemaphore_attributes:00000000 $d
     /tmp/cci6SZFN.s:625    .bss.ModemStatusFlagsHandle:00000000 ModemStatusFlagsHandle
     /tmp/cci6SZFN.s:622    .bss.ModemStatusFlagsHandle:00000000 $d
     /tmp/cci6SZFN.s:632    .bss.ModemStatusFlagsControlBlock:00000000 ModemStatusFlagsControlBlock
     /tmp/cci6SZFN.s:629    .bss.ModemStatusFlagsControlBlock:00000000 $d
     /tmp/cci6SZFN.s:643    .rodata.ModemStatusFlags_attributes:00000000 ModemStatusFlags_attributes
     /tmp/cci6SZFN.s:640    .rodata.ModemStatusFlags_attributes:00000000 $d
     /tmp/cci6SZFN.s:649    .text.PreSleepProcessing:00000000 $t
     /tmp/cci6SZFN.s:655    .text.PreSleepProcessing:00000000 PreSleepProcessing
     /tmp/cci6SZFN.s:691    .text.PostSleepProcessing:00000000 $t
     /tmp/cci6SZFN.s:697    .text.PostSleepProcessing:00000000 PostSleepProcessing
     /tmp/cci6SZFN.s:733    .text.MX_FREERTOS_Init:00000000 $t
     /tmp/cci6SZFN.s:739    .text.MX_FREERTOS_Init:00000000 MX_FREERTOS_Init
     /tmp/cci6SZFN.s:965    .text.MX_FREERTOS_Init:0000017c $d
     /tmp/cci6SZFN.s:1025   .text.StartDefaultTask:00000000 StartDefaultTask
     /tmp/cci6SZFN.s:1019   .text.StartDefaultTask:00000000 $t

UNDEFINED SYMBOLS
osSemaphoreNew
osSemaphoreRelease
osTimerNew
osMessageQueueNew
osThreadNew
osEventFlagsNew
PeriodicSendTimerCallback
ModemLedCallback
DutyCycleTimerCallback
ATParsingTaskCode
ATHandlingTaskCode
UARTProcTaskCode
ModemManagerTaskCode
AppSendTaskCode
DutyCycleTaskCode
MX_USB_DEVICE_Init
osDelay
