ARM GAS  /tmp/ccQ5uGVV.s 			page 1


   1              		.cpu cortex-m4
   2              		.arch armv7e-m
   3              		.fpu fpv4-sp-d16
   4              		.eabi_attribute 27, 1
   5              		.eabi_attribute 28, 1
   6              		.eabi_attribute 20, 1
   7              		.eabi_attribute 21, 1
   8              		.eabi_attribute 23, 3
   9              		.eabi_attribute 24, 1
  10              		.eabi_attribute 25, 1
  11              		.eabi_attribute 26, 1
  12              		.eabi_attribute 30, 6
  13              		.eabi_attribute 34, 1
  14              		.eabi_attribute 18, 4
  15              		.file	"gpio.c"
  16              		.text
  17              	.Ltext0:
  18              		.cfi_sections	.debug_frame
  19              		.file 1 "Core/Src/gpio.c"
  20              		.section	.text.MX_GPIO_Init,"ax",%progbits
  21              		.align	1
  22              		.global	MX_GPIO_Init
  23              		.syntax unified
  24              		.thumb
  25              		.thumb_func
  27              	MX_GPIO_Init:
  28              	.LFB220:
   1:Core/Src/gpio.c **** /* USER CODE BEGIN Header */
   2:Core/Src/gpio.c **** /**
   3:Core/Src/gpio.c ****   ******************************************************************************
   4:Core/Src/gpio.c ****   * @file    gpio.c
   5:Core/Src/gpio.c ****   * @brief   This file provides code for the configuration
   6:Core/Src/gpio.c ****   *          of all used GPIO pins.
   7:Core/Src/gpio.c ****   ******************************************************************************
   8:Core/Src/gpio.c ****   * @attention
   9:Core/Src/gpio.c ****   *
  10:Core/Src/gpio.c ****   * Copyright (c) 2026 STMicroelectronics.
  11:Core/Src/gpio.c ****   * All rights reserved.
  12:Core/Src/gpio.c ****   *
  13:Core/Src/gpio.c ****   * This software is licensed under terms that can be found in the LICENSE file
  14:Core/Src/gpio.c ****   * in the root directory of this software component.
  15:Core/Src/gpio.c ****   * If no LICENSE file comes with this software, it is provided AS-IS.
  16:Core/Src/gpio.c ****   *
  17:Core/Src/gpio.c ****   ******************************************************************************
  18:Core/Src/gpio.c ****   */
  19:Core/Src/gpio.c **** /* USER CODE END Header */
  20:Core/Src/gpio.c **** 
  21:Core/Src/gpio.c **** /* Includes ------------------------------------------------------------------*/
  22:Core/Src/gpio.c **** #include "gpio.h"
  23:Core/Src/gpio.c **** 
  24:Core/Src/gpio.c **** /* USER CODE BEGIN 0 */
  25:Core/Src/gpio.c **** 
  26:Core/Src/gpio.c **** /* USER CODE END 0 */
  27:Core/Src/gpio.c **** 
  28:Core/Src/gpio.c **** /*----------------------------------------------------------------------------*/
  29:Core/Src/gpio.c **** /* Configure GPIO                                                             */
  30:Core/Src/gpio.c **** /*----------------------------------------------------------------------------*/
ARM GAS  /tmp/ccQ5uGVV.s 			page 2


  31:Core/Src/gpio.c **** /* USER CODE BEGIN 1 */
  32:Core/Src/gpio.c **** 
  33:Core/Src/gpio.c **** /* USER CODE END 1 */
  34:Core/Src/gpio.c **** 
  35:Core/Src/gpio.c **** /** Configure pins as
  36:Core/Src/gpio.c ****         * Analog
  37:Core/Src/gpio.c ****         * Input
  38:Core/Src/gpio.c ****         * Output
  39:Core/Src/gpio.c ****         * EVENT_OUT
  40:Core/Src/gpio.c ****         * EXTI
  41:Core/Src/gpio.c **** */
  42:Core/Src/gpio.c **** void MX_GPIO_Init(void)
  43:Core/Src/gpio.c **** {
  29              		.loc 1 43 1
  30              		.cfi_startproc
  31              		@ args = 0, pretend = 0, frame = 32
  32              		@ frame_needed = 1, uses_anonymous_args = 0
  33 0000 80B5     		push	{r7, lr}
  34              	.LCFI0:
  35              		.cfi_def_cfa_offset 8
  36              		.cfi_offset 7, -8
  37              		.cfi_offset 14, -4
  38 0002 88B0     		sub	sp, sp, #32
  39              	.LCFI1:
  40              		.cfi_def_cfa_offset 40
  41 0004 00AF     		add	r7, sp, #0
  42              	.LCFI2:
  43              		.cfi_def_cfa_register 7
  44:Core/Src/gpio.c **** 
  45:Core/Src/gpio.c ****   GPIO_InitTypeDef GPIO_InitStruct = {0};
  44              		.loc 1 45 20
  45 0006 07F10C03 		add	r3, r7, #12
  46 000a 0022     		movs	r2, #0
  47 000c 1A60     		str	r2, [r3]
  48 000e 5A60     		str	r2, [r3, #4]
  49 0010 9A60     		str	r2, [r3, #8]
  50 0012 DA60     		str	r2, [r3, #12]
  51 0014 1A61     		str	r2, [r3, #16]
  52              	.LBB2:
  46:Core/Src/gpio.c **** 
  47:Core/Src/gpio.c ****   /* GPIO Ports Clock Enable */
  48:Core/Src/gpio.c ****   __HAL_RCC_GPIOC_CLK_ENABLE();
  53              		.loc 1 48 3
  54 0016 0023     		movs	r3, #0
  55 0018 BB60     		str	r3, [r7, #8]
  56 001a 334B     		ldr	r3, .L2
  57 001c 1B6B     		ldr	r3, [r3, #48]
  58 001e 324A     		ldr	r2, .L2
  59 0020 43F00403 		orr	r3, r3, #4
  60 0024 1363     		str	r3, [r2, #48]
  61 0026 304B     		ldr	r3, .L2
  62 0028 1B6B     		ldr	r3, [r3, #48]
  63 002a 03F00403 		and	r3, r3, #4
  64 002e BB60     		str	r3, [r7, #8]
  65 0030 BB68     		ldr	r3, [r7, #8]
  66              	.LBE2:
  67              	.LBB3:
ARM GAS  /tmp/ccQ5uGVV.s 			page 3


  49:Core/Src/gpio.c ****   __HAL_RCC_GPIOH_CLK_ENABLE();
  68              		.loc 1 49 3
  69 0032 0023     		movs	r3, #0
  70 0034 7B60     		str	r3, [r7, #4]
  71 0036 2C4B     		ldr	r3, .L2
  72 0038 1B6B     		ldr	r3, [r3, #48]
  73 003a 2B4A     		ldr	r2, .L2
  74 003c 43F08003 		orr	r3, r3, #128
  75 0040 1363     		str	r3, [r2, #48]
  76 0042 294B     		ldr	r3, .L2
  77 0044 1B6B     		ldr	r3, [r3, #48]
  78 0046 03F08003 		and	r3, r3, #128
  79 004a 7B60     		str	r3, [r7, #4]
  80 004c 7B68     		ldr	r3, [r7, #4]
  81              	.LBE3:
  82              	.LBB4:
  50:Core/Src/gpio.c ****   __HAL_RCC_GPIOA_CLK_ENABLE();
  83              		.loc 1 50 3
  84 004e 0023     		movs	r3, #0
  85 0050 3B60     		str	r3, [r7]
  86 0052 254B     		ldr	r3, .L2
  87 0054 1B6B     		ldr	r3, [r3, #48]
  88 0056 244A     		ldr	r2, .L2
  89 0058 43F00103 		orr	r3, r3, #1
  90 005c 1363     		str	r3, [r2, #48]
  91 005e 224B     		ldr	r3, .L2
  92 0060 1B6B     		ldr	r3, [r3, #48]
  93 0062 03F00103 		and	r3, r3, #1
  94 0066 3B60     		str	r3, [r7]
  95 0068 3B68     		ldr	r3, [r7]
  96              	.LBE4:
  51:Core/Src/gpio.c **** 
  52:Core/Src/gpio.c ****   /*Configure GPIO pin Output Level */
  53:Core/Src/gpio.c ****   HAL_GPIO_WritePin(KIT_LED_GPIO_Port, KIT_LED_Pin, GPIO_PIN_RESET);
  97              		.loc 1 53 3
  98 006a 0022     		movs	r2, #0
  99 006c 4FF40051 		mov	r1, #8192
 100 0070 1E48     		ldr	r0, .L2+4
 101 0072 FFF7FEFF 		bl	HAL_GPIO_WritePin
  54:Core/Src/gpio.c **** 
  55:Core/Src/gpio.c ****   /*Configure GPIO pin Output Level */
  56:Core/Src/gpio.c ****   HAL_GPIO_WritePin(GPIOA, NIVEL_TRIG_Pin|TEMP_DATA_Pin|BOMBA_Pin, GPIO_PIN_RESET);
 102              		.loc 1 56 3
 103 0076 0022     		movs	r2, #0
 104 0078 B021     		movs	r1, #176
 105 007a 1D48     		ldr	r0, .L2+8
 106 007c FFF7FEFF 		bl	HAL_GPIO_WritePin
  57:Core/Src/gpio.c **** 
  58:Core/Src/gpio.c ****   /*Configure GPIO pin Output Level */
  59:Core/Src/gpio.c ****   HAL_GPIO_WritePin(LED_SINAL_GPIO_Port, LED_SINAL_Pin, GPIO_PIN_SET);
 107              		.loc 1 59 3
 108 0080 0122     		movs	r2, #1
 109 0082 4021     		movs	r1, #64
 110 0084 1A48     		ldr	r0, .L2+8
 111 0086 FFF7FEFF 		bl	HAL_GPIO_WritePin
  60:Core/Src/gpio.c **** 
  61:Core/Src/gpio.c ****   /*Configure GPIO pin : KIT_LED_Pin */
ARM GAS  /tmp/ccQ5uGVV.s 			page 4


  62:Core/Src/gpio.c ****   GPIO_InitStruct.Pin = KIT_LED_Pin;
 112              		.loc 1 62 23
 113 008a 4FF40053 		mov	r3, #8192
 114 008e FB60     		str	r3, [r7, #12]
  63:Core/Src/gpio.c ****   GPIO_InitStruct.Mode = GPIO_MODE_OUTPUT_PP;
 115              		.loc 1 63 24
 116 0090 0123     		movs	r3, #1
 117 0092 3B61     		str	r3, [r7, #16]
  64:Core/Src/gpio.c ****   GPIO_InitStruct.Pull = GPIO_NOPULL;
 118              		.loc 1 64 24
 119 0094 0023     		movs	r3, #0
 120 0096 7B61     		str	r3, [r7, #20]
  65:Core/Src/gpio.c ****   GPIO_InitStruct.Speed = GPIO_SPEED_FREQ_LOW;
 121              		.loc 1 65 25
 122 0098 0023     		movs	r3, #0
 123 009a BB61     		str	r3, [r7, #24]
  66:Core/Src/gpio.c ****   HAL_GPIO_Init(KIT_LED_GPIO_Port, &GPIO_InitStruct);
 124              		.loc 1 66 3
 125 009c 07F10C03 		add	r3, r7, #12
 126 00a0 1946     		mov	r1, r3
 127 00a2 1248     		ldr	r0, .L2+4
 128 00a4 FFF7FEFF 		bl	HAL_GPIO_Init
  67:Core/Src/gpio.c **** 
  68:Core/Src/gpio.c ****   /*Configure GPIO pins : NIVEL_TRIG_Pin LED_SINAL_Pin BOMBA_Pin */
  69:Core/Src/gpio.c ****   GPIO_InitStruct.Pin = NIVEL_TRIG_Pin|LED_SINAL_Pin|BOMBA_Pin;
 129              		.loc 1 69 23
 130 00a8 D023     		movs	r3, #208
 131 00aa FB60     		str	r3, [r7, #12]
  70:Core/Src/gpio.c ****   GPIO_InitStruct.Mode = GPIO_MODE_OUTPUT_PP;
 132              		.loc 1 70 24
 133 00ac 0123     		movs	r3, #1
 134 00ae 3B61     		str	r3, [r7, #16]
  71:Core/Src/gpio.c ****   GPIO_InitStruct.Pull = GPIO_NOPULL;
 135              		.loc 1 71 24
 136 00b0 0023     		movs	r3, #0
 137 00b2 7B61     		str	r3, [r7, #20]
  72:Core/Src/gpio.c ****   GPIO_InitStruct.Speed = GPIO_SPEED_FREQ_LOW;
 138              		.loc 1 72 25
 139 00b4 0023     		movs	r3, #0
 140 00b6 BB61     		str	r3, [r7, #24]
  73:Core/Src/gpio.c ****   HAL_GPIO_Init(GPIOA, &GPIO_InitStruct);
 141              		.loc 1 73 3
 142 00b8 07F10C03 		add	r3, r7, #12
 143 00bc 1946     		mov	r1, r3
 144 00be 0C48     		ldr	r0, .L2+8
 145 00c0 FFF7FEFF 		bl	HAL_GPIO_Init
  74:Core/Src/gpio.c **** 
  75:Core/Src/gpio.c ****   /*Configure GPIO pin : TEMP_DATA_Pin */
  76:Core/Src/gpio.c ****   GPIO_InitStruct.Pin = TEMP_DATA_Pin;
 146              		.loc 1 76 23
 147 00c4 2023     		movs	r3, #32
 148 00c6 FB60     		str	r3, [r7, #12]
  77:Core/Src/gpio.c ****   GPIO_InitStruct.Mode = GPIO_MODE_OUTPUT_OD;
 149              		.loc 1 77 24
 150 00c8 1123     		movs	r3, #17
 151 00ca 3B61     		str	r3, [r7, #16]
  78:Core/Src/gpio.c ****   GPIO_InitStruct.Pull = GPIO_NOPULL;
ARM GAS  /tmp/ccQ5uGVV.s 			page 5


 152              		.loc 1 78 24
 153 00cc 0023     		movs	r3, #0
 154 00ce 7B61     		str	r3, [r7, #20]
  79:Core/Src/gpio.c ****   GPIO_InitStruct.Speed = GPIO_SPEED_FREQ_LOW;
 155              		.loc 1 79 25
 156 00d0 0023     		movs	r3, #0
 157 00d2 BB61     		str	r3, [r7, #24]
  80:Core/Src/gpio.c ****   HAL_GPIO_Init(TEMP_DATA_GPIO_Port, &GPIO_InitStruct);
 158              		.loc 1 80 3
 159 00d4 07F10C03 		add	r3, r7, #12
 160 00d8 1946     		mov	r1, r3
 161 00da 0548     		ldr	r0, .L2+8
 162 00dc FFF7FEFF 		bl	HAL_GPIO_Init
  81:Core/Src/gpio.c **** 
  82:Core/Src/gpio.c **** }
 163              		.loc 1 82 1
 164 00e0 00BF     		nop
 165 00e2 2037     		adds	r7, r7, #32
 166              	.LCFI3:
 167              		.cfi_def_cfa_offset 8
 168 00e4 BD46     		mov	sp, r7
 169              	.LCFI4:
 170              		.cfi_def_cfa_register 13
 171              		@ sp needed
 172 00e6 80BD     		pop	{r7, pc}
 173              	.L3:
 174              		.align	2
 175              	.L2:
 176 00e8 00380240 		.word	1073887232
 177 00ec 00080240 		.word	1073874944
 178 00f0 00000240 		.word	1073872896
 179              		.cfi_endproc
 180              	.LFE220:
 182              		.text
 183              	.Letext0:
 184              		.file 2 "/home/fabio/arm-gnu-toolchain-15.2.rel1-x86_64-arm-none-eabi/arm-none-eabi/include/machin
 185              		.file 3 "/home/fabio/arm-gnu-toolchain-15.2.rel1-x86_64-arm-none-eabi/arm-none-eabi/include/sys/_s
 186              		.file 4 "Drivers/CMSIS/Device/ST/STM32F4xx/Include/stm32f411xe.h"
 187              		.file 5 "Drivers/STM32F4xx_HAL_Driver/Inc/stm32f4xx_hal_gpio.h"
ARM GAS  /tmp/ccQ5uGVV.s 			page 6


DEFINED SYMBOLS
                            *ABS*:00000000 gpio.c
     /tmp/ccQ5uGVV.s:21     .text.MX_GPIO_Init:00000000 $t
     /tmp/ccQ5uGVV.s:27     .text.MX_GPIO_Init:00000000 MX_GPIO_Init
     /tmp/ccQ5uGVV.s:176    .text.MX_GPIO_Init:000000e8 $d

UNDEFINED SYMBOLS
HAL_GPIO_WritePin
HAL_GPIO_Init
