ARM GAS  /tmp/ccYnTn1F.s 			page 1


   1              		.cpu cortex-m4
   2              		.arch armv7e-m
   3              		.fpu fpv4-sp-d16
   4              		.eabi_attribute 27, 1
   5              		.eabi_attribute 28, 1
   6              		.eabi_attribute 20, 1
   7              		.eabi_attribute 21, 1
   8              		.eabi_attribute 23, 3
   9              		.eabi_attribute 24, 1
  10              		.eabi_attribute 25, 1
  11              		.eabi_attribute 26, 1
  12              		.eabi_attribute 30, 6
  13              		.eabi_attribute 34, 1
  14              		.eabi_attribute 18, 4
  15              		.file	"stm32f4xx_it.c"
  16              		.text
  17              	.Ltext0:
  18              		.cfi_sections	.debug_frame
  19              		.file 1 "Core/Src/stm32f4xx_it.c"
  20              		.section	.text.NMI_Handler,"ax",%progbits
  21              		.align	1
  22              		.global	NMI_Handler
  23              		.syntax unified
  24              		.thumb
  25              		.thumb_func
  27              	NMI_Handler:
  28              	.LFB220:
   1:Core/Src/stm32f4xx_it.c **** /* USER CODE BEGIN Header */
   2:Core/Src/stm32f4xx_it.c **** /**
   3:Core/Src/stm32f4xx_it.c ****   ******************************************************************************
   4:Core/Src/stm32f4xx_it.c ****   * @file    stm32f4xx_it.c
   5:Core/Src/stm32f4xx_it.c ****   * @brief   Interrupt Service Routines.
   6:Core/Src/stm32f4xx_it.c ****   ******************************************************************************
   7:Core/Src/stm32f4xx_it.c ****   * @attention
   8:Core/Src/stm32f4xx_it.c ****   *
   9:Core/Src/stm32f4xx_it.c ****   * Copyright (c) 2022 STMicroelectronics.
  10:Core/Src/stm32f4xx_it.c ****   * All rights reserved.
  11:Core/Src/stm32f4xx_it.c ****   *
  12:Core/Src/stm32f4xx_it.c ****   * This software is licensed under terms that can be found in the LICENSE file
  13:Core/Src/stm32f4xx_it.c ****   * in the root directory of this software component.
  14:Core/Src/stm32f4xx_it.c ****   * If no LICENSE file comes with this software, it is provided AS-IS.
  15:Core/Src/stm32f4xx_it.c ****   *
  16:Core/Src/stm32f4xx_it.c ****   ******************************************************************************
  17:Core/Src/stm32f4xx_it.c ****   */
  18:Core/Src/stm32f4xx_it.c **** /* USER CODE END Header */
  19:Core/Src/stm32f4xx_it.c **** 
  20:Core/Src/stm32f4xx_it.c **** /* Includes ------------------------------------------------------------------*/
  21:Core/Src/stm32f4xx_it.c **** #include "main.h"
  22:Core/Src/stm32f4xx_it.c **** #include "stm32f4xx_it.h"
  23:Core/Src/stm32f4xx_it.c **** /* Private includes ----------------------------------------------------------*/
  24:Core/Src/stm32f4xx_it.c **** /* USER CODE BEGIN Includes */
  25:Core/Src/stm32f4xx_it.c **** /* USER CODE END Includes */
  26:Core/Src/stm32f4xx_it.c **** 
  27:Core/Src/stm32f4xx_it.c **** /* Private typedef -----------------------------------------------------------*/
  28:Core/Src/stm32f4xx_it.c **** /* USER CODE BEGIN TD */
  29:Core/Src/stm32f4xx_it.c **** 
  30:Core/Src/stm32f4xx_it.c **** /* USER CODE END TD */
ARM GAS  /tmp/ccYnTn1F.s 			page 2


  31:Core/Src/stm32f4xx_it.c **** 
  32:Core/Src/stm32f4xx_it.c **** /* Private define ------------------------------------------------------------*/
  33:Core/Src/stm32f4xx_it.c **** /* USER CODE BEGIN PD */
  34:Core/Src/stm32f4xx_it.c **** 
  35:Core/Src/stm32f4xx_it.c **** /* USER CODE END PD */
  36:Core/Src/stm32f4xx_it.c **** 
  37:Core/Src/stm32f4xx_it.c **** /* Private macro -------------------------------------------------------------*/
  38:Core/Src/stm32f4xx_it.c **** /* USER CODE BEGIN PM */
  39:Core/Src/stm32f4xx_it.c **** 
  40:Core/Src/stm32f4xx_it.c **** /* USER CODE END PM */
  41:Core/Src/stm32f4xx_it.c **** 
  42:Core/Src/stm32f4xx_it.c **** /* Private variables ---------------------------------------------------------*/
  43:Core/Src/stm32f4xx_it.c **** /* USER CODE BEGIN PV */
  44:Core/Src/stm32f4xx_it.c **** 
  45:Core/Src/stm32f4xx_it.c **** /* USER CODE END PV */
  46:Core/Src/stm32f4xx_it.c **** 
  47:Core/Src/stm32f4xx_it.c **** /* Private function prototypes -----------------------------------------------*/
  48:Core/Src/stm32f4xx_it.c **** /* USER CODE BEGIN PFP */
  49:Core/Src/stm32f4xx_it.c **** 
  50:Core/Src/stm32f4xx_it.c **** /* USER CODE END PFP */
  51:Core/Src/stm32f4xx_it.c **** 
  52:Core/Src/stm32f4xx_it.c **** /* Private user code ---------------------------------------------------------*/
  53:Core/Src/stm32f4xx_it.c **** /* USER CODE BEGIN 0 */
  54:Core/Src/stm32f4xx_it.c **** /* USER CODE END 0 */
  55:Core/Src/stm32f4xx_it.c **** 
  56:Core/Src/stm32f4xx_it.c **** /* External variables --------------------------------------------------------*/
  57:Core/Src/stm32f4xx_it.c **** extern PCD_HandleTypeDef hpcd_USB_OTG_FS;
  58:Core/Src/stm32f4xx_it.c **** extern TIM_HandleTypeDef htim2;
  59:Core/Src/stm32f4xx_it.c **** extern TIM_HandleTypeDef htim3;
  60:Core/Src/stm32f4xx_it.c **** extern DMA_HandleTypeDef hdma_usart1_rx;
  61:Core/Src/stm32f4xx_it.c **** extern DMA_HandleTypeDef hdma_usart1_tx;
  62:Core/Src/stm32f4xx_it.c **** extern UART_HandleTypeDef huart1;
  63:Core/Src/stm32f4xx_it.c **** extern TIM_HandleTypeDef htim11;
  64:Core/Src/stm32f4xx_it.c **** 
  65:Core/Src/stm32f4xx_it.c **** /* USER CODE BEGIN EV */
  66:Core/Src/stm32f4xx_it.c **** 
  67:Core/Src/stm32f4xx_it.c **** /* USER CODE END EV */
  68:Core/Src/stm32f4xx_it.c **** 
  69:Core/Src/stm32f4xx_it.c **** /******************************************************************************/
  70:Core/Src/stm32f4xx_it.c **** /*           Cortex-M4 Processor Interruption and Exception Handlers          */
  71:Core/Src/stm32f4xx_it.c **** /******************************************************************************/
  72:Core/Src/stm32f4xx_it.c **** /**
  73:Core/Src/stm32f4xx_it.c ****   * @brief This function handles Non maskable interrupt.
  74:Core/Src/stm32f4xx_it.c ****   */
  75:Core/Src/stm32f4xx_it.c **** void NMI_Handler(void)
  76:Core/Src/stm32f4xx_it.c **** {
  29              		.loc 1 76 1
  30              		.cfi_startproc
  31              		@ args = 0, pretend = 0, frame = 0
  32              		@ frame_needed = 1, uses_anonymous_args = 0
  33              		@ link register save eliminated.
  34 0000 80B4     		push	{r7}
  35              	.LCFI0:
  36              		.cfi_def_cfa_offset 4
  37              		.cfi_offset 7, -4
  38 0002 00AF     		add	r7, sp, #0
  39              	.LCFI1:
ARM GAS  /tmp/ccYnTn1F.s 			page 3


  40              		.cfi_def_cfa_register 7
  41              	.L2:
  77:Core/Src/stm32f4xx_it.c ****   /* USER CODE BEGIN NonMaskableInt_IRQn 0 */
  78:Core/Src/stm32f4xx_it.c **** 
  79:Core/Src/stm32f4xx_it.c ****   /* USER CODE END NonMaskableInt_IRQn 0 */
  80:Core/Src/stm32f4xx_it.c ****   /* USER CODE BEGIN NonMaskableInt_IRQn 1 */
  81:Core/Src/stm32f4xx_it.c ****   while (1)
  42              		.loc 1 81 9
  43 0004 00BF     		nop
  44 0006 FDE7     		b	.L2
  45              		.cfi_endproc
  46              	.LFE220:
  48              		.section	.text.HardFault_Handler,"ax",%progbits
  49              		.align	1
  50              		.global	HardFault_Handler
  51              		.syntax unified
  52              		.thumb
  53              		.thumb_func
  55              	HardFault_Handler:
  56              	.LFB221:
  82:Core/Src/stm32f4xx_it.c ****   {
  83:Core/Src/stm32f4xx_it.c ****   }
  84:Core/Src/stm32f4xx_it.c ****   /* USER CODE END NonMaskableInt_IRQn 1 */
  85:Core/Src/stm32f4xx_it.c **** }
  86:Core/Src/stm32f4xx_it.c **** 
  87:Core/Src/stm32f4xx_it.c **** /**
  88:Core/Src/stm32f4xx_it.c ****   * @brief This function handles Hard fault interrupt.
  89:Core/Src/stm32f4xx_it.c ****   */
  90:Core/Src/stm32f4xx_it.c **** void HardFault_Handler(void)
  91:Core/Src/stm32f4xx_it.c **** {
  57              		.loc 1 91 1
  58              		.cfi_startproc
  59              		@ args = 0, pretend = 0, frame = 0
  60              		@ frame_needed = 1, uses_anonymous_args = 0
  61              		@ link register save eliminated.
  62 0000 80B4     		push	{r7}
  63              	.LCFI2:
  64              		.cfi_def_cfa_offset 4
  65              		.cfi_offset 7, -4
  66 0002 00AF     		add	r7, sp, #0
  67              	.LCFI3:
  68              		.cfi_def_cfa_register 7
  69              	.L4:
  92:Core/Src/stm32f4xx_it.c ****   /* USER CODE BEGIN HardFault_IRQn 0 */
  93:Core/Src/stm32f4xx_it.c **** 
  94:Core/Src/stm32f4xx_it.c ****   /* USER CODE END HardFault_IRQn 0 */
  95:Core/Src/stm32f4xx_it.c ****   while (1)
  70              		.loc 1 95 9
  71 0004 00BF     		nop
  72 0006 FDE7     		b	.L4
  73              		.cfi_endproc
  74              	.LFE221:
  76              		.section	.text.MemManage_Handler,"ax",%progbits
  77              		.align	1
  78              		.global	MemManage_Handler
  79              		.syntax unified
  80              		.thumb
ARM GAS  /tmp/ccYnTn1F.s 			page 4


  81              		.thumb_func
  83              	MemManage_Handler:
  84              	.LFB222:
  96:Core/Src/stm32f4xx_it.c ****   {
  97:Core/Src/stm32f4xx_it.c ****     /* USER CODE BEGIN W1_HardFault_IRQn 0 */
  98:Core/Src/stm32f4xx_it.c ****     /* USER CODE END W1_HardFault_IRQn 0 */
  99:Core/Src/stm32f4xx_it.c ****   }
 100:Core/Src/stm32f4xx_it.c **** }
 101:Core/Src/stm32f4xx_it.c **** 
 102:Core/Src/stm32f4xx_it.c **** /**
 103:Core/Src/stm32f4xx_it.c ****   * @brief This function handles Memory management fault.
 104:Core/Src/stm32f4xx_it.c ****   */
 105:Core/Src/stm32f4xx_it.c **** void MemManage_Handler(void)
 106:Core/Src/stm32f4xx_it.c **** {
  85              		.loc 1 106 1
  86              		.cfi_startproc
  87              		@ args = 0, pretend = 0, frame = 0
  88              		@ frame_needed = 1, uses_anonymous_args = 0
  89              		@ link register save eliminated.
  90 0000 80B4     		push	{r7}
  91              	.LCFI4:
  92              		.cfi_def_cfa_offset 4
  93              		.cfi_offset 7, -4
  94 0002 00AF     		add	r7, sp, #0
  95              	.LCFI5:
  96              		.cfi_def_cfa_register 7
  97              	.L6:
 107:Core/Src/stm32f4xx_it.c ****   /* USER CODE BEGIN MemoryManagement_IRQn 0 */
 108:Core/Src/stm32f4xx_it.c **** 
 109:Core/Src/stm32f4xx_it.c ****   /* USER CODE END MemoryManagement_IRQn 0 */
 110:Core/Src/stm32f4xx_it.c ****   while (1)
  98              		.loc 1 110 9
  99 0004 00BF     		nop
 100 0006 FDE7     		b	.L6
 101              		.cfi_endproc
 102              	.LFE222:
 104              		.section	.text.BusFault_Handler,"ax",%progbits
 105              		.align	1
 106              		.global	BusFault_Handler
 107              		.syntax unified
 108              		.thumb
 109              		.thumb_func
 111              	BusFault_Handler:
 112              	.LFB223:
 111:Core/Src/stm32f4xx_it.c ****   {
 112:Core/Src/stm32f4xx_it.c ****     /* USER CODE BEGIN W1_MemoryManagement_IRQn 0 */
 113:Core/Src/stm32f4xx_it.c ****     /* USER CODE END W1_MemoryManagement_IRQn 0 */
 114:Core/Src/stm32f4xx_it.c ****   }
 115:Core/Src/stm32f4xx_it.c **** }
 116:Core/Src/stm32f4xx_it.c **** 
 117:Core/Src/stm32f4xx_it.c **** /**
 118:Core/Src/stm32f4xx_it.c ****   * @brief This function handles Pre-fetch fault, memory access fault.
 119:Core/Src/stm32f4xx_it.c ****   */
 120:Core/Src/stm32f4xx_it.c **** void BusFault_Handler(void)
 121:Core/Src/stm32f4xx_it.c **** {
 113              		.loc 1 121 1
 114              		.cfi_startproc
ARM GAS  /tmp/ccYnTn1F.s 			page 5


 115              		@ args = 0, pretend = 0, frame = 0
 116              		@ frame_needed = 1, uses_anonymous_args = 0
 117              		@ link register save eliminated.
 118 0000 80B4     		push	{r7}
 119              	.LCFI6:
 120              		.cfi_def_cfa_offset 4
 121              		.cfi_offset 7, -4
 122 0002 00AF     		add	r7, sp, #0
 123              	.LCFI7:
 124              		.cfi_def_cfa_register 7
 125              	.L8:
 122:Core/Src/stm32f4xx_it.c ****   /* USER CODE BEGIN BusFault_IRQn 0 */
 123:Core/Src/stm32f4xx_it.c **** 
 124:Core/Src/stm32f4xx_it.c ****   /* USER CODE END BusFault_IRQn 0 */
 125:Core/Src/stm32f4xx_it.c ****   while (1)
 126              		.loc 1 125 9
 127 0004 00BF     		nop
 128 0006 FDE7     		b	.L8
 129              		.cfi_endproc
 130              	.LFE223:
 132              		.section	.text.UsageFault_Handler,"ax",%progbits
 133              		.align	1
 134              		.global	UsageFault_Handler
 135              		.syntax unified
 136              		.thumb
 137              		.thumb_func
 139              	UsageFault_Handler:
 140              	.LFB224:
 126:Core/Src/stm32f4xx_it.c ****   {
 127:Core/Src/stm32f4xx_it.c ****     /* USER CODE BEGIN W1_BusFault_IRQn 0 */
 128:Core/Src/stm32f4xx_it.c ****     /* USER CODE END W1_BusFault_IRQn 0 */
 129:Core/Src/stm32f4xx_it.c ****   }
 130:Core/Src/stm32f4xx_it.c **** }
 131:Core/Src/stm32f4xx_it.c **** 
 132:Core/Src/stm32f4xx_it.c **** /**
 133:Core/Src/stm32f4xx_it.c ****   * @brief This function handles Undefined instruction or illegal state.
 134:Core/Src/stm32f4xx_it.c ****   */
 135:Core/Src/stm32f4xx_it.c **** void UsageFault_Handler(void)
 136:Core/Src/stm32f4xx_it.c **** {
 141              		.loc 1 136 1
 142              		.cfi_startproc
 143              		@ args = 0, pretend = 0, frame = 0
 144              		@ frame_needed = 1, uses_anonymous_args = 0
 145              		@ link register save eliminated.
 146 0000 80B4     		push	{r7}
 147              	.LCFI8:
 148              		.cfi_def_cfa_offset 4
 149              		.cfi_offset 7, -4
 150 0002 00AF     		add	r7, sp, #0
 151              	.LCFI9:
 152              		.cfi_def_cfa_register 7
 153              	.L10:
 137:Core/Src/stm32f4xx_it.c ****   /* USER CODE BEGIN UsageFault_IRQn 0 */
 138:Core/Src/stm32f4xx_it.c **** 
 139:Core/Src/stm32f4xx_it.c ****   /* USER CODE END UsageFault_IRQn 0 */
 140:Core/Src/stm32f4xx_it.c ****   while (1)
 154              		.loc 1 140 9
ARM GAS  /tmp/ccYnTn1F.s 			page 6


 155 0004 00BF     		nop
 156 0006 FDE7     		b	.L10
 157              		.cfi_endproc
 158              	.LFE224:
 160              		.section	.text.DebugMon_Handler,"ax",%progbits
 161              		.align	1
 162              		.global	DebugMon_Handler
 163              		.syntax unified
 164              		.thumb
 165              		.thumb_func
 167              	DebugMon_Handler:
 168              	.LFB225:
 141:Core/Src/stm32f4xx_it.c ****   {
 142:Core/Src/stm32f4xx_it.c ****     /* USER CODE BEGIN W1_UsageFault_IRQn 0 */
 143:Core/Src/stm32f4xx_it.c ****     /* USER CODE END W1_UsageFault_IRQn 0 */
 144:Core/Src/stm32f4xx_it.c ****   }
 145:Core/Src/stm32f4xx_it.c **** }
 146:Core/Src/stm32f4xx_it.c **** 
 147:Core/Src/stm32f4xx_it.c **** /**
 148:Core/Src/stm32f4xx_it.c ****   * @brief This function handles Debug monitor.
 149:Core/Src/stm32f4xx_it.c ****   */
 150:Core/Src/stm32f4xx_it.c **** void DebugMon_Handler(void)
 151:Core/Src/stm32f4xx_it.c **** {
 169              		.loc 1 151 1
 170              		.cfi_startproc
 171              		@ args = 0, pretend = 0, frame = 0
 172              		@ frame_needed = 1, uses_anonymous_args = 0
 173              		@ link register save eliminated.
 174 0000 80B4     		push	{r7}
 175              	.LCFI10:
 176              		.cfi_def_cfa_offset 4
 177              		.cfi_offset 7, -4
 178 0002 00AF     		add	r7, sp, #0
 179              	.LCFI11:
 180              		.cfi_def_cfa_register 7
 152:Core/Src/stm32f4xx_it.c ****   /* USER CODE BEGIN DebugMonitor_IRQn 0 */
 153:Core/Src/stm32f4xx_it.c **** 
 154:Core/Src/stm32f4xx_it.c ****   /* USER CODE END DebugMonitor_IRQn 0 */
 155:Core/Src/stm32f4xx_it.c ****   /* USER CODE BEGIN DebugMonitor_IRQn 1 */
 156:Core/Src/stm32f4xx_it.c **** 
 157:Core/Src/stm32f4xx_it.c ****   /* USER CODE END DebugMonitor_IRQn 1 */
 158:Core/Src/stm32f4xx_it.c **** }
 181              		.loc 1 158 1
 182 0004 00BF     		nop
 183 0006 BD46     		mov	sp, r7
 184              	.LCFI12:
 185              		.cfi_def_cfa_register 13
 186              		@ sp needed
 187 0008 80BC     		pop	{r7}
 188              	.LCFI13:
 189              		.cfi_restore 7
 190              		.cfi_def_cfa_offset 0
 191 000a 7047     		bx	lr
 192              		.cfi_endproc
 193              	.LFE225:
 195              		.section	.text.TIM1_TRG_COM_TIM11_IRQHandler,"ax",%progbits
 196              		.align	1
ARM GAS  /tmp/ccYnTn1F.s 			page 7


 197              		.global	TIM1_TRG_COM_TIM11_IRQHandler
 198              		.syntax unified
 199              		.thumb
 200              		.thumb_func
 202              	TIM1_TRG_COM_TIM11_IRQHandler:
 203              	.LFB226:
 159:Core/Src/stm32f4xx_it.c **** 
 160:Core/Src/stm32f4xx_it.c **** /******************************************************************************/
 161:Core/Src/stm32f4xx_it.c **** /* STM32F4xx Peripheral Interrupt Handlers                                    */
 162:Core/Src/stm32f4xx_it.c **** /* Add here the Interrupt Handlers for the used peripherals.                  */
 163:Core/Src/stm32f4xx_it.c **** /* For the available peripheral interrupt handler names,                      */
 164:Core/Src/stm32f4xx_it.c **** /* please refer to the startup file (startup_stm32f4xx.s).                    */
 165:Core/Src/stm32f4xx_it.c **** /******************************************************************************/
 166:Core/Src/stm32f4xx_it.c **** 
 167:Core/Src/stm32f4xx_it.c **** /**
 168:Core/Src/stm32f4xx_it.c ****   * @brief This function handles TIM1 trigger and commutation interrupts and TIM11 global interrupt
 169:Core/Src/stm32f4xx_it.c ****   */
 170:Core/Src/stm32f4xx_it.c **** void TIM1_TRG_COM_TIM11_IRQHandler(void)
 171:Core/Src/stm32f4xx_it.c **** {
 204              		.loc 1 171 1
 205              		.cfi_startproc
 206              		@ args = 0, pretend = 0, frame = 0
 207              		@ frame_needed = 1, uses_anonymous_args = 0
 208 0000 80B5     		push	{r7, lr}
 209              	.LCFI14:
 210              		.cfi_def_cfa_offset 8
 211              		.cfi_offset 7, -8
 212              		.cfi_offset 14, -4
 213 0002 00AF     		add	r7, sp, #0
 214              	.LCFI15:
 215              		.cfi_def_cfa_register 7
 172:Core/Src/stm32f4xx_it.c ****   /* USER CODE BEGIN TIM1_TRG_COM_TIM11_IRQn 0 */
 173:Core/Src/stm32f4xx_it.c ****   /* USER CODE END TIM1_TRG_COM_TIM11_IRQn 0 */
 174:Core/Src/stm32f4xx_it.c ****   HAL_TIM_IRQHandler(&htim11);
 216              		.loc 1 174 3
 217 0004 0248     		ldr	r0, .L13
 218 0006 FFF7FEFF 		bl	HAL_TIM_IRQHandler
 175:Core/Src/stm32f4xx_it.c ****   /* USER CODE BEGIN TIM1_TRG_COM_TIM11_IRQn 1 */
 176:Core/Src/stm32f4xx_it.c **** 
 177:Core/Src/stm32f4xx_it.c ****   /* USER CODE END TIM1_TRG_COM_TIM11_IRQn 1 */
 178:Core/Src/stm32f4xx_it.c **** }
 219              		.loc 1 178 1
 220 000a 00BF     		nop
 221 000c 80BD     		pop	{r7, pc}
 222              	.L14:
 223 000e 00BF     		.align	2
 224              	.L13:
 225 0010 00000000 		.word	htim11
 226              		.cfi_endproc
 227              	.LFE226:
 229              		.section	.text.TIM2_IRQHandler,"ax",%progbits
 230              		.align	1
 231              		.global	TIM2_IRQHandler
 232              		.syntax unified
 233              		.thumb
 234              		.thumb_func
 236              	TIM2_IRQHandler:
ARM GAS  /tmp/ccYnTn1F.s 			page 8


 237              	.LFB227:
 179:Core/Src/stm32f4xx_it.c **** 
 180:Core/Src/stm32f4xx_it.c **** /**
 181:Core/Src/stm32f4xx_it.c ****   * @brief This function handles TIM2 global interrupt.
 182:Core/Src/stm32f4xx_it.c ****   */
 183:Core/Src/stm32f4xx_it.c **** void TIM2_IRQHandler(void)
 184:Core/Src/stm32f4xx_it.c **** {
 238              		.loc 1 184 1
 239              		.cfi_startproc
 240              		@ args = 0, pretend = 0, frame = 0
 241              		@ frame_needed = 1, uses_anonymous_args = 0
 242 0000 80B5     		push	{r7, lr}
 243              	.LCFI16:
 244              		.cfi_def_cfa_offset 8
 245              		.cfi_offset 7, -8
 246              		.cfi_offset 14, -4
 247 0002 00AF     		add	r7, sp, #0
 248              	.LCFI17:
 249              		.cfi_def_cfa_register 7
 185:Core/Src/stm32f4xx_it.c ****   /* USER CODE BEGIN TIM2_IRQn 0 */
 186:Core/Src/stm32f4xx_it.c **** 
 187:Core/Src/stm32f4xx_it.c ****   /* USER CODE END TIM2_IRQn 0 */
 188:Core/Src/stm32f4xx_it.c ****   HAL_TIM_IRQHandler(&htim2);
 250              		.loc 1 188 3
 251 0004 0248     		ldr	r0, .L16
 252 0006 FFF7FEFF 		bl	HAL_TIM_IRQHandler
 189:Core/Src/stm32f4xx_it.c ****   /* USER CODE BEGIN TIM2_IRQn 1 */
 190:Core/Src/stm32f4xx_it.c **** 
 191:Core/Src/stm32f4xx_it.c ****   /* USER CODE END TIM2_IRQn 1 */
 192:Core/Src/stm32f4xx_it.c **** }
 253              		.loc 1 192 1
 254 000a 00BF     		nop
 255 000c 80BD     		pop	{r7, pc}
 256              	.L17:
 257 000e 00BF     		.align	2
 258              	.L16:
 259 0010 00000000 		.word	htim2
 260              		.cfi_endproc
 261              	.LFE227:
 263              		.section	.text.TIM3_IRQHandler,"ax",%progbits
 264              		.align	1
 265              		.global	TIM3_IRQHandler
 266              		.syntax unified
 267              		.thumb
 268              		.thumb_func
 270              	TIM3_IRQHandler:
 271              	.LFB228:
 193:Core/Src/stm32f4xx_it.c **** 
 194:Core/Src/stm32f4xx_it.c **** /**
 195:Core/Src/stm32f4xx_it.c ****   * @brief This function handles TIM3 global interrupt.
 196:Core/Src/stm32f4xx_it.c ****   */
 197:Core/Src/stm32f4xx_it.c **** void TIM3_IRQHandler(void)
 198:Core/Src/stm32f4xx_it.c **** {
 272              		.loc 1 198 1
 273              		.cfi_startproc
 274              		@ args = 0, pretend = 0, frame = 0
 275              		@ frame_needed = 1, uses_anonymous_args = 0
ARM GAS  /tmp/ccYnTn1F.s 			page 9


 276 0000 80B5     		push	{r7, lr}
 277              	.LCFI18:
 278              		.cfi_def_cfa_offset 8
 279              		.cfi_offset 7, -8
 280              		.cfi_offset 14, -4
 281 0002 00AF     		add	r7, sp, #0
 282              	.LCFI19:
 283              		.cfi_def_cfa_register 7
 199:Core/Src/stm32f4xx_it.c ****   /* USER CODE BEGIN TIM3_IRQn 0 */
 200:Core/Src/stm32f4xx_it.c **** 
 201:Core/Src/stm32f4xx_it.c ****   /* USER CODE END TIM3_IRQn 0 */
 202:Core/Src/stm32f4xx_it.c ****   HAL_TIM_IRQHandler(&htim3);
 284              		.loc 1 202 3
 285 0004 0248     		ldr	r0, .L19
 286 0006 FFF7FEFF 		bl	HAL_TIM_IRQHandler
 203:Core/Src/stm32f4xx_it.c ****   /* USER CODE BEGIN TIM3_IRQn 1 */
 204:Core/Src/stm32f4xx_it.c **** 
 205:Core/Src/stm32f4xx_it.c ****   /* USER CODE END TIM3_IRQn 1 */
 206:Core/Src/stm32f4xx_it.c **** }
 287              		.loc 1 206 1
 288 000a 00BF     		nop
 289 000c 80BD     		pop	{r7, pc}
 290              	.L20:
 291 000e 00BF     		.align	2
 292              	.L19:
 293 0010 00000000 		.word	htim3
 294              		.cfi_endproc
 295              	.LFE228:
 297              		.section	.text.USART1_IRQHandler,"ax",%progbits
 298              		.align	1
 299              		.global	USART1_IRQHandler
 300              		.syntax unified
 301              		.thumb
 302              		.thumb_func
 304              	USART1_IRQHandler:
 305              	.LFB229:
 207:Core/Src/stm32f4xx_it.c **** 
 208:Core/Src/stm32f4xx_it.c **** /**
 209:Core/Src/stm32f4xx_it.c ****   * @brief This function handles USART1 global interrupt.
 210:Core/Src/stm32f4xx_it.c ****   */
 211:Core/Src/stm32f4xx_it.c **** void USART1_IRQHandler(void)
 212:Core/Src/stm32f4xx_it.c **** {
 306              		.loc 1 212 1
 307              		.cfi_startproc
 308              		@ args = 0, pretend = 0, frame = 0
 309              		@ frame_needed = 1, uses_anonymous_args = 0
 310 0000 80B5     		push	{r7, lr}
 311              	.LCFI20:
 312              		.cfi_def_cfa_offset 8
 313              		.cfi_offset 7, -8
 314              		.cfi_offset 14, -4
 315 0002 00AF     		add	r7, sp, #0
 316              	.LCFI21:
 317              		.cfi_def_cfa_register 7
 213:Core/Src/stm32f4xx_it.c ****   /* USER CODE BEGIN USART1_IRQn 0 */
 214:Core/Src/stm32f4xx_it.c **** 
 215:Core/Src/stm32f4xx_it.c ****   /* USER CODE END USART1_IRQn 0 */
ARM GAS  /tmp/ccYnTn1F.s 			page 10


 216:Core/Src/stm32f4xx_it.c ****   HAL_UART_IRQHandler(&huart1);
 318              		.loc 1 216 3
 319 0004 0248     		ldr	r0, .L22
 320 0006 FFF7FEFF 		bl	HAL_UART_IRQHandler
 217:Core/Src/stm32f4xx_it.c ****   /* USER CODE BEGIN USART1_IRQn 1 */
 218:Core/Src/stm32f4xx_it.c **** 
 219:Core/Src/stm32f4xx_it.c ****   /* USER CODE END USART1_IRQn 1 */
 220:Core/Src/stm32f4xx_it.c **** }
 321              		.loc 1 220 1
 322 000a 00BF     		nop
 323 000c 80BD     		pop	{r7, pc}
 324              	.L23:
 325 000e 00BF     		.align	2
 326              	.L22:
 327 0010 00000000 		.word	huart1
 328              		.cfi_endproc
 329              	.LFE229:
 331              		.section	.text.DMA2_Stream2_IRQHandler,"ax",%progbits
 332              		.align	1
 333              		.global	DMA2_Stream2_IRQHandler
 334              		.syntax unified
 335              		.thumb
 336              		.thumb_func
 338              	DMA2_Stream2_IRQHandler:
 339              	.LFB230:
 221:Core/Src/stm32f4xx_it.c **** 
 222:Core/Src/stm32f4xx_it.c **** /**
 223:Core/Src/stm32f4xx_it.c ****   * @brief This function handles DMA2 stream2 global interrupt.
 224:Core/Src/stm32f4xx_it.c ****   */
 225:Core/Src/stm32f4xx_it.c **** void DMA2_Stream2_IRQHandler(void)
 226:Core/Src/stm32f4xx_it.c **** {
 340              		.loc 1 226 1
 341              		.cfi_startproc
 342              		@ args = 0, pretend = 0, frame = 0
 343              		@ frame_needed = 1, uses_anonymous_args = 0
 344 0000 80B5     		push	{r7, lr}
 345              	.LCFI22:
 346              		.cfi_def_cfa_offset 8
 347              		.cfi_offset 7, -8
 348              		.cfi_offset 14, -4
 349 0002 00AF     		add	r7, sp, #0
 350              	.LCFI23:
 351              		.cfi_def_cfa_register 7
 227:Core/Src/stm32f4xx_it.c ****   /* USER CODE BEGIN DMA2_Stream2_IRQn 0 */
 228:Core/Src/stm32f4xx_it.c **** 
 229:Core/Src/stm32f4xx_it.c ****   /* USER CODE END DMA2_Stream2_IRQn 0 */
 230:Core/Src/stm32f4xx_it.c ****   HAL_DMA_IRQHandler(&hdma_usart1_rx);
 352              		.loc 1 230 3
 353 0004 0248     		ldr	r0, .L25
 354 0006 FFF7FEFF 		bl	HAL_DMA_IRQHandler
 231:Core/Src/stm32f4xx_it.c ****   /* USER CODE BEGIN DMA2_Stream2_IRQn 1 */
 232:Core/Src/stm32f4xx_it.c **** 
 233:Core/Src/stm32f4xx_it.c ****   /* USER CODE END DMA2_Stream2_IRQn 1 */
 234:Core/Src/stm32f4xx_it.c **** }
 355              		.loc 1 234 1
 356 000a 00BF     		nop
 357 000c 80BD     		pop	{r7, pc}
ARM GAS  /tmp/ccYnTn1F.s 			page 11


 358              	.L26:
 359 000e 00BF     		.align	2
 360              	.L25:
 361 0010 00000000 		.word	hdma_usart1_rx
 362              		.cfi_endproc
 363              	.LFE230:
 365              		.section	.text.OTG_FS_IRQHandler,"ax",%progbits
 366              		.align	1
 367              		.global	OTG_FS_IRQHandler
 368              		.syntax unified
 369              		.thumb
 370              		.thumb_func
 372              	OTG_FS_IRQHandler:
 373              	.LFB231:
 235:Core/Src/stm32f4xx_it.c **** 
 236:Core/Src/stm32f4xx_it.c **** /**
 237:Core/Src/stm32f4xx_it.c ****   * @brief This function handles USB On The Go FS global interrupt.
 238:Core/Src/stm32f4xx_it.c ****   */
 239:Core/Src/stm32f4xx_it.c **** void OTG_FS_IRQHandler(void)
 240:Core/Src/stm32f4xx_it.c **** {
 374              		.loc 1 240 1
 375              		.cfi_startproc
 376              		@ args = 0, pretend = 0, frame = 0
 377              		@ frame_needed = 1, uses_anonymous_args = 0
 378 0000 80B5     		push	{r7, lr}
 379              	.LCFI24:
 380              		.cfi_def_cfa_offset 8
 381              		.cfi_offset 7, -8
 382              		.cfi_offset 14, -4
 383 0002 00AF     		add	r7, sp, #0
 384              	.LCFI25:
 385              		.cfi_def_cfa_register 7
 241:Core/Src/stm32f4xx_it.c ****   /* USER CODE BEGIN OTG_FS_IRQn 0 */
 242:Core/Src/stm32f4xx_it.c **** 
 243:Core/Src/stm32f4xx_it.c ****   /* USER CODE END OTG_FS_IRQn 0 */
 244:Core/Src/stm32f4xx_it.c ****   HAL_PCD_IRQHandler(&hpcd_USB_OTG_FS);
 386              		.loc 1 244 3
 387 0004 0248     		ldr	r0, .L28
 388 0006 FFF7FEFF 		bl	HAL_PCD_IRQHandler
 245:Core/Src/stm32f4xx_it.c ****   /* USER CODE BEGIN OTG_FS_IRQn 1 */
 246:Core/Src/stm32f4xx_it.c **** 
 247:Core/Src/stm32f4xx_it.c ****   /* USER CODE END OTG_FS_IRQn 1 */
 248:Core/Src/stm32f4xx_it.c **** }
 389              		.loc 1 248 1
 390 000a 00BF     		nop
 391 000c 80BD     		pop	{r7, pc}
 392              	.L29:
 393 000e 00BF     		.align	2
 394              	.L28:
 395 0010 00000000 		.word	hpcd_USB_OTG_FS
 396              		.cfi_endproc
 397              	.LFE231:
 399              		.section	.text.DMA2_Stream7_IRQHandler,"ax",%progbits
 400              		.align	1
 401              		.global	DMA2_Stream7_IRQHandler
 402              		.syntax unified
 403              		.thumb
ARM GAS  /tmp/ccYnTn1F.s 			page 12


 404              		.thumb_func
 406              	DMA2_Stream7_IRQHandler:
 407              	.LFB232:
 249:Core/Src/stm32f4xx_it.c **** 
 250:Core/Src/stm32f4xx_it.c **** /**
 251:Core/Src/stm32f4xx_it.c ****   * @brief This function handles DMA2 stream7 global interrupt.
 252:Core/Src/stm32f4xx_it.c ****   */
 253:Core/Src/stm32f4xx_it.c **** void DMA2_Stream7_IRQHandler(void)
 254:Core/Src/stm32f4xx_it.c **** {
 408              		.loc 1 254 1
 409              		.cfi_startproc
 410              		@ args = 0, pretend = 0, frame = 0
 411              		@ frame_needed = 1, uses_anonymous_args = 0
 412 0000 80B5     		push	{r7, lr}
 413              	.LCFI26:
 414              		.cfi_def_cfa_offset 8
 415              		.cfi_offset 7, -8
 416              		.cfi_offset 14, -4
 417 0002 00AF     		add	r7, sp, #0
 418              	.LCFI27:
 419              		.cfi_def_cfa_register 7
 255:Core/Src/stm32f4xx_it.c ****   /* USER CODE BEGIN DMA2_Stream7_IRQn 0 */
 256:Core/Src/stm32f4xx_it.c **** 
 257:Core/Src/stm32f4xx_it.c ****   /* USER CODE END DMA2_Stream7_IRQn 0 */
 258:Core/Src/stm32f4xx_it.c ****   HAL_DMA_IRQHandler(&hdma_usart1_tx);
 420              		.loc 1 258 3
 421 0004 0248     		ldr	r0, .L31
 422 0006 FFF7FEFF 		bl	HAL_DMA_IRQHandler
 259:Core/Src/stm32f4xx_it.c ****   /* USER CODE BEGIN DMA2_Stream7_IRQn 1 */
 260:Core/Src/stm32f4xx_it.c **** 
 261:Core/Src/stm32f4xx_it.c ****   /* USER CODE END DMA2_Stream7_IRQn 1 */
 262:Core/Src/stm32f4xx_it.c **** }
 423              		.loc 1 262 1
 424 000a 00BF     		nop
 425 000c 80BD     		pop	{r7, pc}
 426              	.L32:
 427 000e 00BF     		.align	2
 428              	.L31:
 429 0010 00000000 		.word	hdma_usart1_tx
 430              		.cfi_endproc
 431              	.LFE232:
 433              		.text
 434              	.Letext0:
 435              		.file 2 "/home/fabio/arm-gnu-toolchain-15.2.rel1-x86_64-arm-none-eabi/arm-none-eabi/include/machin
 436              		.file 3 "/home/fabio/arm-gnu-toolchain-15.2.rel1-x86_64-arm-none-eabi/arm-none-eabi/include/sys/_s
 437              		.file 4 "Drivers/CMSIS/Device/ST/STM32F4xx/Include/stm32f411xe.h"
 438              		.file 5 "Drivers/STM32F4xx_HAL_Driver/Inc/stm32f4xx_hal_def.h"
 439              		.file 6 "Drivers/STM32F4xx_HAL_Driver/Inc/stm32f4xx_hal_dma.h"
 440              		.file 7 "Drivers/STM32F4xx_HAL_Driver/Inc/stm32f4xx_hal_tim.h"
 441              		.file 8 "Drivers/STM32F4xx_HAL_Driver/Inc/stm32f4xx_hal_uart.h"
 442              		.file 9 "Drivers/STM32F4xx_HAL_Driver/Inc/stm32f4xx_ll_usb.h"
 443              		.file 10 "Drivers/STM32F4xx_HAL_Driver/Inc/stm32f4xx_hal_pcd.h"
ARM GAS  /tmp/ccYnTn1F.s 			page 13


DEFINED SYMBOLS
                            *ABS*:00000000 stm32f4xx_it.c
     /tmp/ccYnTn1F.s:21     .text.NMI_Handler:00000000 $t
     /tmp/ccYnTn1F.s:27     .text.NMI_Handler:00000000 NMI_Handler
     /tmp/ccYnTn1F.s:49     .text.HardFault_Handler:00000000 $t
     /tmp/ccYnTn1F.s:55     .text.HardFault_Handler:00000000 HardFault_Handler
     /tmp/ccYnTn1F.s:77     .text.MemManage_Handler:00000000 $t
     /tmp/ccYnTn1F.s:83     .text.MemManage_Handler:00000000 MemManage_Handler
     /tmp/ccYnTn1F.s:105    .text.BusFault_Handler:00000000 $t
     /tmp/ccYnTn1F.s:111    .text.BusFault_Handler:00000000 BusFault_Handler
     /tmp/ccYnTn1F.s:133    .text.UsageFault_Handler:00000000 $t
     /tmp/ccYnTn1F.s:139    .text.UsageFault_Handler:00000000 UsageFault_Handler
     /tmp/ccYnTn1F.s:161    .text.DebugMon_Handler:00000000 $t
     /tmp/ccYnTn1F.s:167    .text.DebugMon_Handler:00000000 DebugMon_Handler
     /tmp/ccYnTn1F.s:196    .text.TIM1_TRG_COM_TIM11_IRQHandler:00000000 $t
     /tmp/ccYnTn1F.s:202    .text.TIM1_TRG_COM_TIM11_IRQHandler:00000000 TIM1_TRG_COM_TIM11_IRQHandler
     /tmp/ccYnTn1F.s:225    .text.TIM1_TRG_COM_TIM11_IRQHandler:00000010 $d
     /tmp/ccYnTn1F.s:230    .text.TIM2_IRQHandler:00000000 $t
     /tmp/ccYnTn1F.s:236    .text.TIM2_IRQHandler:00000000 TIM2_IRQHandler
     /tmp/ccYnTn1F.s:259    .text.TIM2_IRQHandler:00000010 $d
     /tmp/ccYnTn1F.s:264    .text.TIM3_IRQHandler:00000000 $t
     /tmp/ccYnTn1F.s:270    .text.TIM3_IRQHandler:00000000 TIM3_IRQHandler
     /tmp/ccYnTn1F.s:293    .text.TIM3_IRQHandler:00000010 $d
     /tmp/ccYnTn1F.s:298    .text.USART1_IRQHandler:00000000 $t
     /tmp/ccYnTn1F.s:304    .text.USART1_IRQHandler:00000000 USART1_IRQHandler
     /tmp/ccYnTn1F.s:327    .text.USART1_IRQHandler:00000010 $d
     /tmp/ccYnTn1F.s:332    .text.DMA2_Stream2_IRQHandler:00000000 $t
     /tmp/ccYnTn1F.s:338    .text.DMA2_Stream2_IRQHandler:00000000 DMA2_Stream2_IRQHandler
     /tmp/ccYnTn1F.s:361    .text.DMA2_Stream2_IRQHandler:00000010 $d
     /tmp/ccYnTn1F.s:366    .text.OTG_FS_IRQHandler:00000000 $t
     /tmp/ccYnTn1F.s:372    .text.OTG_FS_IRQHandler:00000000 OTG_FS_IRQHandler
     /tmp/ccYnTn1F.s:395    .text.OTG_FS_IRQHandler:00000010 $d
     /tmp/ccYnTn1F.s:400    .text.DMA2_Stream7_IRQHandler:00000000 $t
     /tmp/ccYnTn1F.s:406    .text.DMA2_Stream7_IRQHandler:00000000 DMA2_Stream7_IRQHandler
     /tmp/ccYnTn1F.s:429    .text.DMA2_Stream7_IRQHandler:00000010 $d

UNDEFINED SYMBOLS
HAL_TIM_IRQHandler
htim11
htim2
htim3
HAL_UART_IRQHandler
huart1
HAL_DMA_IRQHandler
hdma_usart1_rx
HAL_PCD_IRQHandler
hpcd_USB_OTG_FS
hdma_usart1_tx
