ARM GAS  /tmp/cc7OFQ8i.s 			page 1


   1              		.cpu cortex-m4
   2              		.arch armv7e-m
   3              		.fpu fpv4-sp-d16
   4              		.eabi_attribute 27, 1
   5              		.eabi_attribute 28, 1
   6              		.eabi_attribute 20, 1
   7              		.eabi_attribute 21, 1
   8              		.eabi_attribute 23, 3
   9              		.eabi_attribute 24, 1
  10              		.eabi_attribute 25, 1
  11              		.eabi_attribute 26, 1
  12              		.eabi_attribute 30, 6
  13              		.eabi_attribute 34, 1
  14              		.eabi_attribute 18, 4
  15              		.file	"tim.c"
  16              		.text
  17              	.Ltext0:
  18              		.cfi_sections	.debug_frame
  19              		.file 1 "Core/Src/tim.c"
  20              		.global	htim2
  21              		.section	.bss.htim2,"aw",%nobits
  22              		.align	2
  25              	htim2:
  26 0000 00000000 		.space	180
  26      00000000 
  26      00000000 
  26      00000000 
  26      00000000 
  27              		.global	htim3
  28              		.section	.bss.htim3,"aw",%nobits
  29              		.align	2
  32              	htim3:
  33 0000 00000000 		.space	180
  33      00000000 
  33      00000000 
  33      00000000 
  33      00000000 
  34              		.global	htim4
  35              		.section	.bss.htim4,"aw",%nobits
  36              		.align	2
  39              	htim4:
  40 0000 00000000 		.space	180
  40      00000000 
  40      00000000 
  40      00000000 
  40      00000000 
  41              		.global	htim5
  42              		.section	.bss.htim5,"aw",%nobits
  43              		.align	2
  46              	htim5:
  47 0000 00000000 		.space	180
  47      00000000 
  47      00000000 
  47      00000000 
  47      00000000 
  48              		.section	.text.MX_TIM2_Init,"ax",%progbits
  49              		.align	1
ARM GAS  /tmp/cc7OFQ8i.s 			page 2


  50              		.global	MX_TIM2_Init
  51              		.syntax unified
  52              		.thumb
  53              		.thumb_func
  55              	MX_TIM2_Init:
  56              	.LFB220:
   1:Core/Src/tim.c **** /* USER CODE BEGIN Header */
   2:Core/Src/tim.c **** /**
   3:Core/Src/tim.c ****   ******************************************************************************
   4:Core/Src/tim.c ****   * @file    tim.c
   5:Core/Src/tim.c ****   * @brief   This file provides code for the configuration
   6:Core/Src/tim.c ****   *          of the TIM instances.
   7:Core/Src/tim.c ****   ******************************************************************************
   8:Core/Src/tim.c ****   * @attention
   9:Core/Src/tim.c ****   *
  10:Core/Src/tim.c ****   * Copyright (c) 2026 STMicroelectronics.
  11:Core/Src/tim.c ****   * All rights reserved.
  12:Core/Src/tim.c ****   *
  13:Core/Src/tim.c ****   * This software is licensed under terms that can be found in the LICENSE file
  14:Core/Src/tim.c ****   * in the root directory of this software component.
  15:Core/Src/tim.c ****   * If no LICENSE file comes with this software, it is provided AS-IS.
  16:Core/Src/tim.c ****   *
  17:Core/Src/tim.c ****   ******************************************************************************
  18:Core/Src/tim.c ****   */
  19:Core/Src/tim.c **** /* USER CODE END Header */
  20:Core/Src/tim.c **** /* Includes ------------------------------------------------------------------*/
  21:Core/Src/tim.c **** #include "tim.h"
  22:Core/Src/tim.c **** 
  23:Core/Src/tim.c **** /* USER CODE BEGIN 0 */
  24:Core/Src/tim.c **** 
  25:Core/Src/tim.c **** /* USER CODE END 0 */
  26:Core/Src/tim.c **** 
  27:Core/Src/tim.c **** TIM_HandleTypeDef htim2;
  28:Core/Src/tim.c **** TIM_HandleTypeDef htim3;
  29:Core/Src/tim.c **** TIM_HandleTypeDef htim4;
  30:Core/Src/tim.c **** TIM_HandleTypeDef htim5;
  31:Core/Src/tim.c **** 
  32:Core/Src/tim.c **** /* TIM2 init function */
  33:Core/Src/tim.c **** void MX_TIM2_Init(void)
  34:Core/Src/tim.c **** {
  57              		.loc 1 34 1
  58              		.cfi_startproc
  59              		@ args = 0, pretend = 0, frame = 40
  60              		@ frame_needed = 1, uses_anonymous_args = 0
  61 0000 80B5     		push	{r7, lr}
  62              	.LCFI0:
  63              		.cfi_def_cfa_offset 8
  64              		.cfi_offset 7, -8
  65              		.cfi_offset 14, -4
  66 0002 8AB0     		sub	sp, sp, #40
  67              	.LCFI1:
  68              		.cfi_def_cfa_offset 48
  69 0004 00AF     		add	r7, sp, #0
  70              	.LCFI2:
  71              		.cfi_def_cfa_register 7
  35:Core/Src/tim.c **** 
  36:Core/Src/tim.c ****   /* USER CODE BEGIN TIM2_Init 0 */
ARM GAS  /tmp/cc7OFQ8i.s 			page 3


  37:Core/Src/tim.c **** 
  38:Core/Src/tim.c ****   /* USER CODE END TIM2_Init 0 */
  39:Core/Src/tim.c **** 
  40:Core/Src/tim.c ****   TIM_ClockConfigTypeDef sClockSourceConfig = {0};
  72              		.loc 1 40 26
  73 0006 07F11803 		add	r3, r7, #24
  74 000a 0022     		movs	r2, #0
  75 000c 1A60     		str	r2, [r3]
  76 000e 5A60     		str	r2, [r3, #4]
  77 0010 9A60     		str	r2, [r3, #8]
  78 0012 DA60     		str	r2, [r3, #12]
  41:Core/Src/tim.c ****   TIM_MasterConfigTypeDef sMasterConfig = {0};
  79              		.loc 1 41 27
  80 0014 07F11003 		add	r3, r7, #16
  81 0018 0022     		movs	r2, #0
  82 001a 1A60     		str	r2, [r3]
  83 001c 5A60     		str	r2, [r3, #4]
  42:Core/Src/tim.c ****   TIM_IC_InitTypeDef sConfigIC = {0};
  84              		.loc 1 42 22
  85 001e 3B46     		mov	r3, r7
  86 0020 0022     		movs	r2, #0
  87 0022 1A60     		str	r2, [r3]
  88 0024 5A60     		str	r2, [r3, #4]
  89 0026 9A60     		str	r2, [r3, #8]
  90 0028 DA60     		str	r2, [r3, #12]
  43:Core/Src/tim.c **** 
  44:Core/Src/tim.c ****   /* USER CODE BEGIN TIM2_Init 1 */
  45:Core/Src/tim.c **** 
  46:Core/Src/tim.c ****   /* USER CODE END TIM2_Init 1 */
  47:Core/Src/tim.c ****   htim2.Instance = TIM2;
  91              		.loc 1 47 18
  92 002a 334B     		ldr	r3, .L9
  93 002c 4FF08042 		mov	r2, #1073741824
  94 0030 1A60     		str	r2, [r3]
  48:Core/Src/tim.c ****   htim2.Init.Prescaler = 96-1;
  95              		.loc 1 48 24
  96 0032 314B     		ldr	r3, .L9
  97 0034 5F22     		movs	r2, #95
  98 0036 5A60     		str	r2, [r3, #4]
  49:Core/Src/tim.c ****   htim2.Init.CounterMode = TIM_COUNTERMODE_UP;
  99              		.loc 1 49 26
 100 0038 2F4B     		ldr	r3, .L9
 101 003a 0022     		movs	r2, #0
 102 003c 9A60     		str	r2, [r3, #8]
  50:Core/Src/tim.c ****   htim2.Init.Period = 65535;
 103              		.loc 1 50 21
 104 003e 2E4B     		ldr	r3, .L9
 105 0040 4FF6FF72 		movw	r2, #65535
 106 0044 DA60     		str	r2, [r3, #12]
  51:Core/Src/tim.c ****   htim2.Init.ClockDivision = TIM_CLOCKDIVISION_DIV1;
 107              		.loc 1 51 28
 108 0046 2C4B     		ldr	r3, .L9
 109 0048 0022     		movs	r2, #0
 110 004a 1A61     		str	r2, [r3, #16]
  52:Core/Src/tim.c ****   htim2.Init.AutoReloadPreload = TIM_AUTORELOAD_PRELOAD_DISABLE;
 111              		.loc 1 52 32
 112 004c 2A4B     		ldr	r3, .L9
ARM GAS  /tmp/cc7OFQ8i.s 			page 4


 113 004e 0022     		movs	r2, #0
 114 0050 9A61     		str	r2, [r3, #24]
  53:Core/Src/tim.c ****   if (HAL_TIM_Base_Init(&htim2) != HAL_OK)
 115              		.loc 1 53 7
 116 0052 2948     		ldr	r0, .L9
 117 0054 FFF7FEFF 		bl	HAL_TIM_Base_Init
 118 0058 0346     		mov	r3, r0
 119              		.loc 1 53 6 discriminator 1
 120 005a 002B     		cmp	r3, #0
 121 005c 01D0     		beq	.L2
  54:Core/Src/tim.c ****   {
  55:Core/Src/tim.c ****     Error_Handler();
 122              		.loc 1 55 5
 123 005e FFF7FEFF 		bl	Error_Handler
 124              	.L2:
  56:Core/Src/tim.c ****   }
  57:Core/Src/tim.c ****   sClockSourceConfig.ClockSource = TIM_CLOCKSOURCE_INTERNAL;
 125              		.loc 1 57 34
 126 0062 4FF48053 		mov	r3, #4096
 127 0066 BB61     		str	r3, [r7, #24]
  58:Core/Src/tim.c ****   if (HAL_TIM_ConfigClockSource(&htim2, &sClockSourceConfig) != HAL_OK)
 128              		.loc 1 58 7
 129 0068 07F11803 		add	r3, r7, #24
 130 006c 1946     		mov	r1, r3
 131 006e 2248     		ldr	r0, .L9
 132 0070 FFF7FEFF 		bl	HAL_TIM_ConfigClockSource
 133 0074 0346     		mov	r3, r0
 134              		.loc 1 58 6 discriminator 1
 135 0076 002B     		cmp	r3, #0
 136 0078 01D0     		beq	.L3
  59:Core/Src/tim.c ****   {
  60:Core/Src/tim.c ****     Error_Handler();
 137              		.loc 1 60 5
 138 007a FFF7FEFF 		bl	Error_Handler
 139              	.L3:
  61:Core/Src/tim.c ****   }
  62:Core/Src/tim.c ****   if (HAL_TIM_IC_Init(&htim2) != HAL_OK)
 140              		.loc 1 62 7
 141 007e 1E48     		ldr	r0, .L9
 142 0080 FFF7FEFF 		bl	HAL_TIM_IC_Init
 143 0084 0346     		mov	r3, r0
 144              		.loc 1 62 6 discriminator 1
 145 0086 002B     		cmp	r3, #0
 146 0088 01D0     		beq	.L4
  63:Core/Src/tim.c ****   {
  64:Core/Src/tim.c ****     Error_Handler();
 147              		.loc 1 64 5
 148 008a FFF7FEFF 		bl	Error_Handler
 149              	.L4:
  65:Core/Src/tim.c ****   }
  66:Core/Src/tim.c ****   sMasterConfig.MasterOutputTrigger = TIM_TRGO_RESET;
 150              		.loc 1 66 37
 151 008e 0023     		movs	r3, #0
 152 0090 3B61     		str	r3, [r7, #16]
  67:Core/Src/tim.c ****   sMasterConfig.MasterSlaveMode = TIM_MASTERSLAVEMODE_DISABLE;
 153              		.loc 1 67 33
 154 0092 0023     		movs	r3, #0
ARM GAS  /tmp/cc7OFQ8i.s 			page 5


 155 0094 7B61     		str	r3, [r7, #20]
  68:Core/Src/tim.c ****   if (HAL_TIMEx_MasterConfigSynchronization(&htim2, &sMasterConfig) != HAL_OK)
 156              		.loc 1 68 7
 157 0096 07F11003 		add	r3, r7, #16
 158 009a 1946     		mov	r1, r3
 159 009c 1648     		ldr	r0, .L9
 160 009e FFF7FEFF 		bl	HAL_TIMEx_MasterConfigSynchronization
 161 00a2 0346     		mov	r3, r0
 162              		.loc 1 68 6 discriminator 1
 163 00a4 002B     		cmp	r3, #0
 164 00a6 01D0     		beq	.L5
  69:Core/Src/tim.c ****   {
  70:Core/Src/tim.c ****     Error_Handler();
 165              		.loc 1 70 5
 166 00a8 FFF7FEFF 		bl	Error_Handler
 167              	.L5:
  71:Core/Src/tim.c ****   }
  72:Core/Src/tim.c ****   sConfigIC.ICPolarity = TIM_INPUTCHANNELPOLARITY_RISING;
 168              		.loc 1 72 24
 169 00ac 0023     		movs	r3, #0
 170 00ae 3B60     		str	r3, [r7]
  73:Core/Src/tim.c ****   sConfigIC.ICSelection = TIM_ICSELECTION_DIRECTTI;
 171              		.loc 1 73 25
 172 00b0 0123     		movs	r3, #1
 173 00b2 7B60     		str	r3, [r7, #4]
  74:Core/Src/tim.c ****   sConfigIC.ICPrescaler = TIM_ICPSC_DIV1;
 174              		.loc 1 74 25
 175 00b4 0023     		movs	r3, #0
 176 00b6 BB60     		str	r3, [r7, #8]
  75:Core/Src/tim.c ****   sConfigIC.ICFilter = 0;
 177              		.loc 1 75 22
 178 00b8 0023     		movs	r3, #0
 179 00ba FB60     		str	r3, [r7, #12]
  76:Core/Src/tim.c ****   if (HAL_TIM_IC_ConfigChannel(&htim2, &sConfigIC, TIM_CHANNEL_1) != HAL_OK)
 180              		.loc 1 76 7
 181 00bc 3B46     		mov	r3, r7
 182 00be 0022     		movs	r2, #0
 183 00c0 1946     		mov	r1, r3
 184 00c2 0D48     		ldr	r0, .L9
 185 00c4 FFF7FEFF 		bl	HAL_TIM_IC_ConfigChannel
 186 00c8 0346     		mov	r3, r0
 187              		.loc 1 76 6 discriminator 1
 188 00ca 002B     		cmp	r3, #0
 189 00cc 01D0     		beq	.L6
  77:Core/Src/tim.c ****   {
  78:Core/Src/tim.c ****     Error_Handler();
 190              		.loc 1 78 5
 191 00ce FFF7FEFF 		bl	Error_Handler
 192              	.L6:
  79:Core/Src/tim.c ****   }
  80:Core/Src/tim.c ****   sConfigIC.ICPolarity = TIM_INPUTCHANNELPOLARITY_FALLING;
 193              		.loc 1 80 24
 194 00d2 0223     		movs	r3, #2
 195 00d4 3B60     		str	r3, [r7]
  81:Core/Src/tim.c ****   sConfigIC.ICSelection = TIM_ICSELECTION_INDIRECTTI;
 196              		.loc 1 81 25
 197 00d6 0223     		movs	r3, #2
ARM GAS  /tmp/cc7OFQ8i.s 			page 6


 198 00d8 7B60     		str	r3, [r7, #4]
  82:Core/Src/tim.c ****   if (HAL_TIM_IC_ConfigChannel(&htim2, &sConfigIC, TIM_CHANNEL_2) != HAL_OK)
 199              		.loc 1 82 7
 200 00da 3B46     		mov	r3, r7
 201 00dc 0422     		movs	r2, #4
 202 00de 1946     		mov	r1, r3
 203 00e0 0548     		ldr	r0, .L9
 204 00e2 FFF7FEFF 		bl	HAL_TIM_IC_ConfigChannel
 205 00e6 0346     		mov	r3, r0
 206              		.loc 1 82 6 discriminator 1
 207 00e8 002B     		cmp	r3, #0
 208 00ea 01D0     		beq	.L8
  83:Core/Src/tim.c ****   {
  84:Core/Src/tim.c ****     Error_Handler();
 209              		.loc 1 84 5
 210 00ec FFF7FEFF 		bl	Error_Handler
 211              	.L8:
  85:Core/Src/tim.c ****   }
  86:Core/Src/tim.c ****   /* USER CODE BEGIN TIM2_Init 2 */
  87:Core/Src/tim.c **** 
  88:Core/Src/tim.c ****   /* USER CODE END TIM2_Init 2 */
  89:Core/Src/tim.c **** 
  90:Core/Src/tim.c **** }
 212              		.loc 1 90 1
 213 00f0 00BF     		nop
 214 00f2 2837     		adds	r7, r7, #40
 215              	.LCFI3:
 216              		.cfi_def_cfa_offset 8
 217 00f4 BD46     		mov	sp, r7
 218              	.LCFI4:
 219              		.cfi_def_cfa_register 13
 220              		@ sp needed
 221 00f6 80BD     		pop	{r7, pc}
 222              	.L10:
 223              		.align	2
 224              	.L9:
 225 00f8 00000000 		.word	htim2
 226              		.cfi_endproc
 227              	.LFE220:
 229              		.section	.text.MX_TIM3_Init,"ax",%progbits
 230              		.align	1
 231              		.global	MX_TIM3_Init
 232              		.syntax unified
 233              		.thumb
 234              		.thumb_func
 236              	MX_TIM3_Init:
 237              	.LFB221:
  91:Core/Src/tim.c **** /* TIM3 init function */
  92:Core/Src/tim.c **** void MX_TIM3_Init(void)
  93:Core/Src/tim.c **** {
 238              		.loc 1 93 1
 239              		.cfi_startproc
 240              		@ args = 0, pretend = 0, frame = 24
 241              		@ frame_needed = 1, uses_anonymous_args = 0
 242 0000 80B5     		push	{r7, lr}
 243              	.LCFI5:
 244              		.cfi_def_cfa_offset 8
ARM GAS  /tmp/cc7OFQ8i.s 			page 7


 245              		.cfi_offset 7, -8
 246              		.cfi_offset 14, -4
 247 0002 86B0     		sub	sp, sp, #24
 248              	.LCFI6:
 249              		.cfi_def_cfa_offset 32
 250 0004 00AF     		add	r7, sp, #0
 251              	.LCFI7:
 252              		.cfi_def_cfa_register 7
  94:Core/Src/tim.c **** 
  95:Core/Src/tim.c ****   /* USER CODE BEGIN TIM3_Init 0 */
  96:Core/Src/tim.c **** 
  97:Core/Src/tim.c ****   /* USER CODE END TIM3_Init 0 */
  98:Core/Src/tim.c **** 
  99:Core/Src/tim.c ****   TIM_ClockConfigTypeDef sClockSourceConfig = {0};
 253              		.loc 1 99 26
 254 0006 07F10803 		add	r3, r7, #8
 255 000a 0022     		movs	r2, #0
 256 000c 1A60     		str	r2, [r3]
 257 000e 5A60     		str	r2, [r3, #4]
 258 0010 9A60     		str	r2, [r3, #8]
 259 0012 DA60     		str	r2, [r3, #12]
 100:Core/Src/tim.c ****   TIM_MasterConfigTypeDef sMasterConfig = {0};
 260              		.loc 1 100 27
 261 0014 3B46     		mov	r3, r7
 262 0016 0022     		movs	r2, #0
 263 0018 1A60     		str	r2, [r3]
 264 001a 5A60     		str	r2, [r3, #4]
 101:Core/Src/tim.c **** 
 102:Core/Src/tim.c ****   /* USER CODE BEGIN TIM3_Init 1 */
 103:Core/Src/tim.c **** 
 104:Core/Src/tim.c ****   /* USER CODE END TIM3_Init 1 */
 105:Core/Src/tim.c ****   htim3.Instance = TIM3;
 265              		.loc 1 105 18
 266 001c 1D4B     		ldr	r3, .L16
 267 001e 1E4A     		ldr	r2, .L16+4
 268 0020 1A60     		str	r2, [r3]
 106:Core/Src/tim.c ****   htim3.Init.Prescaler = 95;
 269              		.loc 1 106 24
 270 0022 1C4B     		ldr	r3, .L16
 271 0024 5F22     		movs	r2, #95
 272 0026 5A60     		str	r2, [r3, #4]
 107:Core/Src/tim.c ****   htim3.Init.CounterMode = TIM_COUNTERMODE_UP;
 273              		.loc 1 107 26
 274 0028 1A4B     		ldr	r3, .L16
 275 002a 0022     		movs	r2, #0
 276 002c 9A60     		str	r2, [r3, #8]
 108:Core/Src/tim.c ****   htim3.Init.Period = 65535;
 277              		.loc 1 108 21
 278 002e 194B     		ldr	r3, .L16
 279 0030 4FF6FF72 		movw	r2, #65535
 280 0034 DA60     		str	r2, [r3, #12]
 109:Core/Src/tim.c ****   htim3.Init.ClockDivision = TIM_CLOCKDIVISION_DIV1;
 281              		.loc 1 109 28
 282 0036 174B     		ldr	r3, .L16
 283 0038 0022     		movs	r2, #0
 284 003a 1A61     		str	r2, [r3, #16]
 110:Core/Src/tim.c ****   htim3.Init.AutoReloadPreload = TIM_AUTORELOAD_PRELOAD_DISABLE;
ARM GAS  /tmp/cc7OFQ8i.s 			page 8


 285              		.loc 1 110 32
 286 003c 154B     		ldr	r3, .L16
 287 003e 0022     		movs	r2, #0
 288 0040 9A61     		str	r2, [r3, #24]
 111:Core/Src/tim.c ****   if (HAL_TIM_Base_Init(&htim3) != HAL_OK)
 289              		.loc 1 111 7
 290 0042 1448     		ldr	r0, .L16
 291 0044 FFF7FEFF 		bl	HAL_TIM_Base_Init
 292 0048 0346     		mov	r3, r0
 293              		.loc 1 111 6 discriminator 1
 294 004a 002B     		cmp	r3, #0
 295 004c 01D0     		beq	.L12
 112:Core/Src/tim.c ****   {
 113:Core/Src/tim.c ****     Error_Handler();
 296              		.loc 1 113 5
 297 004e FFF7FEFF 		bl	Error_Handler
 298              	.L12:
 114:Core/Src/tim.c ****   }
 115:Core/Src/tim.c ****   sClockSourceConfig.ClockSource = TIM_CLOCKSOURCE_INTERNAL;
 299              		.loc 1 115 34
 300 0052 4FF48053 		mov	r3, #4096
 301 0056 BB60     		str	r3, [r7, #8]
 116:Core/Src/tim.c ****   if (HAL_TIM_ConfigClockSource(&htim3, &sClockSourceConfig) != HAL_OK)
 302              		.loc 1 116 7
 303 0058 07F10803 		add	r3, r7, #8
 304 005c 1946     		mov	r1, r3
 305 005e 0D48     		ldr	r0, .L16
 306 0060 FFF7FEFF 		bl	HAL_TIM_ConfigClockSource
 307 0064 0346     		mov	r3, r0
 308              		.loc 1 116 6 discriminator 1
 309 0066 002B     		cmp	r3, #0
 310 0068 01D0     		beq	.L13
 117:Core/Src/tim.c ****   {
 118:Core/Src/tim.c ****     Error_Handler();
 311              		.loc 1 118 5
 312 006a FFF7FEFF 		bl	Error_Handler
 313              	.L13:
 119:Core/Src/tim.c ****   }
 120:Core/Src/tim.c ****   sMasterConfig.MasterOutputTrigger = TIM_TRGO_RESET;
 314              		.loc 1 120 37
 315 006e 0023     		movs	r3, #0
 316 0070 3B60     		str	r3, [r7]
 121:Core/Src/tim.c ****   sMasterConfig.MasterSlaveMode = TIM_MASTERSLAVEMODE_DISABLE;
 317              		.loc 1 121 33
 318 0072 0023     		movs	r3, #0
 319 0074 7B60     		str	r3, [r7, #4]
 122:Core/Src/tim.c ****   if (HAL_TIMEx_MasterConfigSynchronization(&htim3, &sMasterConfig) != HAL_OK)
 320              		.loc 1 122 7
 321 0076 3B46     		mov	r3, r7
 322 0078 1946     		mov	r1, r3
 323 007a 0648     		ldr	r0, .L16
 324 007c FFF7FEFF 		bl	HAL_TIMEx_MasterConfigSynchronization
 325 0080 0346     		mov	r3, r0
 326              		.loc 1 122 6 discriminator 1
 327 0082 002B     		cmp	r3, #0
 328 0084 01D0     		beq	.L15
 123:Core/Src/tim.c ****   {
ARM GAS  /tmp/cc7OFQ8i.s 			page 9


 124:Core/Src/tim.c ****     Error_Handler();
 329              		.loc 1 124 5
 330 0086 FFF7FEFF 		bl	Error_Handler
 331              	.L15:
 125:Core/Src/tim.c ****   }
 126:Core/Src/tim.c ****   /* USER CODE BEGIN TIM3_Init 2 */
 127:Core/Src/tim.c **** 
 128:Core/Src/tim.c ****   /* USER CODE END TIM3_Init 2 */
 129:Core/Src/tim.c **** 
 130:Core/Src/tim.c **** }
 332              		.loc 1 130 1
 333 008a 00BF     		nop
 334 008c 1837     		adds	r7, r7, #24
 335              	.LCFI8:
 336              		.cfi_def_cfa_offset 8
 337 008e BD46     		mov	sp, r7
 338              	.LCFI9:
 339              		.cfi_def_cfa_register 13
 340              		@ sp needed
 341 0090 80BD     		pop	{r7, pc}
 342              	.L17:
 343 0092 00BF     		.align	2
 344              	.L16:
 345 0094 00000000 		.word	htim3
 346 0098 00040040 		.word	1073742848
 347              		.cfi_endproc
 348              	.LFE221:
 350              		.section	.text.MX_TIM4_Init,"ax",%progbits
 351              		.align	1
 352              		.global	MX_TIM4_Init
 353              		.syntax unified
 354              		.thumb
 355              		.thumb_func
 357              	MX_TIM4_Init:
 358              	.LFB222:
 131:Core/Src/tim.c **** /* TIM4 init function */
 132:Core/Src/tim.c **** void MX_TIM4_Init(void)
 133:Core/Src/tim.c **** {
 359              		.loc 1 133 1
 360              		.cfi_startproc
 361              		@ args = 0, pretend = 0, frame = 24
 362              		@ frame_needed = 1, uses_anonymous_args = 0
 363 0000 80B5     		push	{r7, lr}
 364              	.LCFI10:
 365              		.cfi_def_cfa_offset 8
 366              		.cfi_offset 7, -8
 367              		.cfi_offset 14, -4
 368 0002 86B0     		sub	sp, sp, #24
 369              	.LCFI11:
 370              		.cfi_def_cfa_offset 32
 371 0004 00AF     		add	r7, sp, #0
 372              	.LCFI12:
 373              		.cfi_def_cfa_register 7
 134:Core/Src/tim.c **** 
 135:Core/Src/tim.c ****   /* USER CODE BEGIN TIM4_Init 0 */
 136:Core/Src/tim.c **** 
 137:Core/Src/tim.c ****   /* USER CODE END TIM4_Init 0 */
ARM GAS  /tmp/cc7OFQ8i.s 			page 10


 138:Core/Src/tim.c **** 
 139:Core/Src/tim.c ****   TIM_ClockConfigTypeDef sClockSourceConfig = {0};
 374              		.loc 1 139 26
 375 0006 07F10803 		add	r3, r7, #8
 376 000a 0022     		movs	r2, #0
 377 000c 1A60     		str	r2, [r3]
 378 000e 5A60     		str	r2, [r3, #4]
 379 0010 9A60     		str	r2, [r3, #8]
 380 0012 DA60     		str	r2, [r3, #12]
 140:Core/Src/tim.c ****   TIM_MasterConfigTypeDef sMasterConfig = {0};
 381              		.loc 1 140 27
 382 0014 3B46     		mov	r3, r7
 383 0016 0022     		movs	r2, #0
 384 0018 1A60     		str	r2, [r3]
 385 001a 5A60     		str	r2, [r3, #4]
 141:Core/Src/tim.c **** 
 142:Core/Src/tim.c ****   /* USER CODE BEGIN TIM4_Init 1 */
 143:Core/Src/tim.c **** 
 144:Core/Src/tim.c ****   /* USER CODE END TIM4_Init 1 */
 145:Core/Src/tim.c ****   htim4.Instance = TIM4;
 386              		.loc 1 145 18
 387 001c 1D4B     		ldr	r3, .L23
 388 001e 1E4A     		ldr	r2, .L23+4
 389 0020 1A60     		str	r2, [r3]
 146:Core/Src/tim.c ****   htim4.Init.Prescaler = 9600-1;
 390              		.loc 1 146 24
 391 0022 1C4B     		ldr	r3, .L23
 392 0024 42F27F52 		movw	r2, #9599
 393 0028 5A60     		str	r2, [r3, #4]
 147:Core/Src/tim.c ****   htim4.Init.CounterMode = TIM_COUNTERMODE_UP;
 394              		.loc 1 147 26
 395 002a 1A4B     		ldr	r3, .L23
 396 002c 0022     		movs	r2, #0
 397 002e 9A60     		str	r2, [r3, #8]
 148:Core/Src/tim.c ****   htim4.Init.Period = 65535;
 398              		.loc 1 148 21
 399 0030 184B     		ldr	r3, .L23
 400 0032 4FF6FF72 		movw	r2, #65535
 401 0036 DA60     		str	r2, [r3, #12]
 149:Core/Src/tim.c ****   htim4.Init.ClockDivision = TIM_CLOCKDIVISION_DIV1;
 402              		.loc 1 149 28
 403 0038 164B     		ldr	r3, .L23
 404 003a 0022     		movs	r2, #0
 405 003c 1A61     		str	r2, [r3, #16]
 150:Core/Src/tim.c ****   htim4.Init.AutoReloadPreload = TIM_AUTORELOAD_PRELOAD_DISABLE;
 406              		.loc 1 150 32
 407 003e 154B     		ldr	r3, .L23
 408 0040 0022     		movs	r2, #0
 409 0042 9A61     		str	r2, [r3, #24]
 151:Core/Src/tim.c ****   if (HAL_TIM_Base_Init(&htim4) != HAL_OK)
 410              		.loc 1 151 7
 411 0044 1348     		ldr	r0, .L23
 412 0046 FFF7FEFF 		bl	HAL_TIM_Base_Init
 413 004a 0346     		mov	r3, r0
 414              		.loc 1 151 6 discriminator 1
 415 004c 002B     		cmp	r3, #0
 416 004e 01D0     		beq	.L19
ARM GAS  /tmp/cc7OFQ8i.s 			page 11


 152:Core/Src/tim.c ****   {
 153:Core/Src/tim.c ****     Error_Handler();
 417              		.loc 1 153 5
 418 0050 FFF7FEFF 		bl	Error_Handler
 419              	.L19:
 154:Core/Src/tim.c ****   }
 155:Core/Src/tim.c ****   sClockSourceConfig.ClockSource = TIM_CLOCKSOURCE_INTERNAL;
 420              		.loc 1 155 34
 421 0054 4FF48053 		mov	r3, #4096
 422 0058 BB60     		str	r3, [r7, #8]
 156:Core/Src/tim.c ****   if (HAL_TIM_ConfigClockSource(&htim4, &sClockSourceConfig) != HAL_OK)
 423              		.loc 1 156 7
 424 005a 07F10803 		add	r3, r7, #8
 425 005e 1946     		mov	r1, r3
 426 0060 0C48     		ldr	r0, .L23
 427 0062 FFF7FEFF 		bl	HAL_TIM_ConfigClockSource
 428 0066 0346     		mov	r3, r0
 429              		.loc 1 156 6 discriminator 1
 430 0068 002B     		cmp	r3, #0
 431 006a 01D0     		beq	.L20
 157:Core/Src/tim.c ****   {
 158:Core/Src/tim.c ****     Error_Handler();
 432              		.loc 1 158 5
 433 006c FFF7FEFF 		bl	Error_Handler
 434              	.L20:
 159:Core/Src/tim.c ****   }
 160:Core/Src/tim.c ****   sMasterConfig.MasterOutputTrigger = TIM_TRGO_RESET;
 435              		.loc 1 160 37
 436 0070 0023     		movs	r3, #0
 437 0072 3B60     		str	r3, [r7]
 161:Core/Src/tim.c ****   sMasterConfig.MasterSlaveMode = TIM_MASTERSLAVEMODE_DISABLE;
 438              		.loc 1 161 33
 439 0074 0023     		movs	r3, #0
 440 0076 7B60     		str	r3, [r7, #4]
 162:Core/Src/tim.c ****   if (HAL_TIMEx_MasterConfigSynchronization(&htim4, &sMasterConfig) != HAL_OK)
 441              		.loc 1 162 7
 442 0078 3B46     		mov	r3, r7
 443 007a 1946     		mov	r1, r3
 444 007c 0548     		ldr	r0, .L23
 445 007e FFF7FEFF 		bl	HAL_TIMEx_MasterConfigSynchronization
 446 0082 0346     		mov	r3, r0
 447              		.loc 1 162 6 discriminator 1
 448 0084 002B     		cmp	r3, #0
 449 0086 01D0     		beq	.L22
 163:Core/Src/tim.c ****   {
 164:Core/Src/tim.c ****     Error_Handler();
 450              		.loc 1 164 5
 451 0088 FFF7FEFF 		bl	Error_Handler
 452              	.L22:
 165:Core/Src/tim.c ****   }
 166:Core/Src/tim.c ****   /* USER CODE BEGIN TIM4_Init 2 */
 167:Core/Src/tim.c **** 
 168:Core/Src/tim.c ****   /* USER CODE END TIM4_Init 2 */
 169:Core/Src/tim.c **** 
 170:Core/Src/tim.c **** }
 453              		.loc 1 170 1
 454 008c 00BF     		nop
ARM GAS  /tmp/cc7OFQ8i.s 			page 12


 455 008e 1837     		adds	r7, r7, #24
 456              	.LCFI13:
 457              		.cfi_def_cfa_offset 8
 458 0090 BD46     		mov	sp, r7
 459              	.LCFI14:
 460              		.cfi_def_cfa_register 13
 461              		@ sp needed
 462 0092 80BD     		pop	{r7, pc}
 463              	.L24:
 464              		.align	2
 465              	.L23:
 466 0094 00000000 		.word	htim4
 467 0098 00080040 		.word	1073743872
 468              		.cfi_endproc
 469              	.LFE222:
 471              		.section	.text.MX_TIM5_Init,"ax",%progbits
 472              		.align	1
 473              		.global	MX_TIM5_Init
 474              		.syntax unified
 475              		.thumb
 476              		.thumb_func
 478              	MX_TIM5_Init:
 479              	.LFB223:
 171:Core/Src/tim.c **** /* TIM5 init function */
 172:Core/Src/tim.c **** void MX_TIM5_Init(void)
 173:Core/Src/tim.c **** {
 480              		.loc 1 173 1
 481              		.cfi_startproc
 482              		@ args = 0, pretend = 0, frame = 32
 483              		@ frame_needed = 1, uses_anonymous_args = 0
 484 0000 80B5     		push	{r7, lr}
 485              	.LCFI15:
 486              		.cfi_def_cfa_offset 8
 487              		.cfi_offset 7, -8
 488              		.cfi_offset 14, -4
 489 0002 88B0     		sub	sp, sp, #32
 490              	.LCFI16:
 491              		.cfi_def_cfa_offset 40
 492 0004 00AF     		add	r7, sp, #0
 493              	.LCFI17:
 494              		.cfi_def_cfa_register 7
 174:Core/Src/tim.c **** 
 175:Core/Src/tim.c ****   /* USER CODE BEGIN TIM5_Init 0 */
 176:Core/Src/tim.c **** 
 177:Core/Src/tim.c ****   /* USER CODE END TIM5_Init 0 */
 178:Core/Src/tim.c **** 
 179:Core/Src/tim.c ****   TIM_SlaveConfigTypeDef sSlaveConfig = {0};
 495              		.loc 1 179 26
 496 0006 07F10C03 		add	r3, r7, #12
 497 000a 0022     		movs	r2, #0
 498 000c 1A60     		str	r2, [r3]
 499 000e 5A60     		str	r2, [r3, #4]
 500 0010 9A60     		str	r2, [r3, #8]
 501 0012 DA60     		str	r2, [r3, #12]
 502 0014 1A61     		str	r2, [r3, #16]
 180:Core/Src/tim.c ****   TIM_MasterConfigTypeDef sMasterConfig = {0};
 503              		.loc 1 180 27
ARM GAS  /tmp/cc7OFQ8i.s 			page 13


 504 0016 3B1D     		adds	r3, r7, #4
 505 0018 0022     		movs	r2, #0
 506 001a 1A60     		str	r2, [r3]
 507 001c 5A60     		str	r2, [r3, #4]
 181:Core/Src/tim.c **** 
 182:Core/Src/tim.c ****   /* USER CODE BEGIN TIM5_Init 1 */
 183:Core/Src/tim.c **** 
 184:Core/Src/tim.c ****   /* USER CODE END TIM5_Init 1 */
 185:Core/Src/tim.c ****   htim5.Instance = TIM5;
 508              		.loc 1 185 18
 509 001e 204B     		ldr	r3, .L30
 510 0020 204A     		ldr	r2, .L30+4
 511 0022 1A60     		str	r2, [r3]
 186:Core/Src/tim.c ****   htim5.Init.Prescaler = 0;
 512              		.loc 1 186 24
 513 0024 1E4B     		ldr	r3, .L30
 514 0026 0022     		movs	r2, #0
 515 0028 5A60     		str	r2, [r3, #4]
 187:Core/Src/tim.c ****   htim5.Init.CounterMode = TIM_COUNTERMODE_UP;
 516              		.loc 1 187 26
 517 002a 1D4B     		ldr	r3, .L30
 518 002c 0022     		movs	r2, #0
 519 002e 9A60     		str	r2, [r3, #8]
 188:Core/Src/tim.c ****   htim5.Init.Period = 4294967295;
 520              		.loc 1 188 21
 521 0030 1B4B     		ldr	r3, .L30
 522 0032 4FF0FF32 		mov	r2, #-1
 523 0036 DA60     		str	r2, [r3, #12]
 189:Core/Src/tim.c ****   htim5.Init.ClockDivision = TIM_CLOCKDIVISION_DIV1;
 524              		.loc 1 189 28
 525 0038 194B     		ldr	r3, .L30
 526 003a 0022     		movs	r2, #0
 527 003c 1A61     		str	r2, [r3, #16]
 190:Core/Src/tim.c ****   htim5.Init.AutoReloadPreload = TIM_AUTORELOAD_PRELOAD_DISABLE;
 528              		.loc 1 190 32
 529 003e 184B     		ldr	r3, .L30
 530 0040 0022     		movs	r2, #0
 531 0042 9A61     		str	r2, [r3, #24]
 191:Core/Src/tim.c ****   if (HAL_TIM_Base_Init(&htim5) != HAL_OK)
 532              		.loc 1 191 7
 533 0044 1648     		ldr	r0, .L30
 534 0046 FFF7FEFF 		bl	HAL_TIM_Base_Init
 535 004a 0346     		mov	r3, r0
 536              		.loc 1 191 6 discriminator 1
 537 004c 002B     		cmp	r3, #0
 538 004e 01D0     		beq	.L26
 192:Core/Src/tim.c ****   {
 193:Core/Src/tim.c ****     Error_Handler();
 539              		.loc 1 193 5
 540 0050 FFF7FEFF 		bl	Error_Handler
 541              	.L26:
 194:Core/Src/tim.c ****   }
 195:Core/Src/tim.c ****   sSlaveConfig.SlaveMode = TIM_SLAVEMODE_EXTERNAL1;
 542              		.loc 1 195 26
 543 0054 0723     		movs	r3, #7
 544 0056 FB60     		str	r3, [r7, #12]
 196:Core/Src/tim.c ****   sSlaveConfig.InputTrigger = TIM_TS_TI2FP2;
ARM GAS  /tmp/cc7OFQ8i.s 			page 14


 545              		.loc 1 196 29
 546 0058 6023     		movs	r3, #96
 547 005a 3B61     		str	r3, [r7, #16]
 197:Core/Src/tim.c ****   sSlaveConfig.TriggerPolarity = TIM_TRIGGERPOLARITY_RISING;
 548              		.loc 1 197 32
 549 005c 0023     		movs	r3, #0
 550 005e 7B61     		str	r3, [r7, #20]
 198:Core/Src/tim.c ****   sSlaveConfig.TriggerFilter = 0;
 551              		.loc 1 198 30
 552 0060 0023     		movs	r3, #0
 553 0062 FB61     		str	r3, [r7, #28]
 199:Core/Src/tim.c ****   if (HAL_TIM_SlaveConfigSynchro(&htim5, &sSlaveConfig) != HAL_OK)
 554              		.loc 1 199 7
 555 0064 07F10C03 		add	r3, r7, #12
 556 0068 1946     		mov	r1, r3
 557 006a 0D48     		ldr	r0, .L30
 558 006c FFF7FEFF 		bl	HAL_TIM_SlaveConfigSynchro
 559 0070 0346     		mov	r3, r0
 560              		.loc 1 199 6 discriminator 1
 561 0072 002B     		cmp	r3, #0
 562 0074 01D0     		beq	.L27
 200:Core/Src/tim.c ****   {
 201:Core/Src/tim.c ****     Error_Handler();
 563              		.loc 1 201 5
 564 0076 FFF7FEFF 		bl	Error_Handler
 565              	.L27:
 202:Core/Src/tim.c ****   }
 203:Core/Src/tim.c ****   sMasterConfig.MasterOutputTrigger = TIM_TRGO_RESET;
 566              		.loc 1 203 37
 567 007a 0023     		movs	r3, #0
 568 007c 7B60     		str	r3, [r7, #4]
 204:Core/Src/tim.c ****   sMasterConfig.MasterSlaveMode = TIM_MASTERSLAVEMODE_DISABLE;
 569              		.loc 1 204 33
 570 007e 0023     		movs	r3, #0
 571 0080 BB60     		str	r3, [r7, #8]
 205:Core/Src/tim.c ****   if (HAL_TIMEx_MasterConfigSynchronization(&htim5, &sMasterConfig) != HAL_OK)
 572              		.loc 1 205 7
 573 0082 3B1D     		adds	r3, r7, #4
 574 0084 1946     		mov	r1, r3
 575 0086 0648     		ldr	r0, .L30
 576 0088 FFF7FEFF 		bl	HAL_TIMEx_MasterConfigSynchronization
 577 008c 0346     		mov	r3, r0
 578              		.loc 1 205 6 discriminator 1
 579 008e 002B     		cmp	r3, #0
 580 0090 01D0     		beq	.L29
 206:Core/Src/tim.c ****   {
 207:Core/Src/tim.c ****     Error_Handler();
 581              		.loc 1 207 5
 582 0092 FFF7FEFF 		bl	Error_Handler
 583              	.L29:
 208:Core/Src/tim.c ****   }
 209:Core/Src/tim.c ****   /* USER CODE BEGIN TIM5_Init 2 */
 210:Core/Src/tim.c **** 
 211:Core/Src/tim.c ****   /* USER CODE END TIM5_Init 2 */
 212:Core/Src/tim.c **** 
 213:Core/Src/tim.c **** }
 584              		.loc 1 213 1
ARM GAS  /tmp/cc7OFQ8i.s 			page 15


 585 0096 00BF     		nop
 586 0098 2037     		adds	r7, r7, #32
 587              	.LCFI18:
 588              		.cfi_def_cfa_offset 8
 589 009a BD46     		mov	sp, r7
 590              	.LCFI19:
 591              		.cfi_def_cfa_register 13
 592              		@ sp needed
 593 009c 80BD     		pop	{r7, pc}
 594              	.L31:
 595 009e 00BF     		.align	2
 596              	.L30:
 597 00a0 00000000 		.word	htim5
 598 00a4 000C0040 		.word	1073744896
 599              		.cfi_endproc
 600              	.LFE223:
 602              		.section	.text.HAL_TIM_Base_MspInit,"ax",%progbits
 603              		.align	1
 604              		.global	HAL_TIM_Base_MspInit
 605              		.syntax unified
 606              		.thumb
 607              		.thumb_func
 609              	HAL_TIM_Base_MspInit:
 610              	.LFB224:
 214:Core/Src/tim.c **** 
 215:Core/Src/tim.c **** void HAL_TIM_Base_MspInit(TIM_HandleTypeDef* tim_baseHandle)
 216:Core/Src/tim.c **** {
 611              		.loc 1 216 1
 612              		.cfi_startproc
 613              		@ args = 0, pretend = 0, frame = 56
 614              		@ frame_needed = 1, uses_anonymous_args = 0
 615 0000 80B5     		push	{r7, lr}
 616              	.LCFI20:
 617              		.cfi_def_cfa_offset 8
 618              		.cfi_offset 7, -8
 619              		.cfi_offset 14, -4
 620 0002 8EB0     		sub	sp, sp, #56
 621              	.LCFI21:
 622              		.cfi_def_cfa_offset 64
 623 0004 00AF     		add	r7, sp, #0
 624              	.LCFI22:
 625              		.cfi_def_cfa_register 7
 626 0006 7860     		str	r0, [r7, #4]
 217:Core/Src/tim.c **** 
 218:Core/Src/tim.c ****   GPIO_InitTypeDef GPIO_InitStruct = {0};
 627              		.loc 1 218 20
 628 0008 07F12403 		add	r3, r7, #36
 629 000c 0022     		movs	r2, #0
 630 000e 1A60     		str	r2, [r3]
 631 0010 5A60     		str	r2, [r3, #4]
 632 0012 9A60     		str	r2, [r3, #8]
 633 0014 DA60     		str	r2, [r3, #12]
 634 0016 1A61     		str	r2, [r3, #16]
 219:Core/Src/tim.c ****   if(tim_baseHandle->Instance==TIM2)
 635              		.loc 1 219 20
 636 0018 7B68     		ldr	r3, [r7, #4]
 637 001a 1B68     		ldr	r3, [r3]
ARM GAS  /tmp/cc7OFQ8i.s 			page 16


 638              		.loc 1 219 5
 639 001c B3F1804F 		cmp	r3, #1073741824
 640 0020 34D1     		bne	.L33
 641              	.LBB2:
 220:Core/Src/tim.c ****   {
 221:Core/Src/tim.c ****   /* USER CODE BEGIN TIM2_MspInit 0 */
 222:Core/Src/tim.c **** 
 223:Core/Src/tim.c ****   /* USER CODE END TIM2_MspInit 0 */
 224:Core/Src/tim.c ****     /* TIM2 clock enable */
 225:Core/Src/tim.c ****     __HAL_RCC_TIM2_CLK_ENABLE();
 642              		.loc 1 225 5
 643 0022 0023     		movs	r3, #0
 644 0024 3B62     		str	r3, [r7, #32]
 645 0026 4C4B     		ldr	r3, .L38
 646 0028 1B6C     		ldr	r3, [r3, #64]
 647 002a 4B4A     		ldr	r2, .L38
 648 002c 43F00103 		orr	r3, r3, #1
 649 0030 1364     		str	r3, [r2, #64]
 650 0032 494B     		ldr	r3, .L38
 651 0034 1B6C     		ldr	r3, [r3, #64]
 652 0036 03F00103 		and	r3, r3, #1
 653 003a 3B62     		str	r3, [r7, #32]
 654 003c 3B6A     		ldr	r3, [r7, #32]
 655              	.LBE2:
 656              	.LBB3:
 226:Core/Src/tim.c **** 
 227:Core/Src/tim.c ****     __HAL_RCC_GPIOA_CLK_ENABLE();
 657              		.loc 1 227 5
 658 003e 0023     		movs	r3, #0
 659 0040 FB61     		str	r3, [r7, #28]
 660 0042 454B     		ldr	r3, .L38
 661 0044 1B6B     		ldr	r3, [r3, #48]
 662 0046 444A     		ldr	r2, .L38
 663 0048 43F00103 		orr	r3, r3, #1
 664 004c 1363     		str	r3, [r2, #48]
 665 004e 424B     		ldr	r3, .L38
 666 0050 1B6B     		ldr	r3, [r3, #48]
 667 0052 03F00103 		and	r3, r3, #1
 668 0056 FB61     		str	r3, [r7, #28]
 669 0058 FB69     		ldr	r3, [r7, #28]
 670              	.LBE3:
 228:Core/Src/tim.c ****     /**TIM2 GPIO Configuration
 229:Core/Src/tim.c ****     PA0-WKUP     ------> TIM2_CH1
 230:Core/Src/tim.c ****     */
 231:Core/Src/tim.c ****     GPIO_InitStruct.Pin = NIVEL_ECHO_Pin;
 671              		.loc 1 231 25
 672 005a 0123     		movs	r3, #1
 673 005c 7B62     		str	r3, [r7, #36]
 232:Core/Src/tim.c ****     GPIO_InitStruct.Mode = GPIO_MODE_AF_PP;
 674              		.loc 1 232 26
 675 005e 0223     		movs	r3, #2
 676 0060 BB62     		str	r3, [r7, #40]
 233:Core/Src/tim.c ****     GPIO_InitStruct.Pull = GPIO_NOPULL;
 677              		.loc 1 233 26
 678 0062 0023     		movs	r3, #0
 679 0064 FB62     		str	r3, [r7, #44]
 234:Core/Src/tim.c ****     GPIO_InitStruct.Speed = GPIO_SPEED_FREQ_LOW;
ARM GAS  /tmp/cc7OFQ8i.s 			page 17


 680              		.loc 1 234 27
 681 0066 0023     		movs	r3, #0
 682 0068 3B63     		str	r3, [r7, #48]
 235:Core/Src/tim.c ****     GPIO_InitStruct.Alternate = GPIO_AF1_TIM2;
 683              		.loc 1 235 31
 684 006a 0123     		movs	r3, #1
 685 006c 7B63     		str	r3, [r7, #52]
 236:Core/Src/tim.c ****     HAL_GPIO_Init(NIVEL_ECHO_GPIO_Port, &GPIO_InitStruct);
 686              		.loc 1 236 5
 687 006e 07F12403 		add	r3, r7, #36
 688 0072 1946     		mov	r1, r3
 689 0074 3948     		ldr	r0, .L38+4
 690 0076 FFF7FEFF 		bl	HAL_GPIO_Init
 237:Core/Src/tim.c **** 
 238:Core/Src/tim.c ****     /* TIM2 interrupt Init */
 239:Core/Src/tim.c ****     HAL_NVIC_SetPriority(TIM2_IRQn, 5, 0);
 691              		.loc 1 239 5
 692 007a 0022     		movs	r2, #0
 693 007c 0521     		movs	r1, #5
 694 007e 1C20     		movs	r0, #28
 695 0080 FFF7FEFF 		bl	HAL_NVIC_SetPriority
 240:Core/Src/tim.c ****     HAL_NVIC_EnableIRQ(TIM2_IRQn);
 696              		.loc 1 240 5
 697 0084 1C20     		movs	r0, #28
 698 0086 FFF7FEFF 		bl	HAL_NVIC_EnableIRQ
 241:Core/Src/tim.c ****   /* USER CODE BEGIN TIM2_MspInit 1 */
 242:Core/Src/tim.c **** 
 243:Core/Src/tim.c ****   /* USER CODE END TIM2_MspInit 1 */
 244:Core/Src/tim.c ****   }
 245:Core/Src/tim.c ****   else if(tim_baseHandle->Instance==TIM3)
 246:Core/Src/tim.c ****   {
 247:Core/Src/tim.c ****   /* USER CODE BEGIN TIM3_MspInit 0 */
 248:Core/Src/tim.c **** 
 249:Core/Src/tim.c ****   /* USER CODE END TIM3_MspInit 0 */
 250:Core/Src/tim.c ****     /* TIM3 clock enable */
 251:Core/Src/tim.c ****     __HAL_RCC_TIM3_CLK_ENABLE();
 252:Core/Src/tim.c **** 
 253:Core/Src/tim.c ****     /* TIM3 interrupt Init */
 254:Core/Src/tim.c ****     HAL_NVIC_SetPriority(TIM3_IRQn, 5, 0);
 255:Core/Src/tim.c ****     HAL_NVIC_EnableIRQ(TIM3_IRQn);
 256:Core/Src/tim.c ****   /* USER CODE BEGIN TIM3_MspInit 1 */
 257:Core/Src/tim.c **** 
 258:Core/Src/tim.c ****   /* USER CODE END TIM3_MspInit 1 */
 259:Core/Src/tim.c ****   }
 260:Core/Src/tim.c ****   else if(tim_baseHandle->Instance==TIM4)
 261:Core/Src/tim.c ****   {
 262:Core/Src/tim.c ****   /* USER CODE BEGIN TIM4_MspInit 0 */
 263:Core/Src/tim.c **** 
 264:Core/Src/tim.c ****   /* USER CODE END TIM4_MspInit 0 */
 265:Core/Src/tim.c ****     /* TIM4 clock enable */
 266:Core/Src/tim.c ****     __HAL_RCC_TIM4_CLK_ENABLE();
 267:Core/Src/tim.c ****   /* USER CODE BEGIN TIM4_MspInit 1 */
 268:Core/Src/tim.c **** 
 269:Core/Src/tim.c ****   /* USER CODE END TIM4_MspInit 1 */
 270:Core/Src/tim.c ****   }
 271:Core/Src/tim.c ****   else if(tim_baseHandle->Instance==TIM5)
 272:Core/Src/tim.c ****   {
ARM GAS  /tmp/cc7OFQ8i.s 			page 18


 273:Core/Src/tim.c ****   /* USER CODE BEGIN TIM5_MspInit 0 */
 274:Core/Src/tim.c **** 
 275:Core/Src/tim.c ****   /* USER CODE END TIM5_MspInit 0 */
 276:Core/Src/tim.c ****     /* TIM5 clock enable */
 277:Core/Src/tim.c ****     __HAL_RCC_TIM5_CLK_ENABLE();
 278:Core/Src/tim.c **** 
 279:Core/Src/tim.c ****     __HAL_RCC_GPIOA_CLK_ENABLE();
 280:Core/Src/tim.c ****     /**TIM5 GPIO Configuration
 281:Core/Src/tim.c ****     PA1     ------> TIM5_CH2
 282:Core/Src/tim.c ****     */
 283:Core/Src/tim.c ****     GPIO_InitStruct.Pin = VAZAO_OUT_Pin;
 284:Core/Src/tim.c ****     GPIO_InitStruct.Mode = GPIO_MODE_AF_PP;
 285:Core/Src/tim.c ****     GPIO_InitStruct.Pull = GPIO_NOPULL;
 286:Core/Src/tim.c ****     GPIO_InitStruct.Speed = GPIO_SPEED_FREQ_LOW;
 287:Core/Src/tim.c ****     GPIO_InitStruct.Alternate = GPIO_AF2_TIM5;
 288:Core/Src/tim.c ****     HAL_GPIO_Init(VAZAO_OUT_GPIO_Port, &GPIO_InitStruct);
 289:Core/Src/tim.c **** 
 290:Core/Src/tim.c ****   /* USER CODE BEGIN TIM5_MspInit 1 */
 291:Core/Src/tim.c **** 
 292:Core/Src/tim.c ****   /* USER CODE END TIM5_MspInit 1 */
 293:Core/Src/tim.c ****   }
 294:Core/Src/tim.c **** }
 699              		.loc 1 294 1
 700 008a 60E0     		b	.L37
 701              	.L33:
 245:Core/Src/tim.c ****   {
 702              		.loc 1 245 25
 703 008c 7B68     		ldr	r3, [r7, #4]
 704 008e 1B68     		ldr	r3, [r3]
 245:Core/Src/tim.c ****   {
 705              		.loc 1 245 10
 706 0090 334A     		ldr	r2, .L38+8
 707 0092 9342     		cmp	r3, r2
 708 0094 16D1     		bne	.L35
 709              	.LBB4:
 251:Core/Src/tim.c **** 
 710              		.loc 1 251 5
 711 0096 0023     		movs	r3, #0
 712 0098 BB61     		str	r3, [r7, #24]
 713 009a 2F4B     		ldr	r3, .L38
 714 009c 1B6C     		ldr	r3, [r3, #64]
 715 009e 2E4A     		ldr	r2, .L38
 716 00a0 43F00203 		orr	r3, r3, #2
 717 00a4 1364     		str	r3, [r2, #64]
 718 00a6 2C4B     		ldr	r3, .L38
 719 00a8 1B6C     		ldr	r3, [r3, #64]
 720 00aa 03F00203 		and	r3, r3, #2
 721 00ae BB61     		str	r3, [r7, #24]
 722 00b0 BB69     		ldr	r3, [r7, #24]
 723              	.LBE4:
 254:Core/Src/tim.c ****     HAL_NVIC_EnableIRQ(TIM3_IRQn);
 724              		.loc 1 254 5
 725 00b2 0022     		movs	r2, #0
 726 00b4 0521     		movs	r1, #5
 727 00b6 1D20     		movs	r0, #29
 728 00b8 FFF7FEFF 		bl	HAL_NVIC_SetPriority
 255:Core/Src/tim.c ****   /* USER CODE BEGIN TIM3_MspInit 1 */
ARM GAS  /tmp/cc7OFQ8i.s 			page 19


 729              		.loc 1 255 5
 730 00bc 1D20     		movs	r0, #29
 731 00be FFF7FEFF 		bl	HAL_NVIC_EnableIRQ
 732              		.loc 1 294 1
 733 00c2 44E0     		b	.L37
 734              	.L35:
 260:Core/Src/tim.c ****   {
 735              		.loc 1 260 25
 736 00c4 7B68     		ldr	r3, [r7, #4]
 737 00c6 1B68     		ldr	r3, [r3]
 260:Core/Src/tim.c ****   {
 738              		.loc 1 260 10
 739 00c8 264A     		ldr	r2, .L38+12
 740 00ca 9342     		cmp	r3, r2
 741 00cc 0ED1     		bne	.L36
 742              	.LBB5:
 266:Core/Src/tim.c ****   /* USER CODE BEGIN TIM4_MspInit 1 */
 743              		.loc 1 266 5
 744 00ce 0023     		movs	r3, #0
 745 00d0 7B61     		str	r3, [r7, #20]
 746 00d2 214B     		ldr	r3, .L38
 747 00d4 1B6C     		ldr	r3, [r3, #64]
 748 00d6 204A     		ldr	r2, .L38
 749 00d8 43F00403 		orr	r3, r3, #4
 750 00dc 1364     		str	r3, [r2, #64]
 751 00de 1E4B     		ldr	r3, .L38
 752 00e0 1B6C     		ldr	r3, [r3, #64]
 753 00e2 03F00403 		and	r3, r3, #4
 754 00e6 7B61     		str	r3, [r7, #20]
 755 00e8 7B69     		ldr	r3, [r7, #20]
 756              	.LBE5:
 757              		.loc 1 294 1
 758 00ea 30E0     		b	.L37
 759              	.L36:
 271:Core/Src/tim.c ****   {
 760              		.loc 1 271 25
 761 00ec 7B68     		ldr	r3, [r7, #4]
 762 00ee 1B68     		ldr	r3, [r3]
 271:Core/Src/tim.c ****   {
 763              		.loc 1 271 10
 764 00f0 1D4A     		ldr	r2, .L38+16
 765 00f2 9342     		cmp	r3, r2
 766 00f4 2BD1     		bne	.L37
 767              	.LBB6:
 277:Core/Src/tim.c **** 
 768              		.loc 1 277 5
 769 00f6 0023     		movs	r3, #0
 770 00f8 3B61     		str	r3, [r7, #16]
 771 00fa 174B     		ldr	r3, .L38
 772 00fc 1B6C     		ldr	r3, [r3, #64]
 773 00fe 164A     		ldr	r2, .L38
 774 0100 43F00803 		orr	r3, r3, #8
 775 0104 1364     		str	r3, [r2, #64]
 776 0106 144B     		ldr	r3, .L38
 777 0108 1B6C     		ldr	r3, [r3, #64]
 778 010a 03F00803 		and	r3, r3, #8
 779 010e 3B61     		str	r3, [r7, #16]
ARM GAS  /tmp/cc7OFQ8i.s 			page 20


 780 0110 3B69     		ldr	r3, [r7, #16]
 781              	.LBE6:
 782              	.LBB7:
 279:Core/Src/tim.c ****     /**TIM5 GPIO Configuration
 783              		.loc 1 279 5
 784 0112 0023     		movs	r3, #0
 785 0114 FB60     		str	r3, [r7, #12]
 786 0116 104B     		ldr	r3, .L38
 787 0118 1B6B     		ldr	r3, [r3, #48]
 788 011a 0F4A     		ldr	r2, .L38
 789 011c 43F00103 		orr	r3, r3, #1
 790 0120 1363     		str	r3, [r2, #48]
 791 0122 0D4B     		ldr	r3, .L38
 792 0124 1B6B     		ldr	r3, [r3, #48]
 793 0126 03F00103 		and	r3, r3, #1
 794 012a FB60     		str	r3, [r7, #12]
 795 012c FB68     		ldr	r3, [r7, #12]
 796              	.LBE7:
 283:Core/Src/tim.c ****     GPIO_InitStruct.Mode = GPIO_MODE_AF_PP;
 797              		.loc 1 283 25
 798 012e 0223     		movs	r3, #2
 799 0130 7B62     		str	r3, [r7, #36]
 284:Core/Src/tim.c ****     GPIO_InitStruct.Pull = GPIO_NOPULL;
 800              		.loc 1 284 26
 801 0132 0223     		movs	r3, #2
 802 0134 BB62     		str	r3, [r7, #40]
 285:Core/Src/tim.c ****     GPIO_InitStruct.Speed = GPIO_SPEED_FREQ_LOW;
 803              		.loc 1 285 26
 804 0136 0023     		movs	r3, #0
 805 0138 FB62     		str	r3, [r7, #44]
 286:Core/Src/tim.c ****     GPIO_InitStruct.Alternate = GPIO_AF2_TIM5;
 806              		.loc 1 286 27
 807 013a 0023     		movs	r3, #0
 808 013c 3B63     		str	r3, [r7, #48]
 287:Core/Src/tim.c ****     HAL_GPIO_Init(VAZAO_OUT_GPIO_Port, &GPIO_InitStruct);
 809              		.loc 1 287 31
 810 013e 0223     		movs	r3, #2
 811 0140 7B63     		str	r3, [r7, #52]
 288:Core/Src/tim.c **** 
 812              		.loc 1 288 5
 813 0142 07F12403 		add	r3, r7, #36
 814 0146 1946     		mov	r1, r3
 815 0148 0448     		ldr	r0, .L38+4
 816 014a FFF7FEFF 		bl	HAL_GPIO_Init
 817              	.L37:
 818              		.loc 1 294 1
 819 014e 00BF     		nop
 820 0150 3837     		adds	r7, r7, #56
 821              	.LCFI23:
 822              		.cfi_def_cfa_offset 8
 823 0152 BD46     		mov	sp, r7
 824              	.LCFI24:
 825              		.cfi_def_cfa_register 13
 826              		@ sp needed
 827 0154 80BD     		pop	{r7, pc}
 828              	.L39:
 829 0156 00BF     		.align	2
ARM GAS  /tmp/cc7OFQ8i.s 			page 21


 830              	.L38:
 831 0158 00380240 		.word	1073887232
 832 015c 00000240 		.word	1073872896
 833 0160 00040040 		.word	1073742848
 834 0164 00080040 		.word	1073743872
 835 0168 000C0040 		.word	1073744896
 836              		.cfi_endproc
 837              	.LFE224:
 839              		.section	.text.HAL_TIM_Base_MspDeInit,"ax",%progbits
 840              		.align	1
 841              		.global	HAL_TIM_Base_MspDeInit
 842              		.syntax unified
 843              		.thumb
 844              		.thumb_func
 846              	HAL_TIM_Base_MspDeInit:
 847              	.LFB225:
 295:Core/Src/tim.c **** 
 296:Core/Src/tim.c **** void HAL_TIM_Base_MspDeInit(TIM_HandleTypeDef* tim_baseHandle)
 297:Core/Src/tim.c **** {
 848              		.loc 1 297 1
 849              		.cfi_startproc
 850              		@ args = 0, pretend = 0, frame = 8
 851              		@ frame_needed = 1, uses_anonymous_args = 0
 852 0000 80B5     		push	{r7, lr}
 853              	.LCFI25:
 854              		.cfi_def_cfa_offset 8
 855              		.cfi_offset 7, -8
 856              		.cfi_offset 14, -4
 857 0002 82B0     		sub	sp, sp, #8
 858              	.LCFI26:
 859              		.cfi_def_cfa_offset 16
 860 0004 00AF     		add	r7, sp, #0
 861              	.LCFI27:
 862              		.cfi_def_cfa_register 7
 863 0006 7860     		str	r0, [r7, #4]
 298:Core/Src/tim.c **** 
 299:Core/Src/tim.c ****   if(tim_baseHandle->Instance==TIM2)
 864              		.loc 1 299 20
 865 0008 7B68     		ldr	r3, [r7, #4]
 866 000a 1B68     		ldr	r3, [r3]
 867              		.loc 1 299 5
 868 000c B3F1804F 		cmp	r3, #1073741824
 869 0010 0DD1     		bne	.L41
 300:Core/Src/tim.c ****   {
 301:Core/Src/tim.c ****   /* USER CODE BEGIN TIM2_MspDeInit 0 */
 302:Core/Src/tim.c **** 
 303:Core/Src/tim.c ****   /* USER CODE END TIM2_MspDeInit 0 */
 304:Core/Src/tim.c ****     /* Peripheral clock disable */
 305:Core/Src/tim.c ****     __HAL_RCC_TIM2_CLK_DISABLE();
 870              		.loc 1 305 5
 871 0012 1E4B     		ldr	r3, .L46
 872 0014 1B6C     		ldr	r3, [r3, #64]
 873 0016 1D4A     		ldr	r2, .L46
 874 0018 23F00103 		bic	r3, r3, #1
 875 001c 1364     		str	r3, [r2, #64]
 306:Core/Src/tim.c **** 
 307:Core/Src/tim.c ****     /**TIM2 GPIO Configuration
ARM GAS  /tmp/cc7OFQ8i.s 			page 22


 308:Core/Src/tim.c ****     PA0-WKUP     ------> TIM2_CH1
 309:Core/Src/tim.c ****     */
 310:Core/Src/tim.c ****     HAL_GPIO_DeInit(NIVEL_ECHO_GPIO_Port, NIVEL_ECHO_Pin);
 876              		.loc 1 310 5
 877 001e 0121     		movs	r1, #1
 878 0020 1B48     		ldr	r0, .L46+4
 879 0022 FFF7FEFF 		bl	HAL_GPIO_DeInit
 311:Core/Src/tim.c **** 
 312:Core/Src/tim.c ****     /* TIM2 interrupt Deinit */
 313:Core/Src/tim.c ****     HAL_NVIC_DisableIRQ(TIM2_IRQn);
 880              		.loc 1 313 5
 881 0026 1C20     		movs	r0, #28
 882 0028 FFF7FEFF 		bl	HAL_NVIC_DisableIRQ
 314:Core/Src/tim.c ****   /* USER CODE BEGIN TIM2_MspDeInit 1 */
 315:Core/Src/tim.c **** 
 316:Core/Src/tim.c ****   /* USER CODE END TIM2_MspDeInit 1 */
 317:Core/Src/tim.c ****   }
 318:Core/Src/tim.c ****   else if(tim_baseHandle->Instance==TIM3)
 319:Core/Src/tim.c ****   {
 320:Core/Src/tim.c ****   /* USER CODE BEGIN TIM3_MspDeInit 0 */
 321:Core/Src/tim.c **** 
 322:Core/Src/tim.c ****   /* USER CODE END TIM3_MspDeInit 0 */
 323:Core/Src/tim.c ****     /* Peripheral clock disable */
 324:Core/Src/tim.c ****     __HAL_RCC_TIM3_CLK_DISABLE();
 325:Core/Src/tim.c **** 
 326:Core/Src/tim.c ****     /* TIM3 interrupt Deinit */
 327:Core/Src/tim.c ****     HAL_NVIC_DisableIRQ(TIM3_IRQn);
 328:Core/Src/tim.c ****   /* USER CODE BEGIN TIM3_MspDeInit 1 */
 329:Core/Src/tim.c **** 
 330:Core/Src/tim.c ****   /* USER CODE END TIM3_MspDeInit 1 */
 331:Core/Src/tim.c ****   }
 332:Core/Src/tim.c ****   else if(tim_baseHandle->Instance==TIM4)
 333:Core/Src/tim.c ****   {
 334:Core/Src/tim.c ****   /* USER CODE BEGIN TIM4_MspDeInit 0 */
 335:Core/Src/tim.c **** 
 336:Core/Src/tim.c ****   /* USER CODE END TIM4_MspDeInit 0 */
 337:Core/Src/tim.c ****     /* Peripheral clock disable */
 338:Core/Src/tim.c ****     __HAL_RCC_TIM4_CLK_DISABLE();
 339:Core/Src/tim.c ****   /* USER CODE BEGIN TIM4_MspDeInit 1 */
 340:Core/Src/tim.c **** 
 341:Core/Src/tim.c ****   /* USER CODE END TIM4_MspDeInit 1 */
 342:Core/Src/tim.c ****   }
 343:Core/Src/tim.c ****   else if(tim_baseHandle->Instance==TIM5)
 344:Core/Src/tim.c ****   {
 345:Core/Src/tim.c ****   /* USER CODE BEGIN TIM5_MspDeInit 0 */
 346:Core/Src/tim.c **** 
 347:Core/Src/tim.c ****   /* USER CODE END TIM5_MspDeInit 0 */
 348:Core/Src/tim.c ****     /* Peripheral clock disable */
 349:Core/Src/tim.c ****     __HAL_RCC_TIM5_CLK_DISABLE();
 350:Core/Src/tim.c **** 
 351:Core/Src/tim.c ****     /**TIM5 GPIO Configuration
 352:Core/Src/tim.c ****     PA1     ------> TIM5_CH2
 353:Core/Src/tim.c ****     */
 354:Core/Src/tim.c ****     HAL_GPIO_DeInit(VAZAO_OUT_GPIO_Port, VAZAO_OUT_Pin);
 355:Core/Src/tim.c **** 
 356:Core/Src/tim.c ****   /* USER CODE BEGIN TIM5_MspDeInit 1 */
 357:Core/Src/tim.c **** 
ARM GAS  /tmp/cc7OFQ8i.s 			page 23


 358:Core/Src/tim.c ****   /* USER CODE END TIM5_MspDeInit 1 */
 359:Core/Src/tim.c ****   }
 360:Core/Src/tim.c **** }
 883              		.loc 1 360 1
 884 002c 29E0     		b	.L45
 885              	.L41:
 318:Core/Src/tim.c ****   {
 886              		.loc 1 318 25
 887 002e 7B68     		ldr	r3, [r7, #4]
 888 0030 1B68     		ldr	r3, [r3]
 318:Core/Src/tim.c ****   {
 889              		.loc 1 318 10
 890 0032 184A     		ldr	r2, .L46+8
 891 0034 9342     		cmp	r3, r2
 892 0036 09D1     		bne	.L43
 324:Core/Src/tim.c **** 
 893              		.loc 1 324 5
 894 0038 144B     		ldr	r3, .L46
 895 003a 1B6C     		ldr	r3, [r3, #64]
 896 003c 134A     		ldr	r2, .L46
 897 003e 23F00203 		bic	r3, r3, #2
 898 0042 1364     		str	r3, [r2, #64]
 327:Core/Src/tim.c ****   /* USER CODE BEGIN TIM3_MspDeInit 1 */
 899              		.loc 1 327 5
 900 0044 1D20     		movs	r0, #29
 901 0046 FFF7FEFF 		bl	HAL_NVIC_DisableIRQ
 902              		.loc 1 360 1
 903 004a 1AE0     		b	.L45
 904              	.L43:
 332:Core/Src/tim.c ****   {
 905              		.loc 1 332 25
 906 004c 7B68     		ldr	r3, [r7, #4]
 907 004e 1B68     		ldr	r3, [r3]
 332:Core/Src/tim.c ****   {
 908              		.loc 1 332 10
 909 0050 114A     		ldr	r2, .L46+12
 910 0052 9342     		cmp	r3, r2
 911 0054 06D1     		bne	.L44
 338:Core/Src/tim.c ****   /* USER CODE BEGIN TIM4_MspDeInit 1 */
 912              		.loc 1 338 5
 913 0056 0D4B     		ldr	r3, .L46
 914 0058 1B6C     		ldr	r3, [r3, #64]
 915 005a 0C4A     		ldr	r2, .L46
 916 005c 23F00403 		bic	r3, r3, #4
 917 0060 1364     		str	r3, [r2, #64]
 918              		.loc 1 360 1
 919 0062 0EE0     		b	.L45
 920              	.L44:
 343:Core/Src/tim.c ****   {
 921              		.loc 1 343 25
 922 0064 7B68     		ldr	r3, [r7, #4]
 923 0066 1B68     		ldr	r3, [r3]
 343:Core/Src/tim.c ****   {
 924              		.loc 1 343 10
 925 0068 0C4A     		ldr	r2, .L46+16
 926 006a 9342     		cmp	r3, r2
 927 006c 09D1     		bne	.L45
ARM GAS  /tmp/cc7OFQ8i.s 			page 24


 349:Core/Src/tim.c **** 
 928              		.loc 1 349 5
 929 006e 074B     		ldr	r3, .L46
 930 0070 1B6C     		ldr	r3, [r3, #64]
 931 0072 064A     		ldr	r2, .L46
 932 0074 23F00803 		bic	r3, r3, #8
 933 0078 1364     		str	r3, [r2, #64]
 354:Core/Src/tim.c **** 
 934              		.loc 1 354 5
 935 007a 0221     		movs	r1, #2
 936 007c 0448     		ldr	r0, .L46+4
 937 007e FFF7FEFF 		bl	HAL_GPIO_DeInit
 938              	.L45:
 939              		.loc 1 360 1
 940 0082 00BF     		nop
 941 0084 0837     		adds	r7, r7, #8
 942              	.LCFI28:
 943              		.cfi_def_cfa_offset 8
 944 0086 BD46     		mov	sp, r7
 945              	.LCFI29:
 946              		.cfi_def_cfa_register 13
 947              		@ sp needed
 948 0088 80BD     		pop	{r7, pc}
 949              	.L47:
 950 008a 00BF     		.align	2
 951              	.L46:
 952 008c 00380240 		.word	1073887232
 953 0090 00000240 		.word	1073872896
 954 0094 00040040 		.word	1073742848
 955 0098 00080040 		.word	1073743872
 956 009c 000C0040 		.word	1073744896
 957              		.cfi_endproc
 958              	.LFE225:
 960              		.text
 961              	.Letext0:
 962              		.file 2 "Drivers/CMSIS/Device/ST/STM32F4xx/Include/stm32f411xe.h"
 963              		.file 3 "/home/fabio/arm-gnu-toolchain-15.2.rel1-x86_64-arm-none-eabi/arm-none-eabi/include/machin
 964              		.file 4 "/home/fabio/arm-gnu-toolchain-15.2.rel1-x86_64-arm-none-eabi/arm-none-eabi/include/sys/_s
 965              		.file 5 "Drivers/STM32F4xx_HAL_Driver/Inc/stm32f4xx_hal_def.h"
 966              		.file 6 "Drivers/STM32F4xx_HAL_Driver/Inc/stm32f4xx_hal_gpio.h"
 967              		.file 7 "Drivers/STM32F4xx_HAL_Driver/Inc/stm32f4xx_hal_dma.h"
 968              		.file 8 "Drivers/STM32F4xx_HAL_Driver/Inc/stm32f4xx_hal_tim.h"
 969              		.file 9 "Core/Inc/tim.h"
 970              		.file 10 "Drivers/STM32F4xx_HAL_Driver/Inc/stm32f4xx_hal_cortex.h"
 971              		.file 11 "Drivers/STM32F4xx_HAL_Driver/Inc/stm32f4xx_hal_tim_ex.h"
 972              		.file 12 "Core/Inc/main.h"
ARM GAS  /tmp/cc7OFQ8i.s 			page 25


DEFINED SYMBOLS
                            *ABS*:00000000 tim.c
     /tmp/cc7OFQ8i.s:25     .bss.htim2:00000000 htim2
     /tmp/cc7OFQ8i.s:22     .bss.htim2:00000000 $d
     /tmp/cc7OFQ8i.s:32     .bss.htim3:00000000 htim3
     /tmp/cc7OFQ8i.s:29     .bss.htim3:00000000 $d
     /tmp/cc7OFQ8i.s:39     .bss.htim4:00000000 htim4
     /tmp/cc7OFQ8i.s:36     .bss.htim4:00000000 $d
     /tmp/cc7OFQ8i.s:46     .bss.htim5:00000000 htim5
     /tmp/cc7OFQ8i.s:43     .bss.htim5:00000000 $d
     /tmp/cc7OFQ8i.s:49     .text.MX_TIM2_Init:00000000 $t
     /tmp/cc7OFQ8i.s:55     .text.MX_TIM2_Init:00000000 MX_TIM2_Init
     /tmp/cc7OFQ8i.s:225    .text.MX_TIM2_Init:000000f8 $d
     /tmp/cc7OFQ8i.s:230    .text.MX_TIM3_Init:00000000 $t
     /tmp/cc7OFQ8i.s:236    .text.MX_TIM3_Init:00000000 MX_TIM3_Init
     /tmp/cc7OFQ8i.s:345    .text.MX_TIM3_Init:00000094 $d
     /tmp/cc7OFQ8i.s:351    .text.MX_TIM4_Init:00000000 $t
     /tmp/cc7OFQ8i.s:357    .text.MX_TIM4_Init:00000000 MX_TIM4_Init
     /tmp/cc7OFQ8i.s:466    .text.MX_TIM4_Init:00000094 $d
     /tmp/cc7OFQ8i.s:472    .text.MX_TIM5_Init:00000000 $t
     /tmp/cc7OFQ8i.s:478    .text.MX_TIM5_Init:00000000 MX_TIM5_Init
     /tmp/cc7OFQ8i.s:597    .text.MX_TIM5_Init:000000a0 $d
     /tmp/cc7OFQ8i.s:603    .text.HAL_TIM_Base_MspInit:00000000 $t
     /tmp/cc7OFQ8i.s:609    .text.HAL_TIM_Base_MspInit:00000000 HAL_TIM_Base_MspInit
     /tmp/cc7OFQ8i.s:831    .text.HAL_TIM_Base_MspInit:00000158 $d
     /tmp/cc7OFQ8i.s:840    .text.HAL_TIM_Base_MspDeInit:00000000 $t
     /tmp/cc7OFQ8i.s:846    .text.HAL_TIM_Base_MspDeInit:00000000 HAL_TIM_Base_MspDeInit
     /tmp/cc7OFQ8i.s:952    .text.HAL_TIM_Base_MspDeInit:0000008c $d

UNDEFINED SYMBOLS
HAL_TIM_Base_Init
Error_Handler
HAL_TIM_ConfigClockSource
HAL_TIM_IC_Init
HAL_TIMEx_MasterConfigSynchronization
HAL_TIM_IC_ConfigChannel
HAL_TIM_SlaveConfigSynchro
HAL_GPIO_Init
HAL_NVIC_SetPriority
HAL_NVIC_EnableIRQ
HAL_GPIO_DeInit
HAL_NVIC_DisableIRQ
